2024-07-09T09:51:35.812+05:30  INFO 21536 --- [Springboot_Basics] [main] c.e.S.SpringbootBasicsApplication        : Starting SpringbootBasicsApplication using Java 18.0.1.1 with PID 21536 (C:\Users\ACER\IdeaProjects\Springboot_Basics\target\classes started by ACER in C:\Users\ACER\IdeaProjects\Springboot_Basics)
2024-07-09T09:51:35.824+05:30  INFO 21536 --- [Springboot_Basics] [main] c.e.S.SpringbootBasicsApplication        : No active profile set, falling back to 1 default profile: "default"
2024-07-09T09:51:36.970+05:30  INFO 21536 --- [Springboot_Basics] [main] o.s.b.w.embedded.tomcat.TomcatWebServer  : Tomcat initialized with port 8080 (http)
2024-07-09T09:51:36.983+05:30  INFO 21536 --- [Springboot_Basics] [main] o.apache.catalina.core.StandardService   : Starting service [Tomcat]
2024-07-09T09:51:36.983+05:30  INFO 21536 --- [Springboot_Basics] [main] o.apache.catalina.core.StandardEngine    : Starting Servlet engine: [Apache Tomcat/10.1.25]
2024-07-09T09:51:37.041+05:30  INFO 21536 --- [Springboot_Basics] [main] o.a.c.c.C.[Tomcat].[localhost].[/]       : Initializing Spring embedded WebApplicationContext
2024-07-09T09:51:37.041+05:30  INFO 21536 --- [Springboot_Basics] [main] w.s.c.ServletWebServerApplicationContext : Root WebApplicationContext: initialization completed in 1135 ms
2024-07-09T09:51:37.109+05:30  WARN 21536 --- [Springboot_Basics] [main] ConfigServletWebServerApplicationContext : Exception encountered during context initialization - cancelling refresh attempt: org.springframework.beans.factory.UnsatisfiedDependencyException: Error creating bean with name 'personController' defined in file [C:\Users\ACER\IdeaProjects\Springboot_Basics\target\classes\com\example\Springboot_Basics\JdbcConnectivity\MySqlConnector\controller\PersonController.class]: Unsatisfied dependency expressed through constructor parameter 0: Error creating bean with name 'personService' defined in file [C:\Users\ACER\IdeaProjects\Springboot_Basics\target\classes\com\example\Springboot_Basics\JdbcConnectivity\MySqlConnector\service\PersonService.class]: Unsatisfied dependency expressed through constructor parameter 0: Error creating bean with name 'personRepository' defined in file [C:\Users\ACER\IdeaProjects\Springboot_Basics\target\classes\com\example\Springboot_Basics\JdbcConnectivity\MySqlConnector\repository\PersonRepository.class]: Unsatisfied dependency expressed through constructor parameter 0: No qualifying bean of type 'java.sql.Connection' available: expected at least 1 bean which qualifies as autowire candidate. Dependency annotations: {}
2024-07-09T09:51:37.113+05:30  INFO 21536 --- [Springboot_Basics] [main] o.apache.catalina.core.StandardService   : Stopping service [Tomcat]
2024-07-09T09:51:37.130+05:30  INFO 21536 --- [Springboot_Basics] [main] .s.b.a.l.ConditionEvaluationReportLogger : 

Error starting ApplicationContext. To display the condition evaluation report re-run your application with 'debug' enabled.
2024-07-09T09:51:37.154+05:30 ERROR 21536 --- [Springboot_Basics] [main] o.s.b.d.LoggingFailureAnalysisReporter   : 

***************************
APPLICATION FAILED TO START
***************************

Description:

Parameter 0 of constructor in com.example.Springboot_Basics.JdbcConnectivity.MySqlConnector.repository.PersonRepository required a bean of type 'java.sql.Connection' that could not be found.


Action:

Consider defining a bean of type 'java.sql.Connection' in your configuration.

2024-07-09T09:52:24.142+05:30  INFO 9724 --- [Springboot_Basics] [main] c.e.S.SpringbootBasicsApplication        : Starting SpringbootBasicsApplication using Java 18.0.1.1 with PID 9724 (C:\Users\ACER\IdeaProjects\Springboot_Basics\target\classes started by ACER in C:\Users\ACER\IdeaProjects\Springboot_Basics)
2024-07-09T09:52:24.146+05:30  INFO 9724 --- [Springboot_Basics] [main] c.e.S.SpringbootBasicsApplication        : No active profile set, falling back to 1 default profile: "default"
2024-07-09T09:52:25.281+05:30  INFO 9724 --- [Springboot_Basics] [main] o.s.b.w.embedded.tomcat.TomcatWebServer  : Tomcat initialized with port 8080 (http)
2024-07-09T09:52:25.295+05:30  INFO 9724 --- [Springboot_Basics] [main] o.apache.catalina.core.StandardService   : Starting service [Tomcat]
2024-07-09T09:52:25.295+05:30  INFO 9724 --- [Springboot_Basics] [main] o.apache.catalina.core.StandardEngine    : Starting Servlet engine: [Apache Tomcat/10.1.25]
2024-07-09T09:52:25.363+05:30  INFO 9724 --- [Springboot_Basics] [main] o.a.c.c.C.[Tomcat].[localhost].[/]       : Initializing Spring embedded WebApplicationContext
2024-07-09T09:52:25.364+05:30  INFO 9724 --- [Springboot_Basics] [main] w.s.c.ServletWebServerApplicationContext : Root WebApplicationContext: initialization completed in 1155 ms
2024-07-09T09:52:26.200+05:30  INFO 9724 --- [Springboot_Basics] [main] o.s.b.w.embedded.tomcat.TomcatWebServer  : Tomcat started on port 8080 (http) with context path '/'
2024-07-09T09:52:26.210+05:30  INFO 9724 --- [Springboot_Basics] [main] c.e.S.SpringbootBasicsApplication        : Started SpringbootBasicsApplication in 2.571 seconds (process running for 3.008)
2024-07-09T09:52:36.091+05:30  INFO 9724 --- [Springboot_Basics] [http-nio-8080-exec-1] o.a.c.c.C.[Tomcat].[localhost].[/]       : Initializing Spring DispatcherServlet 'dispatcherServlet'
2024-07-09T09:52:36.091+05:30  INFO 9724 --- [Springboot_Basics] [http-nio-8080-exec-1] o.s.web.servlet.DispatcherServlet        : Initializing Servlet 'dispatcherServlet'
2024-07-09T09:52:36.093+05:30  INFO 9724 --- [Springboot_Basics] [http-nio-8080-exec-1] o.s.web.servlet.DispatcherServlet        : Completed initialization in 1 ms
2024-07-09T10:07:27.431+05:30  INFO 7016 --- [Springboot_Basics] [main] c.e.S.SpringbootBasicsApplication        : Starting SpringbootBasicsApplication using Java 18.0.1.1 with PID 7016 (C:\Users\ACER\IdeaProjects\Springboot_Basics\target\classes started by ACER in C:\Users\ACER\IdeaProjects\Springboot_Basics)
2024-07-09T10:07:27.433+05:30  INFO 7016 --- [Springboot_Basics] [main] c.e.S.SpringbootBasicsApplication        : No active profile set, falling back to 1 default profile: "default"
2024-07-09T10:07:28.333+05:30  INFO 7016 --- [Springboot_Basics] [main] o.s.b.w.embedded.tomcat.TomcatWebServer  : Tomcat initialized with port 8080 (http)
2024-07-09T10:07:28.348+05:30  INFO 7016 --- [Springboot_Basics] [main] o.apache.catalina.core.StandardService   : Starting service [Tomcat]
2024-07-09T10:07:28.348+05:30  INFO 7016 --- [Springboot_Basics] [main] o.apache.catalina.core.StandardEngine    : Starting Servlet engine: [Apache Tomcat/10.1.25]
2024-07-09T10:07:28.403+05:30  INFO 7016 --- [Springboot_Basics] [main] o.a.c.c.C.[Tomcat].[localhost].[/]       : Initializing Spring embedded WebApplicationContext
2024-07-09T10:07:28.403+05:30  INFO 7016 --- [Springboot_Basics] [main] w.s.c.ServletWebServerApplicationContext : Root WebApplicationContext: initialization completed in 924 ms
2024-07-09T10:07:29.056+05:30  INFO 7016 --- [Springboot_Basics] [main] o.s.b.w.embedded.tomcat.TomcatWebServer  : Tomcat started on port 8080 (http) with context path '/'
2024-07-09T10:07:29.063+05:30  INFO 7016 --- [Springboot_Basics] [main] c.e.S.SpringbootBasicsApplication        : Started SpringbootBasicsApplication in 2.065 seconds (process running for 2.402)
2024-07-09T10:07:36.444+05:30  INFO 7016 --- [Springboot_Basics] [http-nio-8080-exec-2] o.a.c.c.C.[Tomcat].[localhost].[/]       : Initializing Spring DispatcherServlet 'dispatcherServlet'
2024-07-09T10:07:36.444+05:30  INFO 7016 --- [Springboot_Basics] [http-nio-8080-exec-2] o.s.web.servlet.DispatcherServlet        : Initializing Servlet 'dispatcherServlet'
2024-07-09T10:07:36.445+05:30  INFO 7016 --- [Springboot_Basics] [http-nio-8080-exec-2] o.s.web.servlet.DispatcherServlet        : Completed initialization in 1 ms
2024-07-09T10:09:39.233+05:30  INFO 20112 --- [Springboot_Basics] [main] c.e.S.SpringbootBasicsApplication        : Starting SpringbootBasicsApplication using Java 18.0.1.1 with PID 20112 (C:\Users\ACER\IdeaProjects\Springboot_Basics\target\classes started by ACER in C:\Users\ACER\IdeaProjects\Springboot_Basics)
2024-07-09T10:09:39.236+05:30  INFO 20112 --- [Springboot_Basics] [main] c.e.S.SpringbootBasicsApplication        : No active profile set, falling back to 1 default profile: "default"
2024-07-09T10:09:40.146+05:30  INFO 20112 --- [Springboot_Basics] [main] o.s.b.w.embedded.tomcat.TomcatWebServer  : Tomcat initialized with port 8080 (http)
2024-07-09T10:09:40.157+05:30  INFO 20112 --- [Springboot_Basics] [main] o.apache.catalina.core.StandardService   : Starting service [Tomcat]
2024-07-09T10:09:40.158+05:30  INFO 20112 --- [Springboot_Basics] [main] o.apache.catalina.core.StandardEngine    : Starting Servlet engine: [Apache Tomcat/10.1.25]
2024-07-09T10:09:40.205+05:30  INFO 20112 --- [Springboot_Basics] [main] o.a.c.c.C.[Tomcat].[localhost].[/]       : Initializing Spring embedded WebApplicationContext
2024-07-09T10:09:40.205+05:30  INFO 20112 --- [Springboot_Basics] [main] w.s.c.ServletWebServerApplicationContext : Root WebApplicationContext: initialization completed in 923 ms
2024-07-09T10:09:40.807+05:30  INFO 20112 --- [Springboot_Basics] [main] o.s.b.w.embedded.tomcat.TomcatWebServer  : Tomcat started on port 8080 (http) with context path '/'
2024-07-09T10:09:40.815+05:30  INFO 20112 --- [Springboot_Basics] [main] c.e.S.SpringbootBasicsApplication        : Started SpringbootBasicsApplication in 1.984 seconds (process running for 2.29)
2024-07-09T10:09:45.779+05:30  INFO 20112 --- [Springboot_Basics] [http-nio-8080-exec-1] o.a.c.c.C.[Tomcat].[localhost].[/]       : Initializing Spring DispatcherServlet 'dispatcherServlet'
2024-07-09T10:09:45.779+05:30  INFO 20112 --- [Springboot_Basics] [http-nio-8080-exec-1] o.s.web.servlet.DispatcherServlet        : Initializing Servlet 'dispatcherServlet'
2024-07-09T10:09:45.780+05:30  INFO 20112 --- [Springboot_Basics] [http-nio-8080-exec-1] o.s.web.servlet.DispatcherServlet        : Completed initialization in 1 ms
2024-07-09T10:09:45.864+05:30 ERROR 20112 --- [Springboot_Basics] [http-nio-8080-exec-1] o.a.c.c.C.[.[.[/].[dispatcherServlet]    : Servlet.service() for servlet [dispatcherServlet] in context with path [] threw exception [Request processing failed: java.lang.IllegalAccessException: Mandatory parameters are null] with root cause

java.lang.IllegalAccessException: Mandatory parameters are null
	at com.example.Springboot_Basics.JdbcConnectivity.MySqlConnector.controller.PersonController.createPerson(PersonController.java:30) ~[classes/:na]
	at java.base/jdk.internal.reflect.DirectMethodHandleAccessor.invoke(DirectMethodHandleAccessor.java:104) ~[na:na]
	at java.base/java.lang.reflect.Method.invoke(Method.java:577) ~[na:na]
	at org.springframework.web.method.support.InvocableHandlerMethod.doInvoke(InvocableHandlerMethod.java:255) ~[spring-web-6.1.10.jar:6.1.10]
	at org.springframework.web.method.support.InvocableHandlerMethod.invokeForRequest(InvocableHandlerMethod.java:188) ~[spring-web-6.1.10.jar:6.1.10]
	at org.springframework.web.servlet.mvc.method.annotation.ServletInvocableHandlerMethod.invokeAndHandle(ServletInvocableHandlerMethod.java:118) ~[spring-webmvc-6.1.10.jar:6.1.10]
	at org.springframework.web.servlet.mvc.method.annotation.RequestMappingHandlerAdapter.invokeHandlerMethod(RequestMappingHandlerAdapter.java:926) ~[spring-webmvc-6.1.10.jar:6.1.10]
	at org.springframework.web.servlet.mvc.method.annotation.RequestMappingHandlerAdapter.handleInternal(RequestMappingHandlerAdapter.java:831) ~[spring-webmvc-6.1.10.jar:6.1.10]
	at org.springframework.web.servlet.mvc.method.AbstractHandlerMethodAdapter.handle(AbstractHandlerMethodAdapter.java:87) ~[spring-webmvc-6.1.10.jar:6.1.10]
	at org.springframework.web.servlet.DispatcherServlet.doDispatch(DispatcherServlet.java:1089) ~[spring-webmvc-6.1.10.jar:6.1.10]
	at org.springframework.web.servlet.DispatcherServlet.doService(DispatcherServlet.java:979) ~[spring-webmvc-6.1.10.jar:6.1.10]
	at org.springframework.web.servlet.FrameworkServlet.processRequest(FrameworkServlet.java:1014) ~[spring-webmvc-6.1.10.jar:6.1.10]
	at org.springframework.web.servlet.FrameworkServlet.doPost(FrameworkServlet.java:914) ~[spring-webmvc-6.1.10.jar:6.1.10]
	at jakarta.servlet.http.HttpServlet.service(HttpServlet.java:590) ~[tomcat-embed-core-10.1.25.jar:6.0]
	at org.springframework.web.servlet.FrameworkServlet.service(FrameworkServlet.java:885) ~[spring-webmvc-6.1.10.jar:6.1.10]
	at jakarta.servlet.http.HttpServlet.service(HttpServlet.java:658) ~[tomcat-embed-core-10.1.25.jar:6.0]
	at org.apache.catalina.core.ApplicationFilterChain.internalDoFilter(ApplicationFilterChain.java:195) ~[tomcat-embed-core-10.1.25.jar:10.1.25]
	at org.apache.catalina.core.ApplicationFilterChain.doFilter(ApplicationFilterChain.java:140) ~[tomcat-embed-core-10.1.25.jar:10.1.25]
	at org.apache.tomcat.websocket.server.WsFilter.doFilter(WsFilter.java:51) ~[tomcat-embed-websocket-10.1.25.jar:10.1.25]
	at org.apache.catalina.core.ApplicationFilterChain.internalDoFilter(ApplicationFilterChain.java:164) ~[tomcat-embed-core-10.1.25.jar:10.1.25]
	at org.apache.catalina.core.ApplicationFilterChain.doFilter(ApplicationFilterChain.java:140) ~[tomcat-embed-core-10.1.25.jar:10.1.25]
	at org.springframework.web.filter.RequestContextFilter.doFilterInternal(RequestContextFilter.java:100) ~[spring-web-6.1.10.jar:6.1.10]
	at org.springframework.web.filter.OncePerRequestFilter.doFilter(OncePerRequestFilter.java:116) ~[spring-web-6.1.10.jar:6.1.10]
	at org.apache.catalina.core.ApplicationFilterChain.internalDoFilter(ApplicationFilterChain.java:164) ~[tomcat-embed-core-10.1.25.jar:10.1.25]
	at org.apache.catalina.core.ApplicationFilterChain.doFilter(ApplicationFilterChain.java:140) ~[tomcat-embed-core-10.1.25.jar:10.1.25]
	at org.springframework.web.filter.FormContentFilter.doFilterInternal(FormContentFilter.java:93) ~[spring-web-6.1.10.jar:6.1.10]
	at org.springframework.web.filter.OncePerRequestFilter.doFilter(OncePerRequestFilter.java:116) ~[spring-web-6.1.10.jar:6.1.10]
	at org.apache.catalina.core.ApplicationFilterChain.internalDoFilter(ApplicationFilterChain.java:164) ~[tomcat-embed-core-10.1.25.jar:10.1.25]
	at org.apache.catalina.core.ApplicationFilterChain.doFilter(ApplicationFilterChain.java:140) ~[tomcat-embed-core-10.1.25.jar:10.1.25]
	at org.springframework.web.filter.CharacterEncodingFilter.doFilterInternal(CharacterEncodingFilter.java:201) ~[spring-web-6.1.10.jar:6.1.10]
	at org.springframework.web.filter.OncePerRequestFilter.doFilter(OncePerRequestFilter.java:116) ~[spring-web-6.1.10.jar:6.1.10]
	at org.apache.catalina.core.ApplicationFilterChain.internalDoFilter(ApplicationFilterChain.java:164) ~[tomcat-embed-core-10.1.25.jar:10.1.25]
	at org.apache.catalina.core.ApplicationFilterChain.doFilter(ApplicationFilterChain.java:140) ~[tomcat-embed-core-10.1.25.jar:10.1.25]
	at org.apache.catalina.core.StandardWrapperValve.invoke(StandardWrapperValve.java:167) ~[tomcat-embed-core-10.1.25.jar:10.1.25]
	at org.apache.catalina.core.StandardContextValve.invoke(StandardContextValve.java:90) ~[tomcat-embed-core-10.1.25.jar:10.1.25]
	at org.apache.catalina.authenticator.AuthenticatorBase.invoke(AuthenticatorBase.java:482) ~[tomcat-embed-core-10.1.25.jar:10.1.25]
	at org.apache.catalina.core.StandardHostValve.invoke(StandardHostValve.java:115) ~[tomcat-embed-core-10.1.25.jar:10.1.25]
	at org.apache.catalina.valves.ErrorReportValve.invoke(ErrorReportValve.java:93) ~[tomcat-embed-core-10.1.25.jar:10.1.25]
	at org.apache.catalina.core.StandardEngineValve.invoke(StandardEngineValve.java:74) ~[tomcat-embed-core-10.1.25.jar:10.1.25]
	at org.apache.catalina.connector.CoyoteAdapter.service(CoyoteAdapter.java:344) ~[tomcat-embed-core-10.1.25.jar:10.1.25]
	at org.apache.coyote.http11.Http11Processor.service(Http11Processor.java:389) ~[tomcat-embed-core-10.1.25.jar:10.1.25]
	at org.apache.coyote.AbstractProcessorLight.process(AbstractProcessorLight.java:63) ~[tomcat-embed-core-10.1.25.jar:10.1.25]
	at org.apache.coyote.AbstractProtocol$ConnectionHandler.process(AbstractProtocol.java:904) ~[tomcat-embed-core-10.1.25.jar:10.1.25]
	at org.apache.tomcat.util.net.NioEndpoint$SocketProcessor.doRun(NioEndpoint.java:1741) ~[tomcat-embed-core-10.1.25.jar:10.1.25]
	at org.apache.tomcat.util.net.SocketProcessorBase.run(SocketProcessorBase.java:52) ~[tomcat-embed-core-10.1.25.jar:10.1.25]
	at org.apache.tomcat.util.threads.ThreadPoolExecutor.runWorker(ThreadPoolExecutor.java:1190) ~[tomcat-embed-core-10.1.25.jar:10.1.25]
	at org.apache.tomcat.util.threads.ThreadPoolExecutor$Worker.run(ThreadPoolExecutor.java:659) ~[tomcat-embed-core-10.1.25.jar:10.1.25]
	at org.apache.tomcat.util.threads.TaskThread$WrappingRunnable.run(TaskThread.java:63) ~[tomcat-embed-core-10.1.25.jar:10.1.25]
	at java.base/java.lang.Thread.run(Thread.java:833) ~[na:na]

2024-07-09T10:18:16.475+05:30  INFO 12140 --- [Springboot_Basics] [main] c.e.S.SpringbootBasicsApplication        : Starting SpringbootBasicsApplication using Java 18.0.1.1 with PID 12140 (C:\Users\ACER\IdeaProjects\Springboot_Basics\target\classes started by ACER in C:\Users\ACER\IdeaProjects\Springboot_Basics)
2024-07-09T10:18:16.478+05:30  INFO 12140 --- [Springboot_Basics] [main] c.e.S.SpringbootBasicsApplication        : No active profile set, falling back to 1 default profile: "default"
2024-07-09T10:18:17.497+05:30  INFO 12140 --- [Springboot_Basics] [main] o.s.b.w.embedded.tomcat.TomcatWebServer  : Tomcat initialized with port 8080 (http)
2024-07-09T10:18:17.513+05:30  INFO 12140 --- [Springboot_Basics] [main] o.apache.catalina.core.StandardService   : Starting service [Tomcat]
2024-07-09T10:18:17.513+05:30  INFO 12140 --- [Springboot_Basics] [main] o.apache.catalina.core.StandardEngine    : Starting Servlet engine: [Apache Tomcat/10.1.25]
2024-07-09T10:18:17.559+05:30  INFO 12140 --- [Springboot_Basics] [main] o.a.c.c.C.[Tomcat].[localhost].[/]       : Initializing Spring embedded WebApplicationContext
2024-07-09T10:18:17.560+05:30  INFO 12140 --- [Springboot_Basics] [main] w.s.c.ServletWebServerApplicationContext : Root WebApplicationContext: initialization completed in 1029 ms
2024-07-09T10:18:18.332+05:30  INFO 12140 --- [Springboot_Basics] [main] o.s.b.w.embedded.tomcat.TomcatWebServer  : Tomcat started on port 8080 (http) with context path '/'
2024-07-09T10:18:18.340+05:30  INFO 12140 --- [Springboot_Basics] [main] c.e.S.SpringbootBasicsApplication        : Started SpringbootBasicsApplication in 2.303 seconds (process running for 2.666)
2024-07-09T10:19:03.407+05:30  INFO 6360 --- [Springboot_Basics] [main] c.e.S.SpringbootBasicsApplication        : Starting SpringbootBasicsApplication using Java 18.0.1.1 with PID 6360 (C:\Users\ACER\IdeaProjects\Springboot_Basics\target\classes started by ACER in C:\Users\ACER\IdeaProjects\Springboot_Basics)
2024-07-09T10:19:03.410+05:30  INFO 6360 --- [Springboot_Basics] [main] c.e.S.SpringbootBasicsApplication        : No active profile set, falling back to 1 default profile: "default"
2024-07-09T10:19:04.293+05:30  INFO 6360 --- [Springboot_Basics] [main] o.s.b.w.embedded.tomcat.TomcatWebServer  : Tomcat initialized with port 8080 (http)
2024-07-09T10:19:04.304+05:30  INFO 6360 --- [Springboot_Basics] [main] o.apache.catalina.core.StandardService   : Starting service [Tomcat]
2024-07-09T10:19:04.304+05:30  INFO 6360 --- [Springboot_Basics] [main] o.apache.catalina.core.StandardEngine    : Starting Servlet engine: [Apache Tomcat/10.1.25]
2024-07-09T10:19:04.354+05:30  INFO 6360 --- [Springboot_Basics] [main] o.a.c.c.C.[Tomcat].[localhost].[/]       : Initializing Spring embedded WebApplicationContext
2024-07-09T10:19:04.355+05:30  INFO 6360 --- [Springboot_Basics] [main] w.s.c.ServletWebServerApplicationContext : Root WebApplicationContext: initialization completed in 893 ms
2024-07-09T10:19:04.955+05:30  INFO 6360 --- [Springboot_Basics] [main] o.s.b.w.embedded.tomcat.TomcatWebServer  : Tomcat started on port 8080 (http) with context path '/'
2024-07-09T10:19:04.962+05:30  INFO 6360 --- [Springboot_Basics] [main] c.e.S.SpringbootBasicsApplication        : Started SpringbootBasicsApplication in 1.936 seconds (process running for 2.256)
2024-07-09T10:19:22.278+05:30  INFO 6360 --- [Springboot_Basics] [http-nio-8080-exec-2] o.a.c.c.C.[Tomcat].[localhost].[/]       : Initializing Spring DispatcherServlet 'dispatcherServlet'
2024-07-09T10:19:22.279+05:30  INFO 6360 --- [Springboot_Basics] [http-nio-8080-exec-2] o.s.web.servlet.DispatcherServlet        : Initializing Servlet 'dispatcherServlet'
2024-07-09T10:19:22.281+05:30  INFO 6360 --- [Springboot_Basics] [http-nio-8080-exec-2] o.s.web.servlet.DispatcherServlet        : Completed initialization in 2 ms
2024-07-09T10:19:22.414+05:30 ERROR 6360 --- [Springboot_Basics] [http-nio-8080-exec-2] o.a.c.c.C.[.[.[/].[dispatcherServlet]    : Servlet.service() for servlet [dispatcherServlet] in context with path [] threw exception [Request processing failed: java.lang.RuntimeException: java.sql.SQLSyntaxErrorException: You have an error in your SQL syntax; check the manual that corresponds to your MySQL server version for the right syntax to use near '{person.getId(), person.getName()})' at line 1] with root cause

java.sql.SQLSyntaxErrorException: You have an error in your SQL syntax; check the manual that corresponds to your MySQL server version for the right syntax to use near '{person.getId(), person.getName()})' at line 1
	at com.mysql.cj.jdbc.exceptions.SQLError.createSQLException(SQLError.java:120) ~[mysql-connector-java-8.0.30.jar:8.0.30]
	at com.mysql.cj.jdbc.exceptions.SQLExceptionsMapping.translateException(SQLExceptionsMapping.java:122) ~[mysql-connector-java-8.0.30.jar:8.0.30]
	at com.mysql.cj.jdbc.StatementImpl.executeUpdateInternal(StatementImpl.java:1334) ~[mysql-connector-java-8.0.30.jar:8.0.30]
	at com.mysql.cj.jdbc.StatementImpl.executeLargeUpdate(StatementImpl.java:2084) ~[mysql-connector-java-8.0.30.jar:8.0.30]
	at com.mysql.cj.jdbc.StatementImpl.executeUpdate(StatementImpl.java:1245) ~[mysql-connector-java-8.0.30.jar:8.0.30]
	at com.example.Springboot_Basics.JdbcConnectivity.MySqlConnector.repository.PersonRepository.createPerson(PersonRepository.java:54) ~[classes/:na]
	at com.example.Springboot_Basics.JdbcConnectivity.MySqlConnector.controller.PersonController.createPerson(PersonController.java:35) ~[classes/:na]
	at java.base/jdk.internal.reflect.DirectMethodHandleAccessor.invoke(DirectMethodHandleAccessor.java:104) ~[na:na]
	at java.base/java.lang.reflect.Method.invoke(Method.java:577) ~[na:na]
	at org.springframework.web.method.support.InvocableHandlerMethod.doInvoke(InvocableHandlerMethod.java:255) ~[spring-web-6.1.10.jar:6.1.10]
	at org.springframework.web.method.support.InvocableHandlerMethod.invokeForRequest(InvocableHandlerMethod.java:188) ~[spring-web-6.1.10.jar:6.1.10]
	at org.springframework.web.servlet.mvc.method.annotation.ServletInvocableHandlerMethod.invokeAndHandle(ServletInvocableHandlerMethod.java:118) ~[spring-webmvc-6.1.10.jar:6.1.10]
	at org.springframework.web.servlet.mvc.method.annotation.RequestMappingHandlerAdapter.invokeHandlerMethod(RequestMappingHandlerAdapter.java:926) ~[spring-webmvc-6.1.10.jar:6.1.10]
	at org.springframework.web.servlet.mvc.method.annotation.RequestMappingHandlerAdapter.handleInternal(RequestMappingHandlerAdapter.java:831) ~[spring-webmvc-6.1.10.jar:6.1.10]
	at org.springframework.web.servlet.mvc.method.AbstractHandlerMethodAdapter.handle(AbstractHandlerMethodAdapter.java:87) ~[spring-webmvc-6.1.10.jar:6.1.10]
	at org.springframework.web.servlet.DispatcherServlet.doDispatch(DispatcherServlet.java:1089) ~[spring-webmvc-6.1.10.jar:6.1.10]
	at org.springframework.web.servlet.DispatcherServlet.doService(DispatcherServlet.java:979) ~[spring-webmvc-6.1.10.jar:6.1.10]
	at org.springframework.web.servlet.FrameworkServlet.processRequest(FrameworkServlet.java:1014) ~[spring-webmvc-6.1.10.jar:6.1.10]
	at org.springframework.web.servlet.FrameworkServlet.doPost(FrameworkServlet.java:914) ~[spring-webmvc-6.1.10.jar:6.1.10]
	at jakarta.servlet.http.HttpServlet.service(HttpServlet.java:590) ~[tomcat-embed-core-10.1.25.jar:6.0]
	at org.springframework.web.servlet.FrameworkServlet.service(FrameworkServlet.java:885) ~[spring-webmvc-6.1.10.jar:6.1.10]
	at jakarta.servlet.http.HttpServlet.service(HttpServlet.java:658) ~[tomcat-embed-core-10.1.25.jar:6.0]
	at org.apache.catalina.core.ApplicationFilterChain.internalDoFilter(ApplicationFilterChain.java:195) ~[tomcat-embed-core-10.1.25.jar:10.1.25]
	at org.apache.catalina.core.ApplicationFilterChain.doFilter(ApplicationFilterChain.java:140) ~[tomcat-embed-core-10.1.25.jar:10.1.25]
	at org.apache.tomcat.websocket.server.WsFilter.doFilter(WsFilter.java:51) ~[tomcat-embed-websocket-10.1.25.jar:10.1.25]
	at org.apache.catalina.core.ApplicationFilterChain.internalDoFilter(ApplicationFilterChain.java:164) ~[tomcat-embed-core-10.1.25.jar:10.1.25]
	at org.apache.catalina.core.ApplicationFilterChain.doFilter(ApplicationFilterChain.java:140) ~[tomcat-embed-core-10.1.25.jar:10.1.25]
	at org.springframework.web.filter.RequestContextFilter.doFilterInternal(RequestContextFilter.java:100) ~[spring-web-6.1.10.jar:6.1.10]
	at org.springframework.web.filter.OncePerRequestFilter.doFilter(OncePerRequestFilter.java:116) ~[spring-web-6.1.10.jar:6.1.10]
	at org.apache.catalina.core.ApplicationFilterChain.internalDoFilter(ApplicationFilterChain.java:164) ~[tomcat-embed-core-10.1.25.jar:10.1.25]
	at org.apache.catalina.core.ApplicationFilterChain.doFilter(ApplicationFilterChain.java:140) ~[tomcat-embed-core-10.1.25.jar:10.1.25]
	at org.springframework.web.filter.FormContentFilter.doFilterInternal(FormContentFilter.java:93) ~[spring-web-6.1.10.jar:6.1.10]
	at org.springframework.web.filter.OncePerRequestFilter.doFilter(OncePerRequestFilter.java:116) ~[spring-web-6.1.10.jar:6.1.10]
	at org.apache.catalina.core.ApplicationFilterChain.internalDoFilter(ApplicationFilterChain.java:164) ~[tomcat-embed-core-10.1.25.jar:10.1.25]
	at org.apache.catalina.core.ApplicationFilterChain.doFilter(ApplicationFilterChain.java:140) ~[tomcat-embed-core-10.1.25.jar:10.1.25]
	at org.springframework.web.filter.CharacterEncodingFilter.doFilterInternal(CharacterEncodingFilter.java:201) ~[spring-web-6.1.10.jar:6.1.10]
	at org.springframework.web.filter.OncePerRequestFilter.doFilter(OncePerRequestFilter.java:116) ~[spring-web-6.1.10.jar:6.1.10]
	at org.apache.catalina.core.ApplicationFilterChain.internalDoFilter(ApplicationFilterChain.java:164) ~[tomcat-embed-core-10.1.25.jar:10.1.25]
	at org.apache.catalina.core.ApplicationFilterChain.doFilter(ApplicationFilterChain.java:140) ~[tomcat-embed-core-10.1.25.jar:10.1.25]
	at org.apache.catalina.core.StandardWrapperValve.invoke(StandardWrapperValve.java:167) ~[tomcat-embed-core-10.1.25.jar:10.1.25]
	at org.apache.catalina.core.StandardContextValve.invoke(StandardContextValve.java:90) ~[tomcat-embed-core-10.1.25.jar:10.1.25]
	at org.apache.catalina.authenticator.AuthenticatorBase.invoke(AuthenticatorBase.java:482) ~[tomcat-embed-core-10.1.25.jar:10.1.25]
	at org.apache.catalina.core.StandardHostValve.invoke(StandardHostValve.java:115) ~[tomcat-embed-core-10.1.25.jar:10.1.25]
	at org.apache.catalina.valves.ErrorReportValve.invoke(ErrorReportValve.java:93) ~[tomcat-embed-core-10.1.25.jar:10.1.25]
	at org.apache.catalina.core.StandardEngineValve.invoke(StandardEngineValve.java:74) ~[tomcat-embed-core-10.1.25.jar:10.1.25]
	at org.apache.catalina.connector.CoyoteAdapter.service(CoyoteAdapter.java:344) ~[tomcat-embed-core-10.1.25.jar:10.1.25]
	at org.apache.coyote.http11.Http11Processor.service(Http11Processor.java:389) ~[tomcat-embed-core-10.1.25.jar:10.1.25]
	at org.apache.coyote.AbstractProcessorLight.process(AbstractProcessorLight.java:63) ~[tomcat-embed-core-10.1.25.jar:10.1.25]
	at org.apache.coyote.AbstractProtocol$ConnectionHandler.process(AbstractProtocol.java:904) ~[tomcat-embed-core-10.1.25.jar:10.1.25]
	at org.apache.tomcat.util.net.NioEndpoint$SocketProcessor.doRun(NioEndpoint.java:1741) ~[tomcat-embed-core-10.1.25.jar:10.1.25]
	at org.apache.tomcat.util.net.SocketProcessorBase.run(SocketProcessorBase.java:52) ~[tomcat-embed-core-10.1.25.jar:10.1.25]
	at org.apache.tomcat.util.threads.ThreadPoolExecutor.runWorker(ThreadPoolExecutor.java:1190) ~[tomcat-embed-core-10.1.25.jar:10.1.25]
	at org.apache.tomcat.util.threads.ThreadPoolExecutor$Worker.run(ThreadPoolExecutor.java:659) ~[tomcat-embed-core-10.1.25.jar:10.1.25]
	at org.apache.tomcat.util.threads.TaskThread$WrappingRunnable.run(TaskThread.java:63) ~[tomcat-embed-core-10.1.25.jar:10.1.25]
	at java.base/java.lang.Thread.run(Thread.java:833) ~[na:na]

2024-07-09T10:21:57.090+05:30  INFO 5980 --- [Springboot_Basics] [main] c.e.S.SpringbootBasicsApplication        : Starting SpringbootBasicsApplication using Java 18.0.1.1 with PID 5980 (C:\Users\ACER\IdeaProjects\Springboot_Basics\target\classes started by ACER in C:\Users\ACER\IdeaProjects\Springboot_Basics)
2024-07-09T10:21:57.094+05:30  INFO 5980 --- [Springboot_Basics] [main] c.e.S.SpringbootBasicsApplication        : No active profile set, falling back to 1 default profile: "default"
2024-07-09T10:21:58.247+05:30  INFO 5980 --- [Springboot_Basics] [main] o.s.b.w.embedded.tomcat.TomcatWebServer  : Tomcat initialized with port 8080 (http)
2024-07-09T10:21:58.260+05:30  INFO 5980 --- [Springboot_Basics] [main] o.apache.catalina.core.StandardService   : Starting service [Tomcat]
2024-07-09T10:21:58.260+05:30  INFO 5980 --- [Springboot_Basics] [main] o.apache.catalina.core.StandardEngine    : Starting Servlet engine: [Apache Tomcat/10.1.25]
2024-07-09T10:21:58.308+05:30  INFO 5980 --- [Springboot_Basics] [main] o.a.c.c.C.[Tomcat].[localhost].[/]       : Initializing Spring embedded WebApplicationContext
2024-07-09T10:21:58.309+05:30  INFO 5980 --- [Springboot_Basics] [main] w.s.c.ServletWebServerApplicationContext : Root WebApplicationContext: initialization completed in 1144 ms
2024-07-09T10:21:59.012+05:30  INFO 5980 --- [Springboot_Basics] [main] o.s.b.w.embedded.tomcat.TomcatWebServer  : Tomcat started on port 8080 (http) with context path '/'
2024-07-09T10:21:59.020+05:30  INFO 5980 --- [Springboot_Basics] [main] c.e.S.SpringbootBasicsApplication        : Started SpringbootBasicsApplication in 2.443 seconds (process running for 2.863)
2024-07-09T10:22:11.310+05:30  INFO 5980 --- [Springboot_Basics] [http-nio-8080-exec-3] o.a.c.c.C.[Tomcat].[localhost].[/]       : Initializing Spring DispatcherServlet 'dispatcherServlet'
2024-07-09T10:22:11.311+05:30  INFO 5980 --- [Springboot_Basics] [http-nio-8080-exec-3] o.s.web.servlet.DispatcherServlet        : Initializing Servlet 'dispatcherServlet'
2024-07-09T10:22:11.311+05:30  INFO 5980 --- [Springboot_Basics] [http-nio-8080-exec-3] o.s.web.servlet.DispatcherServlet        : Completed initialization in 0 ms
2024-07-09T10:23:09.912+05:30  INFO 24400 --- [Springboot_Basics] [main] c.e.S.SpringbootBasicsApplication        : Starting SpringbootBasicsApplication using Java 18.0.1.1 with PID 24400 (C:\Users\ACER\IdeaProjects\Springboot_Basics\target\classes started by ACER in C:\Users\ACER\IdeaProjects\Springboot_Basics)
2024-07-09T10:23:09.917+05:30  INFO 24400 --- [Springboot_Basics] [main] c.e.S.SpringbootBasicsApplication        : No active profile set, falling back to 1 default profile: "default"
2024-07-09T10:23:11.075+05:30  INFO 24400 --- [Springboot_Basics] [main] o.s.b.w.embedded.tomcat.TomcatWebServer  : Tomcat initialized with port 8080 (http)
2024-07-09T10:23:11.091+05:30  INFO 24400 --- [Springboot_Basics] [main] o.apache.catalina.core.StandardService   : Starting service [Tomcat]
2024-07-09T10:23:11.092+05:30  INFO 24400 --- [Springboot_Basics] [main] o.apache.catalina.core.StandardEngine    : Starting Servlet engine: [Apache Tomcat/10.1.25]
2024-07-09T10:23:11.155+05:30  INFO 24400 --- [Springboot_Basics] [main] o.a.c.c.C.[Tomcat].[localhost].[/]       : Initializing Spring embedded WebApplicationContext
2024-07-09T10:23:11.155+05:30  INFO 24400 --- [Springboot_Basics] [main] w.s.c.ServletWebServerApplicationContext : Root WebApplicationContext: initialization completed in 1170 ms
2024-07-09T10:23:11.889+05:30  INFO 24400 --- [Springboot_Basics] [main] o.s.b.w.embedded.tomcat.TomcatWebServer  : Tomcat started on port 8080 (http) with context path '/'
2024-07-09T10:23:11.900+05:30  INFO 24400 --- [Springboot_Basics] [main] c.e.S.SpringbootBasicsApplication        : Started SpringbootBasicsApplication in 2.53 seconds (process running for 2.964)
2024-07-09T10:23:16.354+05:30  INFO 24400 --- [Springboot_Basics] [http-nio-8080-exec-2] o.a.c.c.C.[Tomcat].[localhost].[/]       : Initializing Spring DispatcherServlet 'dispatcherServlet'
2024-07-09T10:23:16.354+05:30  INFO 24400 --- [Springboot_Basics] [http-nio-8080-exec-2] o.s.web.servlet.DispatcherServlet        : Initializing Servlet 'dispatcherServlet'
2024-07-09T10:23:16.356+05:30  INFO 24400 --- [Springboot_Basics] [http-nio-8080-exec-2] o.s.web.servlet.DispatcherServlet        : Completed initialization in 0 ms
2024-07-09T10:38:46.235+05:30  INFO 12240 --- [Springboot_Basics] [main] c.e.S.SpringbootBasicsApplication        : Starting SpringbootBasicsApplication using Java 18.0.1.1 with PID 12240 (C:\Users\ACER\IdeaProjects\Springboot_Basics\target\classes started by ACER in C:\Users\ACER\IdeaProjects\Springboot_Basics)
2024-07-09T10:38:46.238+05:30  INFO 12240 --- [Springboot_Basics] [main] c.e.S.SpringbootBasicsApplication        : No active profile set, falling back to 1 default profile: "default"
2024-07-09T10:38:47.124+05:30  INFO 12240 --- [Springboot_Basics] [main] o.s.b.w.embedded.tomcat.TomcatWebServer  : Tomcat initialized with port 8080 (http)
2024-07-09T10:38:47.136+05:30  INFO 12240 --- [Springboot_Basics] [main] o.apache.catalina.core.StandardService   : Starting service [Tomcat]
2024-07-09T10:38:47.136+05:30  INFO 12240 --- [Springboot_Basics] [main] o.apache.catalina.core.StandardEngine    : Starting Servlet engine: [Apache Tomcat/10.1.25]
2024-07-09T10:38:47.182+05:30  INFO 12240 --- [Springboot_Basics] [main] o.a.c.c.C.[Tomcat].[localhost].[/]       : Initializing Spring embedded WebApplicationContext
2024-07-09T10:38:47.183+05:30  INFO 12240 --- [Springboot_Basics] [main] w.s.c.ServletWebServerApplicationContext : Root WebApplicationContext: initialization completed in 899 ms
2024-07-09T10:38:47.802+05:30  INFO 12240 --- [Springboot_Basics] [main] o.s.b.w.embedded.tomcat.TomcatWebServer  : Tomcat started on port 8080 (http) with context path '/'
2024-07-09T10:38:47.810+05:30  INFO 12240 --- [Springboot_Basics] [main] c.e.S.SpringbootBasicsApplication        : Started SpringbootBasicsApplication in 1.959 seconds (process running for 2.305)
2024-07-09T10:38:55.333+05:30  INFO 12240 --- [Springboot_Basics] [http-nio-8080-exec-1] o.a.c.c.C.[Tomcat].[localhost].[/]       : Initializing Spring DispatcherServlet 'dispatcherServlet'
2024-07-09T10:38:55.334+05:30  INFO 12240 --- [Springboot_Basics] [http-nio-8080-exec-1] o.s.web.servlet.DispatcherServlet        : Initializing Servlet 'dispatcherServlet'
2024-07-09T10:38:55.334+05:30  INFO 12240 --- [Springboot_Basics] [http-nio-8080-exec-1] o.s.web.servlet.DispatcherServlet        : Completed initialization in 0 ms
2024-07-09T14:54:32.716+05:30  INFO 1356 --- [Springboot_Basics] [main] c.e.S.SpringbootBasicsApplication        : Starting SpringbootBasicsApplication using Java 18.0.1.1 with PID 1356 (C:\Users\ACER\IdeaProjects\Springboot_Basics\target\classes started by ACER in C:\Users\ACER\IdeaProjects\Springboot_Basics)
2024-07-09T14:54:32.720+05:30  INFO 1356 --- [Springboot_Basics] [main] c.e.S.SpringbootBasicsApplication        : No active profile set, falling back to 1 default profile: "default"
2024-07-09T14:54:32.967+05:30  WARN 1356 --- [Springboot_Basics] [main] ConfigServletWebServerApplicationContext : Exception encountered during context initialization - cancelling refresh attempt: org.springframework.beans.factory.BeanDefinitionStoreException: Failed to parse configuration class [com.example.Springboot_Basics.SpringbootBasicsApplication]
2024-07-09T14:54:33.049+05:30 ERROR 1356 --- [Springboot_Basics] [main] o.s.boot.SpringApplication               : Application run failed

org.springframework.beans.factory.BeanDefinitionStoreException: Failed to parse configuration class [com.example.Springboot_Basics.SpringbootBasicsApplication]
	at org.springframework.context.annotation.ConfigurationClassParser.parse(ConfigurationClassParser.java:179) ~[spring-context-6.1.10.jar:6.1.10]
	at org.springframework.context.annotation.ConfigurationClassPostProcessor.processConfigBeanDefinitions(ConfigurationClassPostProcessor.java:417) ~[spring-context-6.1.10.jar:6.1.10]
	at org.springframework.context.annotation.ConfigurationClassPostProcessor.postProcessBeanDefinitionRegistry(ConfigurationClassPostProcessor.java:290) ~[spring-context-6.1.10.jar:6.1.10]
	at org.springframework.context.support.PostProcessorRegistrationDelegate.invokeBeanDefinitionRegistryPostProcessors(PostProcessorRegistrationDelegate.java:349) ~[spring-context-6.1.10.jar:6.1.10]
	at org.springframework.context.support.PostProcessorRegistrationDelegate.invokeBeanFactoryPostProcessors(PostProcessorRegistrationDelegate.java:118) ~[spring-context-6.1.10.jar:6.1.10]
	at org.springframework.context.support.AbstractApplicationContext.invokeBeanFactoryPostProcessors(AbstractApplicationContext.java:788) ~[spring-context-6.1.10.jar:6.1.10]
	at org.springframework.context.support.AbstractApplicationContext.refresh(AbstractApplicationContext.java:606) ~[spring-context-6.1.10.jar:6.1.10]
	at org.springframework.boot.web.servlet.context.ServletWebServerApplicationContext.refresh(ServletWebServerApplicationContext.java:146) ~[spring-boot-3.3.1.jar:3.3.1]
	at org.springframework.boot.SpringApplication.refresh(SpringApplication.java:754) ~[spring-boot-3.3.1.jar:3.3.1]
	at org.springframework.boot.SpringApplication.refreshContext(SpringApplication.java:456) ~[spring-boot-3.3.1.jar:3.3.1]
	at org.springframework.boot.SpringApplication.run(SpringApplication.java:335) ~[spring-boot-3.3.1.jar:3.3.1]
	at org.springframework.boot.SpringApplication.run(SpringApplication.java:1363) ~[spring-boot-3.3.1.jar:3.3.1]
	at org.springframework.boot.SpringApplication.run(SpringApplication.java:1352) ~[spring-boot-3.3.1.jar:3.3.1]
	at com.example.Springboot_Basics.SpringbootBasicsApplication.main(SpringbootBasicsApplication.java:10) ~[classes/:na]
Caused by: org.springframework.context.annotation.ConflictingBeanDefinitionException: Annotation-specified bean name 'dbBean' for bean class [com.example.Springboot_Basics.JdbcConnectivity.SpringJdbc.DbBean] conflicts with existing, non-compatible bean definition of same name and class [com.example.Springboot_Basics.JdbcConnectivity.MySqlConnector.DbBean]
	at org.springframework.context.annotation.ClassPathBeanDefinitionScanner.checkCandidate(ClassPathBeanDefinitionScanner.java:361) ~[spring-context-6.1.10.jar:6.1.10]
	at org.springframework.context.annotation.ClassPathBeanDefinitionScanner.doScan(ClassPathBeanDefinitionScanner.java:288) ~[spring-context-6.1.10.jar:6.1.10]
	at org.springframework.context.annotation.ComponentScanAnnotationParser.parse(ComponentScanAnnotationParser.java:128) ~[spring-context-6.1.10.jar:6.1.10]
	at org.springframework.context.annotation.ConfigurationClassParser.doProcessConfigurationClass(ConfigurationClassParser.java:306) ~[spring-context-6.1.10.jar:6.1.10]
	at org.springframework.context.annotation.ConfigurationClassParser.processConfigurationClass(ConfigurationClassParser.java:246) ~[spring-context-6.1.10.jar:6.1.10]
	at org.springframework.context.annotation.ConfigurationClassParser.parse(ConfigurationClassParser.java:197) ~[spring-context-6.1.10.jar:6.1.10]
	at org.springframework.context.annotation.ConfigurationClassParser.parse(ConfigurationClassParser.java:165) ~[spring-context-6.1.10.jar:6.1.10]
	... 13 common frames omitted

2024-07-09T14:56:16.560+05:30  INFO 19704 --- [Springboot_Basics] [main] c.e.S.SpringbootBasicsApplication        : Starting SpringbootBasicsApplication using Java 18.0.1.1 with PID 19704 (C:\Users\ACER\IdeaProjects\Springboot_Basics\target\classes started by ACER in C:\Users\ACER\IdeaProjects\Springboot_Basics)
2024-07-09T14:56:16.563+05:30  INFO 19704 --- [Springboot_Basics] [main] c.e.S.SpringbootBasicsApplication        : No active profile set, falling back to 1 default profile: "default"
2024-07-09T14:56:16.799+05:30  WARN 19704 --- [Springboot_Basics] [main] ConfigServletWebServerApplicationContext : Exception encountered during context initialization - cancelling refresh attempt: org.springframework.beans.factory.BeanDefinitionStoreException: Failed to parse configuration class [com.example.Springboot_Basics.SpringbootBasicsApplication]
2024-07-09T14:56:16.877+05:30 ERROR 19704 --- [Springboot_Basics] [main] o.s.boot.SpringApplication               : Application run failed

org.springframework.beans.factory.BeanDefinitionStoreException: Failed to parse configuration class [com.example.Springboot_Basics.SpringbootBasicsApplication]
	at org.springframework.context.annotation.ConfigurationClassParser.parse(ConfigurationClassParser.java:179) ~[spring-context-6.1.10.jar:6.1.10]
	at org.springframework.context.annotation.ConfigurationClassPostProcessor.processConfigBeanDefinitions(ConfigurationClassPostProcessor.java:417) ~[spring-context-6.1.10.jar:6.1.10]
	at org.springframework.context.annotation.ConfigurationClassPostProcessor.postProcessBeanDefinitionRegistry(ConfigurationClassPostProcessor.java:290) ~[spring-context-6.1.10.jar:6.1.10]
	at org.springframework.context.support.PostProcessorRegistrationDelegate.invokeBeanDefinitionRegistryPostProcessors(PostProcessorRegistrationDelegate.java:349) ~[spring-context-6.1.10.jar:6.1.10]
	at org.springframework.context.support.PostProcessorRegistrationDelegate.invokeBeanFactoryPostProcessors(PostProcessorRegistrationDelegate.java:118) ~[spring-context-6.1.10.jar:6.1.10]
	at org.springframework.context.support.AbstractApplicationContext.invokeBeanFactoryPostProcessors(AbstractApplicationContext.java:788) ~[spring-context-6.1.10.jar:6.1.10]
	at org.springframework.context.support.AbstractApplicationContext.refresh(AbstractApplicationContext.java:606) ~[spring-context-6.1.10.jar:6.1.10]
	at org.springframework.boot.web.servlet.context.ServletWebServerApplicationContext.refresh(ServletWebServerApplicationContext.java:146) ~[spring-boot-3.3.1.jar:3.3.1]
	at org.springframework.boot.SpringApplication.refresh(SpringApplication.java:754) ~[spring-boot-3.3.1.jar:3.3.1]
	at org.springframework.boot.SpringApplication.refreshContext(SpringApplication.java:456) ~[spring-boot-3.3.1.jar:3.3.1]
	at org.springframework.boot.SpringApplication.run(SpringApplication.java:335) ~[spring-boot-3.3.1.jar:3.3.1]
	at org.springframework.boot.SpringApplication.run(SpringApplication.java:1363) ~[spring-boot-3.3.1.jar:3.3.1]
	at org.springframework.boot.SpringApplication.run(SpringApplication.java:1352) ~[spring-boot-3.3.1.jar:3.3.1]
	at com.example.Springboot_Basics.SpringbootBasicsApplication.main(SpringbootBasicsApplication.java:10) ~[classes/:na]
Caused by: org.springframework.context.annotation.ConflictingBeanDefinitionException: Annotation-specified bean name 'dbBean' for bean class [com.example.Springboot_Basics.JdbcConnectivity.SpringJdbc.DbBean] conflicts with existing, non-compatible bean definition of same name and class [com.example.Springboot_Basics.JdbcConnectivity.MySqlConnector.DbBean]
	at org.springframework.context.annotation.ClassPathBeanDefinitionScanner.checkCandidate(ClassPathBeanDefinitionScanner.java:361) ~[spring-context-6.1.10.jar:6.1.10]
	at org.springframework.context.annotation.ClassPathBeanDefinitionScanner.doScan(ClassPathBeanDefinitionScanner.java:288) ~[spring-context-6.1.10.jar:6.1.10]
	at org.springframework.context.annotation.ComponentScanAnnotationParser.parse(ComponentScanAnnotationParser.java:128) ~[spring-context-6.1.10.jar:6.1.10]
	at org.springframework.context.annotation.ConfigurationClassParser.doProcessConfigurationClass(ConfigurationClassParser.java:306) ~[spring-context-6.1.10.jar:6.1.10]
	at org.springframework.context.annotation.ConfigurationClassParser.processConfigurationClass(ConfigurationClassParser.java:246) ~[spring-context-6.1.10.jar:6.1.10]
	at org.springframework.context.annotation.ConfigurationClassParser.parse(ConfigurationClassParser.java:197) ~[spring-context-6.1.10.jar:6.1.10]
	at org.springframework.context.annotation.ConfigurationClassParser.parse(ConfigurationClassParser.java:165) ~[spring-context-6.1.10.jar:6.1.10]
	... 13 common frames omitted

2024-07-09T14:57:53.337+05:30  INFO 15464 --- [Springboot_Basics] [main] c.e.S.SpringbootBasicsApplication        : Starting SpringbootBasicsApplication using Java 18.0.1.1 with PID 15464 (C:\Users\ACER\IdeaProjects\Springboot_Basics\target\classes started by ACER in C:\Users\ACER\IdeaProjects\Springboot_Basics)
2024-07-09T14:57:53.340+05:30  INFO 15464 --- [Springboot_Basics] [main] c.e.S.SpringbootBasicsApplication        : No active profile set, falling back to 1 default profile: "default"
2024-07-09T14:57:53.560+05:30  WARN 15464 --- [Springboot_Basics] [main] ConfigServletWebServerApplicationContext : Exception encountered during context initialization - cancelling refresh attempt: org.springframework.beans.factory.BeanDefinitionStoreException: Failed to parse configuration class [com.example.Springboot_Basics.SpringbootBasicsApplication]
2024-07-09T14:57:53.619+05:30 ERROR 15464 --- [Springboot_Basics] [main] o.s.boot.SpringApplication               : Application run failed

org.springframework.beans.factory.BeanDefinitionStoreException: Failed to parse configuration class [com.example.Springboot_Basics.SpringbootBasicsApplication]
	at org.springframework.context.annotation.ConfigurationClassParser.parse(ConfigurationClassParser.java:179) ~[spring-context-6.1.10.jar:6.1.10]
	at org.springframework.context.annotation.ConfigurationClassPostProcessor.processConfigBeanDefinitions(ConfigurationClassPostProcessor.java:417) ~[spring-context-6.1.10.jar:6.1.10]
	at org.springframework.context.annotation.ConfigurationClassPostProcessor.postProcessBeanDefinitionRegistry(ConfigurationClassPostProcessor.java:290) ~[spring-context-6.1.10.jar:6.1.10]
	at org.springframework.context.support.PostProcessorRegistrationDelegate.invokeBeanDefinitionRegistryPostProcessors(PostProcessorRegistrationDelegate.java:349) ~[spring-context-6.1.10.jar:6.1.10]
	at org.springframework.context.support.PostProcessorRegistrationDelegate.invokeBeanFactoryPostProcessors(PostProcessorRegistrationDelegate.java:118) ~[spring-context-6.1.10.jar:6.1.10]
	at org.springframework.context.support.AbstractApplicationContext.invokeBeanFactoryPostProcessors(AbstractApplicationContext.java:788) ~[spring-context-6.1.10.jar:6.1.10]
	at org.springframework.context.support.AbstractApplicationContext.refresh(AbstractApplicationContext.java:606) ~[spring-context-6.1.10.jar:6.1.10]
	at org.springframework.boot.web.servlet.context.ServletWebServerApplicationContext.refresh(ServletWebServerApplicationContext.java:146) ~[spring-boot-3.3.1.jar:3.3.1]
	at org.springframework.boot.SpringApplication.refresh(SpringApplication.java:754) ~[spring-boot-3.3.1.jar:3.3.1]
	at org.springframework.boot.SpringApplication.refreshContext(SpringApplication.java:456) ~[spring-boot-3.3.1.jar:3.3.1]
	at org.springframework.boot.SpringApplication.run(SpringApplication.java:335) ~[spring-boot-3.3.1.jar:3.3.1]
	at org.springframework.boot.SpringApplication.run(SpringApplication.java:1363) ~[spring-boot-3.3.1.jar:3.3.1]
	at org.springframework.boot.SpringApplication.run(SpringApplication.java:1352) ~[spring-boot-3.3.1.jar:3.3.1]
	at com.example.Springboot_Basics.SpringbootBasicsApplication.main(SpringbootBasicsApplication.java:10) ~[classes/:na]
Caused by: org.springframework.context.annotation.ConflictingBeanDefinitionException: Annotation-specified bean name 'dbBean' for bean class [com.example.Springboot_Basics.JdbcConnectivity.SpringJdbc.DbBean] conflicts with existing, non-compatible bean definition of same name and class [com.example.Springboot_Basics.JdbcConnectivity.MySqlConnector.DbBean]
	at org.springframework.context.annotation.ClassPathBeanDefinitionScanner.checkCandidate(ClassPathBeanDefinitionScanner.java:361) ~[spring-context-6.1.10.jar:6.1.10]
	at org.springframework.context.annotation.ClassPathBeanDefinitionScanner.doScan(ClassPathBeanDefinitionScanner.java:288) ~[spring-context-6.1.10.jar:6.1.10]
	at org.springframework.context.annotation.ComponentScanAnnotationParser.parse(ComponentScanAnnotationParser.java:128) ~[spring-context-6.1.10.jar:6.1.10]
	at org.springframework.context.annotation.ConfigurationClassParser.doProcessConfigurationClass(ConfigurationClassParser.java:306) ~[spring-context-6.1.10.jar:6.1.10]
	at org.springframework.context.annotation.ConfigurationClassParser.processConfigurationClass(ConfigurationClassParser.java:246) ~[spring-context-6.1.10.jar:6.1.10]
	at org.springframework.context.annotation.ConfigurationClassParser.parse(ConfigurationClassParser.java:197) ~[spring-context-6.1.10.jar:6.1.10]
	at org.springframework.context.annotation.ConfigurationClassParser.parse(ConfigurationClassParser.java:165) ~[spring-context-6.1.10.jar:6.1.10]
	... 13 common frames omitted

2024-07-09T15:02:13.038+05:30  INFO 15600 --- [Springboot_Basics] [main] c.e.S.SpringbootBasicsApplication        : Starting SpringbootBasicsApplication using Java 18.0.1.1 with PID 15600 (C:\Users\ACER\IdeaProjects\Springboot_Basics\target\classes started by ACER in C:\Users\ACER\IdeaProjects\Springboot_Basics)
2024-07-09T15:02:13.041+05:30  INFO 15600 --- [Springboot_Basics] [main] c.e.S.SpringbootBasicsApplication        : No active profile set, falling back to 1 default profile: "default"
2024-07-09T15:02:14.639+05:30  INFO 15600 --- [Springboot_Basics] [main] o.s.b.w.embedded.tomcat.TomcatWebServer  : Tomcat initialized with port 8080 (http)
2024-07-09T15:02:14.652+05:30  INFO 15600 --- [Springboot_Basics] [main] o.apache.catalina.core.StandardService   : Starting service [Tomcat]
2024-07-09T15:02:14.652+05:30  INFO 15600 --- [Springboot_Basics] [main] o.apache.catalina.core.StandardEngine    : Starting Servlet engine: [Apache Tomcat/10.1.25]
2024-07-09T15:02:14.736+05:30  INFO 15600 --- [Springboot_Basics] [main] o.a.c.c.C.[Tomcat].[localhost].[/]       : Initializing Spring embedded WebApplicationContext
2024-07-09T15:02:14.736+05:30  INFO 15600 --- [Springboot_Basics] [main] w.s.c.ServletWebServerApplicationContext : Root WebApplicationContext: initialization completed in 1626 ms
2024-07-09T15:02:16.028+05:30  INFO 15600 --- [Springboot_Basics] [main] o.s.b.w.embedded.tomcat.TomcatWebServer  : Tomcat started on port 8080 (http) with context path '/'
2024-07-09T15:02:16.044+05:30  INFO 15600 --- [Springboot_Basics] [main] c.e.S.SpringbootBasicsApplication        : Started SpringbootBasicsApplication in 3.602 seconds (process running for 4.13)
2024-07-09T15:02:34.481+05:30  INFO 15600 --- [Springboot_Basics] [http-nio-8080-exec-1] o.a.c.c.C.[Tomcat].[localhost].[/]       : Initializing Spring DispatcherServlet 'dispatcherServlet'
2024-07-09T15:02:34.481+05:30  INFO 15600 --- [Springboot_Basics] [http-nio-8080-exec-1] o.s.web.servlet.DispatcherServlet        : Initializing Servlet 'dispatcherServlet'
2024-07-09T15:02:34.482+05:30  INFO 15600 --- [Springboot_Basics] [http-nio-8080-exec-1] o.s.web.servlet.DispatcherServlet        : Completed initialization in 1 ms
2024-07-09T15:05:38.247+05:30  INFO 21916 --- [Springboot_Basics] [main] c.e.S.SpringbootBasicsApplication        : Starting SpringbootBasicsApplication using Java 18.0.1.1 with PID 21916 (C:\Users\ACER\IdeaProjects\Springboot_Basics\target\classes started by ACER in C:\Users\ACER\IdeaProjects\Springboot_Basics)
2024-07-09T15:05:38.251+05:30  INFO 21916 --- [Springboot_Basics] [main] c.e.S.SpringbootBasicsApplication        : No active profile set, falling back to 1 default profile: "default"
2024-07-09T15:05:39.629+05:30  INFO 21916 --- [Springboot_Basics] [main] o.s.b.w.embedded.tomcat.TomcatWebServer  : Tomcat initialized with port 8080 (http)
2024-07-09T15:05:39.640+05:30  INFO 21916 --- [Springboot_Basics] [main] o.apache.catalina.core.StandardService   : Starting service [Tomcat]
2024-07-09T15:05:39.641+05:30  INFO 21916 --- [Springboot_Basics] [main] o.apache.catalina.core.StandardEngine    : Starting Servlet engine: [Apache Tomcat/10.1.25]
2024-07-09T15:05:39.707+05:30  INFO 21916 --- [Springboot_Basics] [main] o.a.c.c.C.[Tomcat].[localhost].[/]       : Initializing Spring embedded WebApplicationContext
2024-07-09T15:05:39.708+05:30  INFO 21916 --- [Springboot_Basics] [main] w.s.c.ServletWebServerApplicationContext : Root WebApplicationContext: initialization completed in 1397 ms
2024-07-09T15:05:40.880+05:30  INFO 21916 --- [Springboot_Basics] [main] o.s.b.w.embedded.tomcat.TomcatWebServer  : Tomcat started on port 8080 (http) with context path '/'
2024-07-09T15:05:40.898+05:30  INFO 21916 --- [Springboot_Basics] [main] c.e.S.SpringbootBasicsApplication        : Started SpringbootBasicsApplication in 3.184 seconds (process running for 3.597)
2024-07-09T15:06:07.744+05:30  INFO 21916 --- [Springboot_Basics] [http-nio-8080-exec-4] o.a.c.c.C.[Tomcat].[localhost].[/]       : Initializing Spring DispatcherServlet 'dispatcherServlet'
2024-07-09T15:06:07.745+05:30  INFO 21916 --- [Springboot_Basics] [http-nio-8080-exec-4] o.s.web.servlet.DispatcherServlet        : Initializing Servlet 'dispatcherServlet'
2024-07-09T15:06:07.748+05:30  INFO 21916 --- [Springboot_Basics] [http-nio-8080-exec-4] o.s.web.servlet.DispatcherServlet        : Completed initialization in 3 ms
2024-07-09T15:06:07.822+05:30  INFO 21916 --- [Springboot_Basics] [http-nio-8080-exec-4] c.e.S.J.M.repository.PersonRepository    : Fetching persons from MySQl cONNECTOR
2024-07-09T15:06:50.386+05:30  INFO 11496 --- [Springboot_Basics] [main] c.e.S.SpringbootBasicsApplication        : Starting SpringbootBasicsApplication using Java 18.0.1.1 with PID 11496 (C:\Users\ACER\IdeaProjects\Springboot_Basics\target\classes started by ACER in C:\Users\ACER\IdeaProjects\Springboot_Basics)
2024-07-09T15:06:50.390+05:30  INFO 11496 --- [Springboot_Basics] [main] c.e.S.SpringbootBasicsApplication        : No active profile set, falling back to 1 default profile: "default"
2024-07-09T15:06:51.870+05:30  INFO 11496 --- [Springboot_Basics] [main] o.s.b.w.embedded.tomcat.TomcatWebServer  : Tomcat initialized with port 8080 (http)
2024-07-09T15:06:51.885+05:30  INFO 11496 --- [Springboot_Basics] [main] o.apache.catalina.core.StandardService   : Starting service [Tomcat]
2024-07-09T15:06:51.885+05:30  INFO 11496 --- [Springboot_Basics] [main] o.apache.catalina.core.StandardEngine    : Starting Servlet engine: [Apache Tomcat/10.1.25]
2024-07-09T15:06:51.968+05:30  INFO 11496 --- [Springboot_Basics] [main] o.a.c.c.C.[Tomcat].[localhost].[/]       : Initializing Spring embedded WebApplicationContext
2024-07-09T15:06:51.968+05:30  INFO 11496 --- [Springboot_Basics] [main] w.s.c.ServletWebServerApplicationContext : Root WebApplicationContext: initialization completed in 1515 ms
2024-07-09T15:06:53.128+05:30  INFO 11496 --- [Springboot_Basics] [main] o.s.b.w.embedded.tomcat.TomcatWebServer  : Tomcat started on port 8080 (http) with context path '/'
2024-07-09T15:06:53.144+05:30  INFO 11496 --- [Springboot_Basics] [main] c.e.S.SpringbootBasicsApplication        : Started SpringbootBasicsApplication in 3.281 seconds (process running for 3.69)
2024-07-09T15:06:59.103+05:30  INFO 11496 --- [Springboot_Basics] [http-nio-8080-exec-2] o.a.c.c.C.[Tomcat].[localhost].[/]       : Initializing Spring DispatcherServlet 'dispatcherServlet'
2024-07-09T15:06:59.103+05:30  INFO 11496 --- [Springboot_Basics] [http-nio-8080-exec-2] o.s.web.servlet.DispatcherServlet        : Initializing Servlet 'dispatcherServlet'
2024-07-09T15:06:59.105+05:30  INFO 11496 --- [Springboot_Basics] [http-nio-8080-exec-2] o.s.web.servlet.DispatcherServlet        : Completed initialization in 2 ms
2024-07-09T15:06:59.144+05:30  INFO 11496 --- [Springboot_Basics] [http-nio-8080-exec-2] c.e.S.J.M.repository.PersonRepository    : Fetching persons from MySQl Connector
2024-07-09T15:13:51.390+05:30  INFO 10960 --- [Springboot_Basics] [main] c.e.S.SpringbootBasicsApplication        : Starting SpringbootBasicsApplication using Java 18.0.1.1 with PID 10960 (C:\Users\ACER\IdeaProjects\Springboot_Basics\target\classes started by ACER in C:\Users\ACER\IdeaProjects\Springboot_Basics)
2024-07-09T15:13:51.394+05:30  INFO 10960 --- [Springboot_Basics] [main] c.e.S.SpringbootBasicsApplication        : No active profile set, falling back to 1 default profile: "default"
2024-07-09T15:13:52.965+05:30  INFO 10960 --- [Springboot_Basics] [main] o.s.b.w.embedded.tomcat.TomcatWebServer  : Tomcat initialized with port 8080 (http)
2024-07-09T15:13:52.977+05:30  INFO 10960 --- [Springboot_Basics] [main] o.apache.catalina.core.StandardService   : Starting service [Tomcat]
2024-07-09T15:13:52.978+05:30  INFO 10960 --- [Springboot_Basics] [main] o.apache.catalina.core.StandardEngine    : Starting Servlet engine: [Apache Tomcat/10.1.25]
2024-07-09T15:13:53.054+05:30  INFO 10960 --- [Springboot_Basics] [main] o.a.c.c.C.[Tomcat].[localhost].[/]       : Initializing Spring embedded WebApplicationContext
2024-07-09T15:13:53.055+05:30  INFO 10960 --- [Springboot_Basics] [main] w.s.c.ServletWebServerApplicationContext : Root WebApplicationContext: initialization completed in 1588 ms
2024-07-09T15:13:53.138+05:30  WARN 10960 --- [Springboot_Basics] [main] ConfigServletWebServerApplicationContext : Exception encountered during context initialization - cancelling refresh attempt: org.springframework.beans.factory.UnsatisfiedDependencyException: Error creating bean with name 'personController' defined in file [C:\Users\ACER\IdeaProjects\Springboot_Basics\target\classes\com\example\Springboot_Basics\JdbcConnectivity\MySqlConnector\controller\PersonController.class]: Unsatisfied dependency expressed through constructor parameter 0: Error creating bean with name 'personService' defined in file [C:\Users\ACER\IdeaProjects\Springboot_Basics\target\classes\com\example\Springboot_Basics\JdbcConnectivity\MySqlConnector\service\PersonService.class]: Unsatisfied dependency expressed through constructor parameter 0: No qualifying bean of type 'com.example.Springboot_Basics.JdbcConnectivity.IPersonRepo' available: expected single matching bean but found 2: personRepository,personRepositorySpringJdbc
2024-07-09T15:13:53.141+05:30  INFO 10960 --- [Springboot_Basics] [main] o.apache.catalina.core.StandardService   : Stopping service [Tomcat]
2024-07-09T15:13:53.161+05:30  INFO 10960 --- [Springboot_Basics] [main] .s.b.a.l.ConditionEvaluationReportLogger : 

Error starting ApplicationContext. To display the condition evaluation report re-run your application with 'debug' enabled.
2024-07-09T15:13:53.206+05:30 ERROR 10960 --- [Springboot_Basics] [main] o.s.b.d.LoggingFailureAnalysisReporter   : 

***************************
APPLICATION FAILED TO START
***************************

Description:

Parameter 0 of constructor in com.example.Springboot_Basics.JdbcConnectivity.MySqlConnector.service.PersonService required a single bean, but 2 were found:
	- personRepository: defined in file [C:\Users\ACER\IdeaProjects\Springboot_Basics\target\classes\com\example\Springboot_Basics\JdbcConnectivity\MySqlConnector\repository\PersonRepository.class]
	- personRepositorySpringJdbc: defined in file [C:\Users\ACER\IdeaProjects\Springboot_Basics\target\classes\com\example\Springboot_Basics\JdbcConnectivity\SpringJdbc\repository\PersonRepositorySpringJdbc.class]

This may be due to missing parameter name information

Action:

Consider marking one of the beans as @Primary, updating the consumer to accept multiple beans, or using @Qualifier to identify the bean that should be consumed

Ensure that your compiler is configured to use the '-parameters' flag.
You may need to update both your build tool settings as well as your IDE.
(See https://github.com/spring-projects/spring-framework/wiki/Upgrading-to-Spring-Framework-6.x#parameter-name-retention)


2024-07-09T15:16:45.537+05:30  INFO 11724 --- [Springboot_Basics] [main] c.e.S.SpringbootBasicsApplication        : Starting SpringbootBasicsApplication using Java 18.0.1.1 with PID 11724 (C:\Users\ACER\IdeaProjects\Springboot_Basics\target\classes started by ACER in C:\Users\ACER\IdeaProjects\Springboot_Basics)
2024-07-09T15:16:45.542+05:30  INFO 11724 --- [Springboot_Basics] [main] c.e.S.SpringbootBasicsApplication        : No active profile set, falling back to 1 default profile: "default"
2024-07-09T15:16:46.222+05:30  WARN 11724 --- [Springboot_Basics] [main] ConfigServletWebServerApplicationContext : Exception encountered during context initialization - cancelling refresh attempt: org.springframework.beans.factory.support.BeanDefinitionOverrideException: Invalid bean definition with name 'dbBean' defined in class path resource [com/example/Springboot_Basics/JdbcConnectivity/MySqlConnector/DbBean.class]: Cannot register bean definition [Root bean: class [null]; scope=; abstract=false; lazyInit=null; autowireMode=3; dependencyCheck=0; autowireCandidate=true; primary=false; factoryBeanName=dbBean; factoryMethodName=connectToDB; initMethodNames=null; destroyMethodNames=[(inferred)]; defined in class path resource [com/example/Springboot_Basics/JdbcConnectivity/MySqlConnector/DbBean.class]] for bean 'dbBean' since there is already [Generic bean: class [com.example.Springboot_Basics.JdbcConnectivity.MySqlConnector.DbBean]; scope=singleton; abstract=false; lazyInit=null; autowireMode=0; dependencyCheck=0; autowireCandidate=true; primary=false; factoryBeanName=null; factoryMethodName=null; initMethodNames=null; destroyMethodNames=null; defined in file [C:\Users\ACER\IdeaProjects\Springboot_Basics\target\classes\com\example\Springboot_Basics\JdbcConnectivity\MySqlConnector\DbBean.class]] bound.
2024-07-09T15:16:46.234+05:30  INFO 11724 --- [Springboot_Basics] [main] .s.b.a.l.ConditionEvaluationReportLogger : 

Error starting ApplicationContext. To display the condition evaluation report re-run your application with 'debug' enabled.
2024-07-09T15:16:46.258+05:30 ERROR 11724 --- [Springboot_Basics] [main] o.s.b.d.LoggingFailureAnalysisReporter   : 

***************************
APPLICATION FAILED TO START
***************************

Description:

The bean 'dbBean', defined in class path resource [com/example/Springboot_Basics/JdbcConnectivity/MySqlConnector/DbBean.class], could not be registered. A bean with that name has already been defined in file [C:\Users\ACER\IdeaProjects\Springboot_Basics\target\classes\com\example\Springboot_Basics\JdbcConnectivity\MySqlConnector\DbBean.class] and overriding is disabled.

Action:

Consider renaming one of the beans or enabling overriding by setting spring.main.allow-bean-definition-overriding=true

2024-07-09T15:17:44.884+05:30  INFO 20364 --- [Springboot_Basics] [main] c.e.S.SpringbootBasicsApplication        : Starting SpringbootBasicsApplication using Java 18.0.1.1 with PID 20364 (C:\Users\ACER\IdeaProjects\Springboot_Basics\target\classes started by ACER in C:\Users\ACER\IdeaProjects\Springboot_Basics)
2024-07-09T15:17:44.888+05:30  INFO 20364 --- [Springboot_Basics] [main] c.e.S.SpringbootBasicsApplication        : No active profile set, falling back to 1 default profile: "default"
2024-07-09T15:17:45.458+05:30  WARN 20364 --- [Springboot_Basics] [main] ConfigServletWebServerApplicationContext : Exception encountered during context initialization - cancelling refresh attempt: org.springframework.beans.factory.support.BeanDefinitionOverrideException: Invalid bean definition with name 'dbBean' defined in class path resource [com/example/Springboot_Basics/JdbcConnectivity/MySqlConnector/DbBean.class]: Cannot register bean definition [Root bean: class [null]; scope=; abstract=false; lazyInit=null; autowireMode=3; dependencyCheck=0; autowireCandidate=true; primary=false; factoryBeanName=dbBean; factoryMethodName=connectToDB; initMethodNames=null; destroyMethodNames=[(inferred)]; defined in class path resource [com/example/Springboot_Basics/JdbcConnectivity/MySqlConnector/DbBean.class]] for bean 'dbBean' since there is already [Generic bean: class [com.example.Springboot_Basics.JdbcConnectivity.MySqlConnector.DbBean]; scope=singleton; abstract=false; lazyInit=null; autowireMode=0; dependencyCheck=0; autowireCandidate=true; primary=false; factoryBeanName=null; factoryMethodName=null; initMethodNames=null; destroyMethodNames=null; defined in file [C:\Users\ACER\IdeaProjects\Springboot_Basics\target\classes\com\example\Springboot_Basics\JdbcConnectivity\MySqlConnector\DbBean.class]] bound.
2024-07-09T15:17:45.468+05:30  INFO 20364 --- [Springboot_Basics] [main] .s.b.a.l.ConditionEvaluationReportLogger : 

Error starting ApplicationContext. To display the condition evaluation report re-run your application with 'debug' enabled.
2024-07-09T15:17:45.491+05:30 ERROR 20364 --- [Springboot_Basics] [main] o.s.b.d.LoggingFailureAnalysisReporter   : 

***************************
APPLICATION FAILED TO START
***************************

Description:

The bean 'dbBean', defined in class path resource [com/example/Springboot_Basics/JdbcConnectivity/MySqlConnector/DbBean.class], could not be registered. A bean with that name has already been defined in file [C:\Users\ACER\IdeaProjects\Springboot_Basics\target\classes\com\example\Springboot_Basics\JdbcConnectivity\MySqlConnector\DbBean.class] and overriding is disabled.

Action:

Consider renaming one of the beans or enabling overriding by setting spring.main.allow-bean-definition-overriding=true

2024-07-09T15:21:56.790+05:30  INFO 17980 --- [Springboot_Basics] [main] c.e.S.SpringbootBasicsApplication        : Starting SpringbootBasicsApplication using Java 18.0.1.1 with PID 17980 (C:\Users\ACER\IdeaProjects\Springboot_Basics\target\classes started by ACER in C:\Users\ACER\IdeaProjects\Springboot_Basics)
2024-07-09T15:21:56.793+05:30  INFO 17980 --- [Springboot_Basics] [main] c.e.S.SpringbootBasicsApplication        : No active profile set, falling back to 1 default profile: "default"
2024-07-09T15:21:57.396+05:30  WARN 17980 --- [Springboot_Basics] [main] ConfigServletWebServerApplicationContext : Exception encountered during context initialization - cancelling refresh attempt: org.springframework.beans.factory.support.BeanDefinitionOverrideException: Invalid bean definition with name 'dbBeanSpringJdbc' defined in class path resource [com/example/Springboot_Basics/JdbcConnectivity/SpringJdbc/DbBeanSpringJdbc.class]: Cannot register bean definition [Root bean: class [null]; scope=; abstract=false; lazyInit=null; autowireMode=3; dependencyCheck=0; autowireCandidate=true; primary=false; factoryBeanName=dbBeanSpringJdbc; factoryMethodName=dataSource; initMethodNames=null; destroyMethodNames=[(inferred)]; defined in class path resource [com/example/Springboot_Basics/JdbcConnectivity/SpringJdbc/DbBeanSpringJdbc.class]] for bean 'dbBeanSpringJdbc' since there is already [Generic bean: class [com.example.Springboot_Basics.JdbcConnectivity.SpringJdbc.DbBeanSpringJdbc]; scope=singleton; abstract=false; lazyInit=null; autowireMode=0; dependencyCheck=0; autowireCandidate=true; primary=false; factoryBeanName=null; factoryMethodName=null; initMethodNames=null; destroyMethodNames=null; defined in file [C:\Users\ACER\IdeaProjects\Springboot_Basics\target\classes\com\example\Springboot_Basics\JdbcConnectivity\SpringJdbc\DbBeanSpringJdbc.class]] bound.
2024-07-09T15:21:57.404+05:30  INFO 17980 --- [Springboot_Basics] [main] .s.b.a.l.ConditionEvaluationReportLogger : 

Error starting ApplicationContext. To display the condition evaluation report re-run your application with 'debug' enabled.
2024-07-09T15:21:57.421+05:30 ERROR 17980 --- [Springboot_Basics] [main] o.s.b.d.LoggingFailureAnalysisReporter   : 

***************************
APPLICATION FAILED TO START
***************************

Description:

The bean 'dbBeanSpringJdbc', defined in class path resource [com/example/Springboot_Basics/JdbcConnectivity/SpringJdbc/DbBeanSpringJdbc.class], could not be registered. A bean with that name has already been defined in file [C:\Users\ACER\IdeaProjects\Springboot_Basics\target\classes\com\example\Springboot_Basics\JdbcConnectivity\SpringJdbc\DbBeanSpringJdbc.class] and overriding is disabled.

Action:

Consider renaming one of the beans or enabling overriding by setting spring.main.allow-bean-definition-overriding=true

2024-07-09T15:22:40.294+05:30  INFO 20824 --- [Springboot_Basics] [main] c.e.S.SpringbootBasicsApplication        : Starting SpringbootBasicsApplication using Java 18.0.1.1 with PID 20824 (C:\Users\ACER\IdeaProjects\Springboot_Basics\target\classes started by ACER in C:\Users\ACER\IdeaProjects\Springboot_Basics)
2024-07-09T15:22:40.297+05:30  INFO 20824 --- [Springboot_Basics] [main] c.e.S.SpringbootBasicsApplication        : No active profile set, falling back to 1 default profile: "default"
2024-07-09T15:22:41.769+05:30  INFO 20824 --- [Springboot_Basics] [main] o.s.b.w.embedded.tomcat.TomcatWebServer  : Tomcat initialized with port 8080 (http)
2024-07-09T15:22:41.780+05:30  INFO 20824 --- [Springboot_Basics] [main] o.apache.catalina.core.StandardService   : Starting service [Tomcat]
2024-07-09T15:22:41.780+05:30  INFO 20824 --- [Springboot_Basics] [main] o.apache.catalina.core.StandardEngine    : Starting Servlet engine: [Apache Tomcat/10.1.25]
2024-07-09T15:22:41.848+05:30  INFO 20824 --- [Springboot_Basics] [main] o.a.c.c.C.[Tomcat].[localhost].[/]       : Initializing Spring embedded WebApplicationContext
2024-07-09T15:22:41.849+05:30  INFO 20824 --- [Springboot_Basics] [main] w.s.c.ServletWebServerApplicationContext : Root WebApplicationContext: initialization completed in 1470 ms
2024-07-09T15:22:41.927+05:30  WARN 20824 --- [Springboot_Basics] [main] ConfigServletWebServerApplicationContext : Exception encountered during context initialization - cancelling refresh attempt: org.springframework.beans.factory.UnsatisfiedDependencyException: Error creating bean with name 'personController' defined in file [C:\Users\ACER\IdeaProjects\Springboot_Basics\target\classes\com\example\Springboot_Basics\JdbcConnectivity\MySqlConnector\controller\PersonController.class]: Unsatisfied dependency expressed through constructor parameter 0: Error creating bean with name 'personService' defined in file [C:\Users\ACER\IdeaProjects\Springboot_Basics\target\classes\com\example\Springboot_Basics\JdbcConnectivity\MySqlConnector\service\PersonService.class]: Unsatisfied dependency expressed through constructor parameter 0: No qualifying bean of type 'com.example.Springboot_Basics.JdbcConnectivity.IPersonRepo' available: expected single matching bean but found 2: personRepository,personRepositorySpringJdbc
2024-07-09T15:22:41.932+05:30  INFO 20824 --- [Springboot_Basics] [main] o.apache.catalina.core.StandardService   : Stopping service [Tomcat]
2024-07-09T15:22:41.953+05:30  INFO 20824 --- [Springboot_Basics] [main] .s.b.a.l.ConditionEvaluationReportLogger : 

Error starting ApplicationContext. To display the condition evaluation report re-run your application with 'debug' enabled.
2024-07-09T15:22:41.986+05:30 ERROR 20824 --- [Springboot_Basics] [main] o.s.b.d.LoggingFailureAnalysisReporter   : 

***************************
APPLICATION FAILED TO START
***************************

Description:

Parameter 0 of constructor in com.example.Springboot_Basics.JdbcConnectivity.MySqlConnector.service.PersonService required a single bean, but 2 were found:
	- personRepository: defined in file [C:\Users\ACER\IdeaProjects\Springboot_Basics\target\classes\com\example\Springboot_Basics\JdbcConnectivity\MySqlConnector\repository\PersonRepository.class]
	- personRepositorySpringJdbc: defined in file [C:\Users\ACER\IdeaProjects\Springboot_Basics\target\classes\com\example\Springboot_Basics\JdbcConnectivity\SpringJdbc\repository\PersonRepositorySpringJdbc.class]

This may be due to missing parameter name information

Action:

Consider marking one of the beans as @Primary, updating the consumer to accept multiple beans, or using @Qualifier to identify the bean that should be consumed

Ensure that your compiler is configured to use the '-parameters' flag.
You may need to update both your build tool settings as well as your IDE.
(See https://github.com/spring-projects/spring-framework/wiki/Upgrading-to-Spring-Framework-6.x#parameter-name-retention)


2024-07-09T15:23:33.681+05:30  INFO 17076 --- [Springboot_Basics] [main] c.e.S.SpringbootBasicsApplication        : Starting SpringbootBasicsApplication using Java 18.0.1.1 with PID 17076 (C:\Users\ACER\IdeaProjects\Springboot_Basics\target\classes started by ACER in C:\Users\ACER\IdeaProjects\Springboot_Basics)
2024-07-09T15:23:33.685+05:30  INFO 17076 --- [Springboot_Basics] [main] c.e.S.SpringbootBasicsApplication        : No active profile set, falling back to 1 default profile: "default"
2024-07-09T15:23:35.139+05:30  INFO 17076 --- [Springboot_Basics] [main] o.s.b.w.embedded.tomcat.TomcatWebServer  : Tomcat initialized with port 8080 (http)
2024-07-09T15:23:35.149+05:30  INFO 17076 --- [Springboot_Basics] [main] o.apache.catalina.core.StandardService   : Starting service [Tomcat]
2024-07-09T15:23:35.149+05:30  INFO 17076 --- [Springboot_Basics] [main] o.apache.catalina.core.StandardEngine    : Starting Servlet engine: [Apache Tomcat/10.1.25]
2024-07-09T15:23:35.205+05:30  INFO 17076 --- [Springboot_Basics] [main] o.a.c.c.C.[Tomcat].[localhost].[/]       : Initializing Spring embedded WebApplicationContext
2024-07-09T15:23:35.205+05:30  INFO 17076 --- [Springboot_Basics] [main] w.s.c.ServletWebServerApplicationContext : Root WebApplicationContext: initialization completed in 1445 ms
2024-07-09T15:23:35.299+05:30  WARN 17076 --- [Springboot_Basics] [main] ConfigServletWebServerApplicationContext : Exception encountered during context initialization - cancelling refresh attempt: org.springframework.beans.factory.UnsatisfiedDependencyException: Error creating bean with name 'personController' defined in file [C:\Users\ACER\IdeaProjects\Springboot_Basics\target\classes\com\example\Springboot_Basics\JdbcConnectivity\MySqlConnector\controller\PersonController.class]: Unsatisfied dependency expressed through constructor parameter 0: Error creating bean with name 'personService' defined in file [C:\Users\ACER\IdeaProjects\Springboot_Basics\target\classes\com\example\Springboot_Basics\JdbcConnectivity\MySqlConnector\service\PersonService.class]: Unsatisfied dependency expressed through constructor parameter 0: No qualifying bean of type 'com.example.Springboot_Basics.JdbcConnectivity.IPersonRepo' available: expected single matching bean but found 2: personRepository,personRepositorySpringJdbc
2024-07-09T15:23:35.303+05:30  INFO 17076 --- [Springboot_Basics] [main] o.apache.catalina.core.StandardService   : Stopping service [Tomcat]
2024-07-09T15:23:35.328+05:30  INFO 17076 --- [Springboot_Basics] [main] .s.b.a.l.ConditionEvaluationReportLogger : 

Error starting ApplicationContext. To display the condition evaluation report re-run your application with 'debug' enabled.
2024-07-09T15:23:35.366+05:30 ERROR 17076 --- [Springboot_Basics] [main] o.s.b.d.LoggingFailureAnalysisReporter   : 

***************************
APPLICATION FAILED TO START
***************************

Description:

Parameter 0 of constructor in com.example.Springboot_Basics.JdbcConnectivity.MySqlConnector.service.PersonService required a single bean, but 2 were found:
	- personRepository: defined in file [C:\Users\ACER\IdeaProjects\Springboot_Basics\target\classes\com\example\Springboot_Basics\JdbcConnectivity\MySqlConnector\repository\PersonRepository.class]
	- personRepositorySpringJdbc: defined in file [C:\Users\ACER\IdeaProjects\Springboot_Basics\target\classes\com\example\Springboot_Basics\JdbcConnectivity\SpringJdbc\repository\PersonRepositorySpringJdbc.class]

This may be due to missing parameter name information

Action:

Consider marking one of the beans as @Primary, updating the consumer to accept multiple beans, or using @Qualifier to identify the bean that should be consumed

Ensure that your compiler is configured to use the '-parameters' flag.
You may need to update both your build tool settings as well as your IDE.
(See https://github.com/spring-projects/spring-framework/wiki/Upgrading-to-Spring-Framework-6.x#parameter-name-retention)


2024-07-09T15:26:00.198+05:30  INFO 6152 --- [Springboot_Basics] [main] c.e.S.SpringbootBasicsApplication        : Starting SpringbootBasicsApplication using Java 18.0.1.1 with PID 6152 (C:\Users\ACER\IdeaProjects\Springboot_Basics\target\classes started by ACER in C:\Users\ACER\IdeaProjects\Springboot_Basics)
2024-07-09T15:26:00.203+05:30  INFO 6152 --- [Springboot_Basics] [main] c.e.S.SpringbootBasicsApplication        : No active profile set, falling back to 1 default profile: "default"
2024-07-09T15:26:01.630+05:30  INFO 6152 --- [Springboot_Basics] [main] o.s.b.w.embedded.tomcat.TomcatWebServer  : Tomcat initialized with port 8080 (http)
2024-07-09T15:26:01.640+05:30  INFO 6152 --- [Springboot_Basics] [main] o.apache.catalina.core.StandardService   : Starting service [Tomcat]
2024-07-09T15:26:01.640+05:30  INFO 6152 --- [Springboot_Basics] [main] o.apache.catalina.core.StandardEngine    : Starting Servlet engine: [Apache Tomcat/10.1.25]
2024-07-09T15:26:01.714+05:30  INFO 6152 --- [Springboot_Basics] [main] o.a.c.c.C.[Tomcat].[localhost].[/]       : Initializing Spring embedded WebApplicationContext
2024-07-09T15:26:01.714+05:30  INFO 6152 --- [Springboot_Basics] [main] w.s.c.ServletWebServerApplicationContext : Root WebApplicationContext: initialization completed in 1431 ms
2024-07-09T15:26:01.796+05:30  WARN 6152 --- [Springboot_Basics] [main] ConfigServletWebServerApplicationContext : Exception encountered during context initialization - cancelling refresh attempt: org.springframework.beans.factory.UnsatisfiedDependencyException: Error creating bean with name 'personController' defined in file [C:\Users\ACER\IdeaProjects\Springboot_Basics\target\classes\com\example\Springboot_Basics\JdbcConnectivity\MySqlConnector\controller\PersonController.class]: Unsatisfied dependency expressed through constructor parameter 0: Error creating bean with name 'personService' defined in file [C:\Users\ACER\IdeaProjects\Springboot_Basics\target\classes\com\example\Springboot_Basics\JdbcConnectivity\MySqlConnector\service\PersonService.class]: Unsatisfied dependency expressed through constructor parameter 0: No qualifying bean of type 'com.example.Springboot_Basics.JdbcConnectivity.IPersonRepo' available: expected single matching bean but found 2: personRepository,personRepositorySpringJdbc
2024-07-09T15:26:01.801+05:30  INFO 6152 --- [Springboot_Basics] [main] o.apache.catalina.core.StandardService   : Stopping service [Tomcat]
2024-07-09T15:26:01.818+05:30  INFO 6152 --- [Springboot_Basics] [main] .s.b.a.l.ConditionEvaluationReportLogger : 

Error starting ApplicationContext. To display the condition evaluation report re-run your application with 'debug' enabled.
2024-07-09T15:26:01.851+05:30 ERROR 6152 --- [Springboot_Basics] [main] o.s.b.d.LoggingFailureAnalysisReporter   : 

***************************
APPLICATION FAILED TO START
***************************

Description:

Parameter 0 of constructor in com.example.Springboot_Basics.JdbcConnectivity.MySqlConnector.service.PersonService required a single bean, but 2 were found:
	- personRepository: defined in file [C:\Users\ACER\IdeaProjects\Springboot_Basics\target\classes\com\example\Springboot_Basics\JdbcConnectivity\MySqlConnector\repository\PersonRepository.class]
	- personRepositorySpringJdbc: defined in file [C:\Users\ACER\IdeaProjects\Springboot_Basics\target\classes\com\example\Springboot_Basics\JdbcConnectivity\SpringJdbc\repository\PersonRepositorySpringJdbc.class]

This may be due to missing parameter name information

Action:

Consider marking one of the beans as @Primary, updating the consumer to accept multiple beans, or using @Qualifier to identify the bean that should be consumed

Ensure that your compiler is configured to use the '-parameters' flag.
You may need to update both your build tool settings as well as your IDE.
(See https://github.com/spring-projects/spring-framework/wiki/Upgrading-to-Spring-Framework-6.x#parameter-name-retention)


2024-07-09T15:28:13.152+05:30  INFO 20908 --- [Springboot_Basics] [main] c.e.S.SpringbootBasicsApplication        : Starting SpringbootBasicsApplication using Java 18.0.1.1 with PID 20908 (C:\Users\ACER\IdeaProjects\Springboot_Basics\target\classes started by ACER in C:\Users\ACER\IdeaProjects\Springboot_Basics)
2024-07-09T15:28:13.156+05:30  INFO 20908 --- [Springboot_Basics] [main] c.e.S.SpringbootBasicsApplication        : No active profile set, falling back to 1 default profile: "default"
2024-07-09T15:28:14.552+05:30  INFO 20908 --- [Springboot_Basics] [main] o.s.b.w.embedded.tomcat.TomcatWebServer  : Tomcat initialized with port 8080 (http)
2024-07-09T15:28:14.562+05:30  INFO 20908 --- [Springboot_Basics] [main] o.apache.catalina.core.StandardService   : Starting service [Tomcat]
2024-07-09T15:28:14.562+05:30  INFO 20908 --- [Springboot_Basics] [main] o.apache.catalina.core.StandardEngine    : Starting Servlet engine: [Apache Tomcat/10.1.25]
2024-07-09T15:28:14.631+05:30  INFO 20908 --- [Springboot_Basics] [main] o.a.c.c.C.[Tomcat].[localhost].[/]       : Initializing Spring embedded WebApplicationContext
2024-07-09T15:28:14.631+05:30  INFO 20908 --- [Springboot_Basics] [main] w.s.c.ServletWebServerApplicationContext : Root WebApplicationContext: initialization completed in 1397 ms
2024-07-09T15:28:15.204+05:30  WARN 20908 --- [Springboot_Basics] [main] ConfigServletWebServerApplicationContext : Exception encountered during context initialization - cancelling refresh attempt: org.springframework.beans.factory.UnsatisfiedDependencyException: Error creating bean with name 'personController' defined in file [C:\Users\ACER\IdeaProjects\Springboot_Basics\target\classes\com\example\Springboot_Basics\JdbcConnectivity\MySqlConnector\controller\PersonController.class]: Unsatisfied dependency expressed through constructor parameter 2: No qualifying bean of type 'com.example.Springboot_Basics.JdbcConnectivity.IPersonRepo' available: expected single matching bean but found 2: personRepository,personRepositorySpringJdbc
2024-07-09T15:28:15.209+05:30  INFO 20908 --- [Springboot_Basics] [main] o.apache.catalina.core.StandardService   : Stopping service [Tomcat]
2024-07-09T15:28:15.222+05:30  INFO 20908 --- [Springboot_Basics] [main] .s.b.a.l.ConditionEvaluationReportLogger : 

Error starting ApplicationContext. To display the condition evaluation report re-run your application with 'debug' enabled.
2024-07-09T15:28:15.253+05:30 ERROR 20908 --- [Springboot_Basics] [main] o.s.b.d.LoggingFailureAnalysisReporter   : 

***************************
APPLICATION FAILED TO START
***************************

Description:

Parameter 2 of constructor in com.example.Springboot_Basics.JdbcConnectivity.MySqlConnector.controller.PersonController required a single bean, but 2 were found:
	- personRepository: defined in file [C:\Users\ACER\IdeaProjects\Springboot_Basics\target\classes\com\example\Springboot_Basics\JdbcConnectivity\MySqlConnector\repository\PersonRepository.class]
	- personRepositorySpringJdbc: defined in file [C:\Users\ACER\IdeaProjects\Springboot_Basics\target\classes\com\example\Springboot_Basics\JdbcConnectivity\SpringJdbc\repository\PersonRepositorySpringJdbc.class]

This may be due to missing parameter name information

Action:

Consider marking one of the beans as @Primary, updating the consumer to accept multiple beans, or using @Qualifier to identify the bean that should be consumed

Ensure that your compiler is configured to use the '-parameters' flag.
You may need to update both your build tool settings as well as your IDE.
(See https://github.com/spring-projects/spring-framework/wiki/Upgrading-to-Spring-Framework-6.x#parameter-name-retention)


2024-07-09T15:28:44.508+05:30  INFO 19904 --- [Springboot_Basics] [main] c.e.S.SpringbootBasicsApplication        : Starting SpringbootBasicsApplication using Java 18.0.1.1 with PID 19904 (C:\Users\ACER\IdeaProjects\Springboot_Basics\target\classes started by ACER in C:\Users\ACER\IdeaProjects\Springboot_Basics)
2024-07-09T15:28:44.512+05:30  INFO 19904 --- [Springboot_Basics] [main] c.e.S.SpringbootBasicsApplication        : No active profile set, falling back to 1 default profile: "default"
2024-07-09T15:28:45.891+05:30  INFO 19904 --- [Springboot_Basics] [main] o.s.b.w.embedded.tomcat.TomcatWebServer  : Tomcat initialized with port 8080 (http)
2024-07-09T15:28:45.900+05:30  INFO 19904 --- [Springboot_Basics] [main] o.apache.catalina.core.StandardService   : Starting service [Tomcat]
2024-07-09T15:28:45.901+05:30  INFO 19904 --- [Springboot_Basics] [main] o.apache.catalina.core.StandardEngine    : Starting Servlet engine: [Apache Tomcat/10.1.25]
2024-07-09T15:28:45.957+05:30  INFO 19904 --- [Springboot_Basics] [main] o.a.c.c.C.[Tomcat].[localhost].[/]       : Initializing Spring embedded WebApplicationContext
2024-07-09T15:28:45.957+05:30  INFO 19904 --- [Springboot_Basics] [main] w.s.c.ServletWebServerApplicationContext : Root WebApplicationContext: initialization completed in 1368 ms
2024-07-09T15:28:46.442+05:30  WARN 19904 --- [Springboot_Basics] [main] ConfigServletWebServerApplicationContext : Exception encountered during context initialization - cancelling refresh attempt: org.springframework.beans.factory.UnsatisfiedDependencyException: Error creating bean with name 'personController' defined in file [C:\Users\ACER\IdeaProjects\Springboot_Basics\target\classes\com\example\Springboot_Basics\JdbcConnectivity\MySqlConnector\controller\PersonController.class]: Unsatisfied dependency expressed through constructor parameter 2: No qualifying bean of type 'com.example.Springboot_Basics.JdbcConnectivity.IPersonRepo' available: expected single matching bean but found 2: personRepository,personRepositorySpringJdbc
2024-07-09T15:28:46.447+05:30  INFO 19904 --- [Springboot_Basics] [main] o.apache.catalina.core.StandardService   : Stopping service [Tomcat]
2024-07-09T15:28:46.459+05:30  INFO 19904 --- [Springboot_Basics] [main] .s.b.a.l.ConditionEvaluationReportLogger : 

Error starting ApplicationContext. To display the condition evaluation report re-run your application with 'debug' enabled.
2024-07-09T15:28:46.487+05:30 ERROR 19904 --- [Springboot_Basics] [main] o.s.b.d.LoggingFailureAnalysisReporter   : 

***************************
APPLICATION FAILED TO START
***************************

Description:

Parameter 2 of constructor in com.example.Springboot_Basics.JdbcConnectivity.MySqlConnector.controller.PersonController required a single bean, but 2 were found:
	- personRepository: defined in file [C:\Users\ACER\IdeaProjects\Springboot_Basics\target\classes\com\example\Springboot_Basics\JdbcConnectivity\MySqlConnector\repository\PersonRepository.class]
	- personRepositorySpringJdbc: defined in file [C:\Users\ACER\IdeaProjects\Springboot_Basics\target\classes\com\example\Springboot_Basics\JdbcConnectivity\SpringJdbc\repository\PersonRepositorySpringJdbc.class]

This may be due to missing parameter name information

Action:

Consider marking one of the beans as @Primary, updating the consumer to accept multiple beans, or using @Qualifier to identify the bean that should be consumed

Ensure that your compiler is configured to use the '-parameters' flag.
You may need to update both your build tool settings as well as your IDE.
(See https://github.com/spring-projects/spring-framework/wiki/Upgrading-to-Spring-Framework-6.x#parameter-name-retention)


2024-07-09T15:29:15.794+05:30  INFO 4260 --- [Springboot_Basics] [main] c.e.S.SpringbootBasicsApplication        : Starting SpringbootBasicsApplication using Java 18.0.1.1 with PID 4260 (C:\Users\ACER\IdeaProjects\Springboot_Basics\target\classes started by ACER in C:\Users\ACER\IdeaProjects\Springboot_Basics)
2024-07-09T15:29:15.798+05:30  INFO 4260 --- [Springboot_Basics] [main] c.e.S.SpringbootBasicsApplication        : No active profile set, falling back to 1 default profile: "default"
2024-07-09T15:29:17.232+05:30  INFO 4260 --- [Springboot_Basics] [main] o.s.b.w.embedded.tomcat.TomcatWebServer  : Tomcat initialized with port 8080 (http)
2024-07-09T15:29:17.244+05:30  INFO 4260 --- [Springboot_Basics] [main] o.apache.catalina.core.StandardService   : Starting service [Tomcat]
2024-07-09T15:29:17.244+05:30  INFO 4260 --- [Springboot_Basics] [main] o.apache.catalina.core.StandardEngine    : Starting Servlet engine: [Apache Tomcat/10.1.25]
2024-07-09T15:29:17.308+05:30  INFO 4260 --- [Springboot_Basics] [main] o.a.c.c.C.[Tomcat].[localhost].[/]       : Initializing Spring embedded WebApplicationContext
2024-07-09T15:29:17.308+05:30  INFO 4260 --- [Springboot_Basics] [main] w.s.c.ServletWebServerApplicationContext : Root WebApplicationContext: initialization completed in 1434 ms
2024-07-09T15:29:17.829+05:30  WARN 4260 --- [Springboot_Basics] [main] ConfigServletWebServerApplicationContext : Exception encountered during context initialization - cancelling refresh attempt: org.springframework.beans.factory.UnsatisfiedDependencyException: Error creating bean with name 'personRepositorySpringJdbc' defined in file [C:\Users\ACER\IdeaProjects\Springboot_Basics\target\classes\com\example\Springboot_Basics\JdbcConnectivity\SpringJdbc\repository\PersonRepositorySpringJdbc.class]: Unsatisfied dependency expressed through constructor parameter 0: Error creating bean with name 'dataSourceScriptDatabaseInitializer' defined in class path resource [org/springframework/boot/autoconfigure/sql/init/DataSourceInitializationConfiguration.class]: Unsatisfied dependency expressed through method 'dataSourceScriptDatabaseInitializer' parameter 0: Error creating bean with name 'dataSource' defined in class path resource [org/springframework/boot/autoconfigure/jdbc/DataSourceConfiguration$Hikari.class]: Failed to instantiate [com.zaxxer.hikari.HikariDataSource]: Factory method 'dataSource' threw exception with message: Failed to determine a suitable driver class
2024-07-09T15:29:17.833+05:30  INFO 4260 --- [Springboot_Basics] [main] o.apache.catalina.core.StandardService   : Stopping service [Tomcat]
2024-07-09T15:29:17.847+05:30  INFO 4260 --- [Springboot_Basics] [main] .s.b.a.l.ConditionEvaluationReportLogger : 

Error starting ApplicationContext. To display the condition evaluation report re-run your application with 'debug' enabled.
2024-07-09T15:29:17.877+05:30 ERROR 4260 --- [Springboot_Basics] [main] o.s.b.d.LoggingFailureAnalysisReporter   : 

***************************
APPLICATION FAILED TO START
***************************

Description:

Failed to configure a DataSource: 'url' attribute is not specified and no embedded datasource could be configured.

Reason: Failed to determine a suitable driver class


Action:

Consider the following:
	If you want an embedded database (H2, HSQL or Derby), please put it on the classpath.
	If you have database settings to be loaded from a particular profile you may need to activate it (no profiles are currently active).

2024-07-09T15:32:17.414+05:30  INFO 5980 --- [Springboot_Basics] [main] c.e.S.SpringbootBasicsApplication        : Starting SpringbootBasicsApplication using Java 18.0.1.1 with PID 5980 (C:\Users\ACER\IdeaProjects\Springboot_Basics\target\classes started by ACER in C:\Users\ACER\IdeaProjects\Springboot_Basics)
2024-07-09T15:32:17.417+05:30  INFO 5980 --- [Springboot_Basics] [main] c.e.S.SpringbootBasicsApplication        : No active profile set, falling back to 1 default profile: "default"
2024-07-09T15:32:18.871+05:30  INFO 5980 --- [Springboot_Basics] [main] o.s.b.w.embedded.tomcat.TomcatWebServer  : Tomcat initialized with port 8080 (http)
2024-07-09T15:32:18.881+05:30  INFO 5980 --- [Springboot_Basics] [main] o.apache.catalina.core.StandardService   : Starting service [Tomcat]
2024-07-09T15:32:18.881+05:30  INFO 5980 --- [Springboot_Basics] [main] o.apache.catalina.core.StandardEngine    : Starting Servlet engine: [Apache Tomcat/10.1.25]
2024-07-09T15:32:18.932+05:30  INFO 5980 --- [Springboot_Basics] [main] o.a.c.c.C.[Tomcat].[localhost].[/]       : Initializing Spring embedded WebApplicationContext
2024-07-09T15:32:18.932+05:30  INFO 5980 --- [Springboot_Basics] [main] w.s.c.ServletWebServerApplicationContext : Root WebApplicationContext: initialization completed in 1447 ms
2024-07-09T15:32:19.442+05:30  WARN 5980 --- [Springboot_Basics] [main] ConfigServletWebServerApplicationContext : Exception encountered during context initialization - cancelling refresh attempt: org.springframework.beans.factory.UnsatisfiedDependencyException: Error creating bean with name 'personRepositorySpringJdbc' defined in file [C:\Users\ACER\IdeaProjects\Springboot_Basics\target\classes\com\example\Springboot_Basics\JdbcConnectivity\SpringJdbc\repository\PersonRepositorySpringJdbc.class]: Unsatisfied dependency expressed through constructor parameter 0: Error creating bean with name 'dataSourceScriptDatabaseInitializer' defined in class path resource [org/springframework/boot/autoconfigure/sql/init/DataSourceInitializationConfiguration.class]: Unsatisfied dependency expressed through method 'dataSourceScriptDatabaseInitializer' parameter 0: Error creating bean with name 'dataSource' defined in class path resource [org/springframework/boot/autoconfigure/jdbc/DataSourceConfiguration$Hikari.class]: Failed to instantiate [com.zaxxer.hikari.HikariDataSource]: Factory method 'dataSource' threw exception with message: Failed to determine a suitable driver class
2024-07-09T15:32:19.448+05:30  INFO 5980 --- [Springboot_Basics] [main] o.apache.catalina.core.StandardService   : Stopping service [Tomcat]
2024-07-09T15:32:19.463+05:30  INFO 5980 --- [Springboot_Basics] [main] .s.b.a.l.ConditionEvaluationReportLogger : 

Error starting ApplicationContext. To display the condition evaluation report re-run your application with 'debug' enabled.
2024-07-09T15:32:19.498+05:30 ERROR 5980 --- [Springboot_Basics] [main] o.s.b.d.LoggingFailureAnalysisReporter   : 

***************************
APPLICATION FAILED TO START
***************************

Description:

Failed to configure a DataSource: 'url' attribute is not specified and no embedded datasource could be configured.

Reason: Failed to determine a suitable driver class


Action:

Consider the following:
	If you want an embedded database (H2, HSQL or Derby), please put it on the classpath.
	If you have database settings to be loaded from a particular profile you may need to activate it (no profiles are currently active).

2024-07-09T15:32:51.028+05:30  INFO 16996 --- [Springboot_Basics] [main] c.e.S.SpringbootBasicsApplication        : Starting SpringbootBasicsApplication using Java 18.0.1.1 with PID 16996 (C:\Users\ACER\IdeaProjects\Springboot_Basics\target\classes started by ACER in C:\Users\ACER\IdeaProjects\Springboot_Basics)
2024-07-09T15:32:51.031+05:30  INFO 16996 --- [Springboot_Basics] [main] c.e.S.SpringbootBasicsApplication        : No active profile set, falling back to 1 default profile: "default"
2024-07-09T15:32:51.662+05:30  WARN 16996 --- [Springboot_Basics] [main] ConfigServletWebServerApplicationContext : Exception encountered during context initialization - cancelling refresh attempt: org.springframework.beans.factory.support.BeanDefinitionOverrideException: Invalid bean definition with name 'dbBeanSpringJdbc' defined in class path resource [com/example/Springboot_Basics/JdbcConnectivity/SpringJdbc/DbBeanSpringJdbc.class]: Cannot register bean definition [Root bean: class [null]; scope=; abstract=false; lazyInit=null; autowireMode=3; dependencyCheck=0; autowireCandidate=true; primary=false; factoryBeanName=dbBeanSpringJdbc; factoryMethodName=dataSource; initMethodNames=null; destroyMethodNames=[(inferred)]; defined in class path resource [com/example/Springboot_Basics/JdbcConnectivity/SpringJdbc/DbBeanSpringJdbc.class]] for bean 'dbBeanSpringJdbc' since there is already [Generic bean: class [com.example.Springboot_Basics.JdbcConnectivity.SpringJdbc.DbBeanSpringJdbc]; scope=singleton; abstract=false; lazyInit=null; autowireMode=0; dependencyCheck=0; autowireCandidate=true; primary=false; factoryBeanName=null; factoryMethodName=null; initMethodNames=null; destroyMethodNames=null; defined in file [C:\Users\ACER\IdeaProjects\Springboot_Basics\target\classes\com\example\Springboot_Basics\JdbcConnectivity\SpringJdbc\DbBeanSpringJdbc.class]] bound.
2024-07-09T15:32:51.674+05:30  INFO 16996 --- [Springboot_Basics] [main] .s.b.a.l.ConditionEvaluationReportLogger : 

Error starting ApplicationContext. To display the condition evaluation report re-run your application with 'debug' enabled.
2024-07-09T15:32:51.697+05:30 ERROR 16996 --- [Springboot_Basics] [main] o.s.b.d.LoggingFailureAnalysisReporter   : 

***************************
APPLICATION FAILED TO START
***************************

Description:

The bean 'dbBeanSpringJdbc', defined in class path resource [com/example/Springboot_Basics/JdbcConnectivity/SpringJdbc/DbBeanSpringJdbc.class], could not be registered. A bean with that name has already been defined in file [C:\Users\ACER\IdeaProjects\Springboot_Basics\target\classes\com\example\Springboot_Basics\JdbcConnectivity\SpringJdbc\DbBeanSpringJdbc.class] and overriding is disabled.

Action:

Consider renaming one of the beans or enabling overriding by setting spring.main.allow-bean-definition-overriding=true

2024-07-09T15:33:26.024+05:30  INFO 5012 --- [Springboot_Basics] [main] c.e.S.SpringbootBasicsApplication        : Starting SpringbootBasicsApplication using Java 18.0.1.1 with PID 5012 (C:\Users\ACER\IdeaProjects\Springboot_Basics\target\classes started by ACER in C:\Users\ACER\IdeaProjects\Springboot_Basics)
2024-07-09T15:33:26.027+05:30  INFO 5012 --- [Springboot_Basics] [main] c.e.S.SpringbootBasicsApplication        : No active profile set, falling back to 1 default profile: "default"
2024-07-09T15:33:26.631+05:30  WARN 5012 --- [Springboot_Basics] [main] ConfigServletWebServerApplicationContext : Exception encountered during context initialization - cancelling refresh attempt: org.springframework.beans.factory.support.BeanDefinitionOverrideException: Invalid bean definition with name 'dbBean' defined in class path resource [com/example/Springboot_Basics/JdbcConnectivity/MySqlConnector/DbBean.class]: Cannot register bean definition [Root bean: class [null]; scope=; abstract=false; lazyInit=null; autowireMode=3; dependencyCheck=0; autowireCandidate=true; primary=false; factoryBeanName=dbBean; factoryMethodName=connectToDB; initMethodNames=null; destroyMethodNames=[(inferred)]; defined in class path resource [com/example/Springboot_Basics/JdbcConnectivity/MySqlConnector/DbBean.class]] for bean 'dbBean' since there is already [Generic bean: class [com.example.Springboot_Basics.JdbcConnectivity.MySqlConnector.DbBean]; scope=singleton; abstract=false; lazyInit=null; autowireMode=0; dependencyCheck=0; autowireCandidate=true; primary=false; factoryBeanName=null; factoryMethodName=null; initMethodNames=null; destroyMethodNames=null; defined in file [C:\Users\ACER\IdeaProjects\Springboot_Basics\target\classes\com\example\Springboot_Basics\JdbcConnectivity\MySqlConnector\DbBean.class]] bound.
2024-07-09T15:33:26.641+05:30  INFO 5012 --- [Springboot_Basics] [main] .s.b.a.l.ConditionEvaluationReportLogger : 

Error starting ApplicationContext. To display the condition evaluation report re-run your application with 'debug' enabled.
2024-07-09T15:33:26.661+05:30 ERROR 5012 --- [Springboot_Basics] [main] o.s.b.d.LoggingFailureAnalysisReporter   : 

***************************
APPLICATION FAILED TO START
***************************

Description:

The bean 'dbBean', defined in class path resource [com/example/Springboot_Basics/JdbcConnectivity/MySqlConnector/DbBean.class], could not be registered. A bean with that name has already been defined in file [C:\Users\ACER\IdeaProjects\Springboot_Basics\target\classes\com\example\Springboot_Basics\JdbcConnectivity\MySqlConnector\DbBean.class] and overriding is disabled.

Action:

Consider renaming one of the beans or enabling overriding by setting spring.main.allow-bean-definition-overriding=true

2024-07-09T15:34:24.723+05:30  INFO 22812 --- [Springboot_Basics] [main] c.e.S.SpringbootBasicsApplication        : Starting SpringbootBasicsApplication using Java 18.0.1.1 with PID 22812 (C:\Users\ACER\IdeaProjects\Springboot_Basics\target\classes started by ACER in C:\Users\ACER\IdeaProjects\Springboot_Basics)
2024-07-09T15:34:24.726+05:30  INFO 22812 --- [Springboot_Basics] [main] c.e.S.SpringbootBasicsApplication        : No active profile set, falling back to 1 default profile: "default"
2024-07-09T15:34:25.358+05:30  WARN 22812 --- [Springboot_Basics] [main] ConfigServletWebServerApplicationContext : Exception encountered during context initialization - cancelling refresh attempt: org.springframework.beans.factory.support.BeanDefinitionOverrideException: Invalid bean definition with name 'dbBeanSpringJdbc' defined in class path resource [com/example/Springboot_Basics/JdbcConnectivity/SpringJdbc/DbBeanSpringJdbc.class]: Cannot register bean definition [Root bean: class [null]; scope=; abstract=false; lazyInit=null; autowireMode=3; dependencyCheck=0; autowireCandidate=true; primary=false; factoryBeanName=dbBeanSpringJdbc; factoryMethodName=dataSource; initMethodNames=null; destroyMethodNames=[(inferred)]; defined in class path resource [com/example/Springboot_Basics/JdbcConnectivity/SpringJdbc/DbBeanSpringJdbc.class]] for bean 'dbBeanSpringJdbc' since there is already [Generic bean: class [com.example.Springboot_Basics.JdbcConnectivity.SpringJdbc.DbBeanSpringJdbc]; scope=singleton; abstract=false; lazyInit=null; autowireMode=0; dependencyCheck=0; autowireCandidate=true; primary=false; factoryBeanName=null; factoryMethodName=null; initMethodNames=null; destroyMethodNames=null; defined in file [C:\Users\ACER\IdeaProjects\Springboot_Basics\target\classes\com\example\Springboot_Basics\JdbcConnectivity\SpringJdbc\DbBeanSpringJdbc.class]] bound.
2024-07-09T15:34:25.369+05:30  INFO 22812 --- [Springboot_Basics] [main] .s.b.a.l.ConditionEvaluationReportLogger : 

Error starting ApplicationContext. To display the condition evaluation report re-run your application with 'debug' enabled.
2024-07-09T15:34:25.390+05:30 ERROR 22812 --- [Springboot_Basics] [main] o.s.b.d.LoggingFailureAnalysisReporter   : 

***************************
APPLICATION FAILED TO START
***************************

Description:

The bean 'dbBeanSpringJdbc', defined in class path resource [com/example/Springboot_Basics/JdbcConnectivity/SpringJdbc/DbBeanSpringJdbc.class], could not be registered. A bean with that name has already been defined in file [C:\Users\ACER\IdeaProjects\Springboot_Basics\target\classes\com\example\Springboot_Basics\JdbcConnectivity\SpringJdbc\DbBeanSpringJdbc.class] and overriding is disabled.

Action:

Consider renaming one of the beans or enabling overriding by setting spring.main.allow-bean-definition-overriding=true

2024-07-09T15:35:18.292+05:30  INFO 2900 --- [Springboot_Basics] [main] c.e.S.SpringbootBasicsApplication        : Starting SpringbootBasicsApplication using Java 18.0.1.1 with PID 2900 (C:\Users\ACER\IdeaProjects\Springboot_Basics\target\classes started by ACER in C:\Users\ACER\IdeaProjects\Springboot_Basics)
2024-07-09T15:35:18.297+05:30  INFO 2900 --- [Springboot_Basics] [main] c.e.S.SpringbootBasicsApplication        : No active profile set, falling back to 1 default profile: "default"
2024-07-09T15:35:18.914+05:30  WARN 2900 --- [Springboot_Basics] [main] ConfigServletWebServerApplicationContext : Exception encountered during context initialization - cancelling refresh attempt: org.springframework.beans.factory.support.BeanDefinitionOverrideException: Invalid bean definition with name 'dbBean' defined in class path resource [com/example/Springboot_Basics/JdbcConnectivity/MySqlConnector/DbBean.class]: Cannot register bean definition [Root bean: class [null]; scope=; abstract=false; lazyInit=null; autowireMode=3; dependencyCheck=0; autowireCandidate=true; primary=false; factoryBeanName=dbBean; factoryMethodName=connectToDB; initMethodNames=null; destroyMethodNames=[(inferred)]; defined in class path resource [com/example/Springboot_Basics/JdbcConnectivity/MySqlConnector/DbBean.class]] for bean 'dbBean' since there is already [Generic bean: class [com.example.Springboot_Basics.JdbcConnectivity.MySqlConnector.DbBean]; scope=singleton; abstract=false; lazyInit=null; autowireMode=0; dependencyCheck=0; autowireCandidate=true; primary=false; factoryBeanName=null; factoryMethodName=null; initMethodNames=null; destroyMethodNames=null; defined in file [C:\Users\ACER\IdeaProjects\Springboot_Basics\target\classes\com\example\Springboot_Basics\JdbcConnectivity\MySqlConnector\DbBean.class]] bound.
2024-07-09T15:35:18.924+05:30  INFO 2900 --- [Springboot_Basics] [main] .s.b.a.l.ConditionEvaluationReportLogger : 

Error starting ApplicationContext. To display the condition evaluation report re-run your application with 'debug' enabled.
2024-07-09T15:35:18.944+05:30 ERROR 2900 --- [Springboot_Basics] [main] o.s.b.d.LoggingFailureAnalysisReporter   : 

***************************
APPLICATION FAILED TO START
***************************

Description:

The bean 'dbBean', defined in class path resource [com/example/Springboot_Basics/JdbcConnectivity/MySqlConnector/DbBean.class], could not be registered. A bean with that name has already been defined in file [C:\Users\ACER\IdeaProjects\Springboot_Basics\target\classes\com\example\Springboot_Basics\JdbcConnectivity\MySqlConnector\DbBean.class] and overriding is disabled.

Action:

Consider renaming one of the beans or enabling overriding by setting spring.main.allow-bean-definition-overriding=true

2024-07-09T15:36:08.282+05:30  INFO 13524 --- [Springboot_Basics] [main] c.e.S.SpringbootBasicsApplication        : Starting SpringbootBasicsApplication using Java 18.0.1.1 with PID 13524 (C:\Users\ACER\IdeaProjects\Springboot_Basics\target\classes started by ACER in C:\Users\ACER\IdeaProjects\Springboot_Basics)
2024-07-09T15:36:08.286+05:30  INFO 13524 --- [Springboot_Basics] [main] c.e.S.SpringbootBasicsApplication        : No active profile set, falling back to 1 default profile: "default"
2024-07-09T15:36:08.935+05:30  WARN 13524 --- [Springboot_Basics] [main] ConfigServletWebServerApplicationContext : Exception encountered during context initialization - cancelling refresh attempt: org.springframework.beans.factory.support.BeanDefinitionOverrideException: Invalid bean definition with name 'dbBean' defined in class path resource [com/example/Springboot_Basics/JdbcConnectivity/MySqlConnector/DbBean.class]: Cannot register bean definition [Root bean: class [null]; scope=; abstract=false; lazyInit=null; autowireMode=3; dependencyCheck=0; autowireCandidate=true; primary=false; factoryBeanName=dbBean; factoryMethodName=connectToDB; initMethodNames=null; destroyMethodNames=[(inferred)]; defined in class path resource [com/example/Springboot_Basics/JdbcConnectivity/MySqlConnector/DbBean.class]] for bean 'dbBean' since there is already [Generic bean: class [com.example.Springboot_Basics.JdbcConnectivity.MySqlConnector.DbBean]; scope=singleton; abstract=false; lazyInit=null; autowireMode=0; dependencyCheck=0; autowireCandidate=true; primary=false; factoryBeanName=null; factoryMethodName=null; initMethodNames=null; destroyMethodNames=null; defined in file [C:\Users\ACER\IdeaProjects\Springboot_Basics\target\classes\com\example\Springboot_Basics\JdbcConnectivity\MySqlConnector\DbBean.class]] bound.
2024-07-09T15:36:08.950+05:30  INFO 13524 --- [Springboot_Basics] [main] .s.b.a.l.ConditionEvaluationReportLogger : 

Error starting ApplicationContext. To display the condition evaluation report re-run your application with 'debug' enabled.
2024-07-09T15:36:08.970+05:30 ERROR 13524 --- [Springboot_Basics] [main] o.s.b.d.LoggingFailureAnalysisReporter   : 

***************************
APPLICATION FAILED TO START
***************************

Description:

The bean 'dbBean', defined in class path resource [com/example/Springboot_Basics/JdbcConnectivity/MySqlConnector/DbBean.class], could not be registered. A bean with that name has already been defined in file [C:\Users\ACER\IdeaProjects\Springboot_Basics\target\classes\com\example\Springboot_Basics\JdbcConnectivity\MySqlConnector\DbBean.class] and overriding is disabled.

Action:

Consider renaming one of the beans or enabling overriding by setting spring.main.allow-bean-definition-overriding=true

2024-07-09T15:37:52.112+05:30  INFO 19244 --- [Springboot_Basics] [main] c.e.S.SpringbootBasicsApplication        : Starting SpringbootBasicsApplication using Java 18.0.1.1 with PID 19244 (C:\Users\ACER\IdeaProjects\Springboot_Basics\target\classes started by ACER in C:\Users\ACER\IdeaProjects\Springboot_Basics)
2024-07-09T15:37:52.116+05:30  INFO 19244 --- [Springboot_Basics] [main] c.e.S.SpringbootBasicsApplication        : No active profile set, falling back to 1 default profile: "default"
2024-07-09T15:37:52.784+05:30  WARN 19244 --- [Springboot_Basics] [main] ConfigServletWebServerApplicationContext : Exception encountered during context initialization - cancelling refresh attempt: org.springframework.beans.factory.support.BeanDefinitionOverrideException: Invalid bean definition with name 'dbBeanSpringJdbc' defined in class path resource [com/example/Springboot_Basics/JdbcConnectivity/SpringJdbc/DbBeanSpringJdbc.class]: Cannot register bean definition [Root bean: class [null]; scope=; abstract=false; lazyInit=null; autowireMode=3; dependencyCheck=0; autowireCandidate=true; primary=false; factoryBeanName=dbBeanSpringJdbc; factoryMethodName=dataSource; initMethodNames=null; destroyMethodNames=[(inferred)]; defined in class path resource [com/example/Springboot_Basics/JdbcConnectivity/SpringJdbc/DbBeanSpringJdbc.class]] for bean 'dbBeanSpringJdbc' since there is already [Generic bean: class [com.example.Springboot_Basics.JdbcConnectivity.SpringJdbc.DbBeanSpringJdbc]; scope=singleton; abstract=false; lazyInit=null; autowireMode=0; dependencyCheck=0; autowireCandidate=true; primary=false; factoryBeanName=null; factoryMethodName=null; initMethodNames=null; destroyMethodNames=null; defined in file [C:\Users\ACER\IdeaProjects\Springboot_Basics\target\classes\com\example\Springboot_Basics\JdbcConnectivity\SpringJdbc\DbBeanSpringJdbc.class]] bound.
2024-07-09T15:37:52.796+05:30  INFO 19244 --- [Springboot_Basics] [main] .s.b.a.l.ConditionEvaluationReportLogger : 

Error starting ApplicationContext. To display the condition evaluation report re-run your application with 'debug' enabled.
2024-07-09T15:37:52.816+05:30 ERROR 19244 --- [Springboot_Basics] [main] o.s.b.d.LoggingFailureAnalysisReporter   : 

***************************
APPLICATION FAILED TO START
***************************

Description:

The bean 'dbBeanSpringJdbc', defined in class path resource [com/example/Springboot_Basics/JdbcConnectivity/SpringJdbc/DbBeanSpringJdbc.class], could not be registered. A bean with that name has already been defined in file [C:\Users\ACER\IdeaProjects\Springboot_Basics\target\classes\com\example\Springboot_Basics\JdbcConnectivity\SpringJdbc\DbBeanSpringJdbc.class] and overriding is disabled.

Action:

Consider renaming one of the beans or enabling overriding by setting spring.main.allow-bean-definition-overriding=true

2024-07-09T15:38:22.741+05:30  INFO 15148 --- [Springboot_Basics] [main] c.e.S.SpringbootBasicsApplication        : Starting SpringbootBasicsApplication using Java 18.0.1.1 with PID 15148 (C:\Users\ACER\IdeaProjects\Springboot_Basics\target\classes started by ACER in C:\Users\ACER\IdeaProjects\Springboot_Basics)
2024-07-09T15:38:22.745+05:30  INFO 15148 --- [Springboot_Basics] [main] c.e.S.SpringbootBasicsApplication        : No active profile set, falling back to 1 default profile: "default"
2024-07-09T15:38:24.127+05:30  INFO 15148 --- [Springboot_Basics] [main] o.s.b.w.embedded.tomcat.TomcatWebServer  : Tomcat initialized with port 8080 (http)
2024-07-09T15:38:24.137+05:30  INFO 15148 --- [Springboot_Basics] [main] o.apache.catalina.core.StandardService   : Starting service [Tomcat]
2024-07-09T15:38:24.137+05:30  INFO 15148 --- [Springboot_Basics] [main] o.apache.catalina.core.StandardEngine    : Starting Servlet engine: [Apache Tomcat/10.1.25]
2024-07-09T15:38:24.205+05:30  INFO 15148 --- [Springboot_Basics] [main] o.a.c.c.C.[Tomcat].[localhost].[/]       : Initializing Spring embedded WebApplicationContext
2024-07-09T15:38:24.206+05:30  INFO 15148 --- [Springboot_Basics] [main] w.s.c.ServletWebServerApplicationContext : Root WebApplicationContext: initialization completed in 1379 ms
2024-07-09T15:38:24.877+05:30  INFO 15148 --- [Springboot_Basics] [main] o.s.b.w.embedded.tomcat.TomcatWebServer  : Tomcat started on port 8080 (http) with context path '/'
2024-07-09T15:38:24.889+05:30  INFO 15148 --- [Springboot_Basics] [main] c.e.S.SpringbootBasicsApplication        : Started SpringbootBasicsApplication in 2.703 seconds (process running for 3.168)
2024-07-09T15:38:34.596+05:30  INFO 15148 --- [Springboot_Basics] [http-nio-8080-exec-2] o.a.c.c.C.[Tomcat].[localhost].[/]       : Initializing Spring DispatcherServlet 'dispatcherServlet'
2024-07-09T15:38:34.596+05:30  INFO 15148 --- [Springboot_Basics] [http-nio-8080-exec-2] o.s.web.servlet.DispatcherServlet        : Initializing Servlet 'dispatcherServlet'
2024-07-09T15:38:34.598+05:30  INFO 15148 --- [Springboot_Basics] [http-nio-8080-exec-2] o.s.web.servlet.DispatcherServlet        : Completed initialization in 2 ms
2024-07-09T15:46:30.212+05:30  INFO 22156 --- [Springboot_Basics] [main] c.e.S.SpringbootBasicsApplication        : Starting SpringbootBasicsApplication using Java 18.0.1.1 with PID 22156 (C:\Users\ACER\IdeaProjects\Springboot_Basics\target\classes started by ACER in C:\Users\ACER\IdeaProjects\Springboot_Basics)
2024-07-09T15:46:30.216+05:30  INFO 22156 --- [Springboot_Basics] [main] c.e.S.SpringbootBasicsApplication        : No active profile set, falling back to 1 default profile: "default"
2024-07-09T15:46:31.654+05:30  INFO 22156 --- [Springboot_Basics] [main] o.s.b.w.embedded.tomcat.TomcatWebServer  : Tomcat initialized with port 8080 (http)
2024-07-09T15:46:31.667+05:30  INFO 22156 --- [Springboot_Basics] [main] o.apache.catalina.core.StandardService   : Starting service [Tomcat]
2024-07-09T15:46:31.667+05:30  INFO 22156 --- [Springboot_Basics] [main] o.apache.catalina.core.StandardEngine    : Starting Servlet engine: [Apache Tomcat/10.1.25]
2024-07-09T15:46:31.745+05:30  INFO 22156 --- [Springboot_Basics] [main] o.a.c.c.C.[Tomcat].[localhost].[/]       : Initializing Spring embedded WebApplicationContext
2024-07-09T15:46:31.746+05:30  INFO 22156 --- [Springboot_Basics] [main] w.s.c.ServletWebServerApplicationContext : Root WebApplicationContext: initialization completed in 1454 ms
2024-07-09T15:46:31.817+05:30  WARN 22156 --- [Springboot_Basics] [main] ConfigServletWebServerApplicationContext : Exception encountered during context initialization - cancelling refresh attempt: org.springframework.beans.factory.UnsatisfiedDependencyException: Error creating bean with name 'personController' defined in file [C:\Users\ACER\IdeaProjects\Springboot_Basics\target\classes\com\example\Springboot_Basics\JdbcConnectivity\MySqlConnector\controller\PersonController.class]: Unsatisfied dependency expressed through constructor parameter 0: Error creating bean with name 'personService' defined in file [C:\Users\ACER\IdeaProjects\Springboot_Basics\target\classes\com\example\Springboot_Basics\JdbcConnectivity\MySqlConnector\service\PersonService.class]: Unsatisfied dependency expressed through constructor parameter 0: No qualifying bean of type 'com.example.Springboot_Basics.JdbcConnectivity.IPersonRepo' available: expected at least 1 bean which qualifies as autowire candidate. Dependency annotations: {@org.springframework.beans.factory.annotation.Qualifier("personRepository")}
2024-07-09T15:46:31.820+05:30  INFO 22156 --- [Springboot_Basics] [main] o.apache.catalina.core.StandardService   : Stopping service [Tomcat]
2024-07-09T15:46:31.841+05:30  INFO 22156 --- [Springboot_Basics] [main] .s.b.a.l.ConditionEvaluationReportLogger : 

Error starting ApplicationContext. To display the condition evaluation report re-run your application with 'debug' enabled.
2024-07-09T15:46:31.878+05:30 ERROR 22156 --- [Springboot_Basics] [main] o.s.boot.SpringApplication               : Application run failed

org.springframework.beans.factory.UnsatisfiedDependencyException: Error creating bean with name 'personController' defined in file [C:\Users\ACER\IdeaProjects\Springboot_Basics\target\classes\com\example\Springboot_Basics\JdbcConnectivity\MySqlConnector\controller\PersonController.class]: Unsatisfied dependency expressed through constructor parameter 0: Error creating bean with name 'personService' defined in file [C:\Users\ACER\IdeaProjects\Springboot_Basics\target\classes\com\example\Springboot_Basics\JdbcConnectivity\MySqlConnector\service\PersonService.class]: Unsatisfied dependency expressed through constructor parameter 0: No qualifying bean of type 'com.example.Springboot_Basics.JdbcConnectivity.IPersonRepo' available: expected at least 1 bean which qualifies as autowire candidate. Dependency annotations: {@org.springframework.beans.factory.annotation.Qualifier("personRepository")}
	at org.springframework.beans.factory.support.ConstructorResolver.createArgumentArray(ConstructorResolver.java:795) ~[spring-beans-6.1.10.jar:6.1.10]
	at org.springframework.beans.factory.support.ConstructorResolver.autowireConstructor(ConstructorResolver.java:237) ~[spring-beans-6.1.10.jar:6.1.10]
	at org.springframework.beans.factory.support.AbstractAutowireCapableBeanFactory.autowireConstructor(AbstractAutowireCapableBeanFactory.java:1357) ~[spring-beans-6.1.10.jar:6.1.10]
	at org.springframework.beans.factory.support.AbstractAutowireCapableBeanFactory.createBeanInstance(AbstractAutowireCapableBeanFactory.java:1194) ~[spring-beans-6.1.10.jar:6.1.10]
	at org.springframework.beans.factory.support.AbstractAutowireCapableBeanFactory.doCreateBean(AbstractAutowireCapableBeanFactory.java:562) ~[spring-beans-6.1.10.jar:6.1.10]
	at org.springframework.beans.factory.support.AbstractAutowireCapableBeanFactory.createBean(AbstractAutowireCapableBeanFactory.java:522) ~[spring-beans-6.1.10.jar:6.1.10]
	at org.springframework.beans.factory.support.AbstractBeanFactory.lambda$doGetBean$0(AbstractBeanFactory.java:337) ~[spring-beans-6.1.10.jar:6.1.10]
	at org.springframework.beans.factory.support.DefaultSingletonBeanRegistry.getSingleton(DefaultSingletonBeanRegistry.java:234) ~[spring-beans-6.1.10.jar:6.1.10]
	at org.springframework.beans.factory.support.AbstractBeanFactory.doGetBean(AbstractBeanFactory.java:335) ~[spring-beans-6.1.10.jar:6.1.10]
	at org.springframework.beans.factory.support.AbstractBeanFactory.getBean(AbstractBeanFactory.java:200) ~[spring-beans-6.1.10.jar:6.1.10]
	at org.springframework.beans.factory.support.DefaultListableBeanFactory.preInstantiateSingletons(DefaultListableBeanFactory.java:975) ~[spring-beans-6.1.10.jar:6.1.10]
	at org.springframework.context.support.AbstractApplicationContext.finishBeanFactoryInitialization(AbstractApplicationContext.java:962) ~[spring-context-6.1.10.jar:6.1.10]
	at org.springframework.context.support.AbstractApplicationContext.refresh(AbstractApplicationContext.java:624) ~[spring-context-6.1.10.jar:6.1.10]
	at org.springframework.boot.web.servlet.context.ServletWebServerApplicationContext.refresh(ServletWebServerApplicationContext.java:146) ~[spring-boot-3.3.1.jar:3.3.1]
	at org.springframework.boot.SpringApplication.refresh(SpringApplication.java:754) ~[spring-boot-3.3.1.jar:3.3.1]
	at org.springframework.boot.SpringApplication.refreshContext(SpringApplication.java:456) ~[spring-boot-3.3.1.jar:3.3.1]
	at org.springframework.boot.SpringApplication.run(SpringApplication.java:335) ~[spring-boot-3.3.1.jar:3.3.1]
	at org.springframework.boot.SpringApplication.run(SpringApplication.java:1363) ~[spring-boot-3.3.1.jar:3.3.1]
	at org.springframework.boot.SpringApplication.run(SpringApplication.java:1352) ~[spring-boot-3.3.1.jar:3.3.1]
	at com.example.Springboot_Basics.SpringbootBasicsApplication.main(SpringbootBasicsApplication.java:10) ~[classes/:na]
Caused by: org.springframework.beans.factory.UnsatisfiedDependencyException: Error creating bean with name 'personService' defined in file [C:\Users\ACER\IdeaProjects\Springboot_Basics\target\classes\com\example\Springboot_Basics\JdbcConnectivity\MySqlConnector\service\PersonService.class]: Unsatisfied dependency expressed through constructor parameter 0: No qualifying bean of type 'com.example.Springboot_Basics.JdbcConnectivity.IPersonRepo' available: expected at least 1 bean which qualifies as autowire candidate. Dependency annotations: {@org.springframework.beans.factory.annotation.Qualifier("personRepository")}
	at org.springframework.beans.factory.support.ConstructorResolver.createArgumentArray(ConstructorResolver.java:795) ~[spring-beans-6.1.10.jar:6.1.10]
	at org.springframework.beans.factory.support.ConstructorResolver.autowireConstructor(ConstructorResolver.java:237) ~[spring-beans-6.1.10.jar:6.1.10]
	at org.springframework.beans.factory.support.AbstractAutowireCapableBeanFactory.autowireConstructor(AbstractAutowireCapableBeanFactory.java:1357) ~[spring-beans-6.1.10.jar:6.1.10]
	at org.springframework.beans.factory.support.AbstractAutowireCapableBeanFactory.createBeanInstance(AbstractAutowireCapableBeanFactory.java:1194) ~[spring-beans-6.1.10.jar:6.1.10]
	at org.springframework.beans.factory.support.AbstractAutowireCapableBeanFactory.doCreateBean(AbstractAutowireCapableBeanFactory.java:562) ~[spring-beans-6.1.10.jar:6.1.10]
	at org.springframework.beans.factory.support.AbstractAutowireCapableBeanFactory.createBean(AbstractAutowireCapableBeanFactory.java:522) ~[spring-beans-6.1.10.jar:6.1.10]
	at org.springframework.beans.factory.support.AbstractBeanFactory.lambda$doGetBean$0(AbstractBeanFactory.java:337) ~[spring-beans-6.1.10.jar:6.1.10]
	at org.springframework.beans.factory.support.DefaultSingletonBeanRegistry.getSingleton(DefaultSingletonBeanRegistry.java:234) ~[spring-beans-6.1.10.jar:6.1.10]
	at org.springframework.beans.factory.support.AbstractBeanFactory.doGetBean(AbstractBeanFactory.java:335) ~[spring-beans-6.1.10.jar:6.1.10]
	at org.springframework.beans.factory.support.AbstractBeanFactory.getBean(AbstractBeanFactory.java:200) ~[spring-beans-6.1.10.jar:6.1.10]
	at org.springframework.beans.factory.config.DependencyDescriptor.resolveCandidate(DependencyDescriptor.java:254) ~[spring-beans-6.1.10.jar:6.1.10]
	at org.springframework.beans.factory.support.DefaultListableBeanFactory.doResolveDependency(DefaultListableBeanFactory.java:1443) ~[spring-beans-6.1.10.jar:6.1.10]
	at org.springframework.beans.factory.support.DefaultListableBeanFactory.resolveDependency(DefaultListableBeanFactory.java:1353) ~[spring-beans-6.1.10.jar:6.1.10]
	at org.springframework.beans.factory.support.ConstructorResolver.resolveAutowiredArgument(ConstructorResolver.java:904) ~[spring-beans-6.1.10.jar:6.1.10]
	at org.springframework.beans.factory.support.ConstructorResolver.createArgumentArray(ConstructorResolver.java:782) ~[spring-beans-6.1.10.jar:6.1.10]
	... 19 common frames omitted
Caused by: org.springframework.beans.factory.NoSuchBeanDefinitionException: No qualifying bean of type 'com.example.Springboot_Basics.JdbcConnectivity.IPersonRepo' available: expected at least 1 bean which qualifies as autowire candidate. Dependency annotations: {@org.springframework.beans.factory.annotation.Qualifier("personRepository")}
	at org.springframework.beans.factory.support.DefaultListableBeanFactory.raiseNoMatchingBeanFound(DefaultListableBeanFactory.java:1880) ~[spring-beans-6.1.10.jar:6.1.10]
	at org.springframework.beans.factory.support.DefaultListableBeanFactory.doResolveDependency(DefaultListableBeanFactory.java:1406) ~[spring-beans-6.1.10.jar:6.1.10]
	at org.springframework.beans.factory.support.DefaultListableBeanFactory.resolveDependency(DefaultListableBeanFactory.java:1353) ~[spring-beans-6.1.10.jar:6.1.10]
	at org.springframework.beans.factory.support.ConstructorResolver.resolveAutowiredArgument(ConstructorResolver.java:904) ~[spring-beans-6.1.10.jar:6.1.10]
	at org.springframework.beans.factory.support.ConstructorResolver.createArgumentArray(ConstructorResolver.java:782) ~[spring-beans-6.1.10.jar:6.1.10]
	... 33 common frames omitted

2024-07-09T15:55:20.355+05:30  INFO 3492 --- [Springboot_Basics] [main] c.e.S.SpringbootBasicsApplication        : Starting SpringbootBasicsApplication using Java 18.0.1.1 with PID 3492 (C:\Users\ACER\IdeaProjects\Springboot_Basics\target\classes started by ACER in C:\Users\ACER\IdeaProjects\Springboot_Basics)
2024-07-09T15:55:20.358+05:30  INFO 3492 --- [Springboot_Basics] [main] c.e.S.SpringbootBasicsApplication        : No active profile set, falling back to 1 default profile: "default"
2024-07-09T15:55:21.376+05:30  INFO 3492 --- [Springboot_Basics] [main] o.s.b.w.embedded.tomcat.TomcatWebServer  : Tomcat initialized with port 8080 (http)
2024-07-09T15:55:21.385+05:30  INFO 3492 --- [Springboot_Basics] [main] o.apache.catalina.core.StandardService   : Starting service [Tomcat]
2024-07-09T15:55:21.386+05:30  INFO 3492 --- [Springboot_Basics] [main] o.apache.catalina.core.StandardEngine    : Starting Servlet engine: [Apache Tomcat/10.1.25]
2024-07-09T15:55:21.432+05:30  INFO 3492 --- [Springboot_Basics] [main] o.a.c.c.C.[Tomcat].[localhost].[/]       : Initializing Spring embedded WebApplicationContext
2024-07-09T15:55:21.433+05:30  INFO 3492 --- [Springboot_Basics] [main] w.s.c.ServletWebServerApplicationContext : Root WebApplicationContext: initialization completed in 1025 ms
2024-07-09T15:55:21.500+05:30  WARN 3492 --- [Springboot_Basics] [main] ConfigServletWebServerApplicationContext : Exception encountered during context initialization - cancelling refresh attempt: org.springframework.beans.factory.UnsatisfiedDependencyException: Error creating bean with name 'personController' defined in file [C:\Users\ACER\IdeaProjects\Springboot_Basics\target\classes\com\example\Springboot_Basics\JdbcConnectivity\MySqlConnector\controller\PersonController.class]: Unsatisfied dependency expressed through constructor parameter 0: Error creating bean with name 'personService' defined in file [C:\Users\ACER\IdeaProjects\Springboot_Basics\target\classes\com\example\Springboot_Basics\JdbcConnectivity\MySqlConnector\service\PersonService.class]: Unsatisfied dependency expressed through constructor parameter 0: No qualifying bean of type 'com.example.Springboot_Basics.JdbcConnectivity.IPersonRepo' available: expected at least 1 bean which qualifies as autowire candidate. Dependency annotations: {@org.springframework.beans.factory.annotation.Qualifier("personRepository")}
2024-07-09T15:55:21.503+05:30  INFO 3492 --- [Springboot_Basics] [main] o.apache.catalina.core.StandardService   : Stopping service [Tomcat]
2024-07-09T15:55:21.517+05:30  INFO 3492 --- [Springboot_Basics] [main] .s.b.a.l.ConditionEvaluationReportLogger : 

Error starting ApplicationContext. To display the condition evaluation report re-run your application with 'debug' enabled.
2024-07-09T15:55:21.541+05:30 ERROR 3492 --- [Springboot_Basics] [main] o.s.boot.SpringApplication               : Application run failed

org.springframework.beans.factory.UnsatisfiedDependencyException: Error creating bean with name 'personController' defined in file [C:\Users\ACER\IdeaProjects\Springboot_Basics\target\classes\com\example\Springboot_Basics\JdbcConnectivity\MySqlConnector\controller\PersonController.class]: Unsatisfied dependency expressed through constructor parameter 0: Error creating bean with name 'personService' defined in file [C:\Users\ACER\IdeaProjects\Springboot_Basics\target\classes\com\example\Springboot_Basics\JdbcConnectivity\MySqlConnector\service\PersonService.class]: Unsatisfied dependency expressed through constructor parameter 0: No qualifying bean of type 'com.example.Springboot_Basics.JdbcConnectivity.IPersonRepo' available: expected at least 1 bean which qualifies as autowire candidate. Dependency annotations: {@org.springframework.beans.factory.annotation.Qualifier("personRepository")}
	at org.springframework.beans.factory.support.ConstructorResolver.createArgumentArray(ConstructorResolver.java:795) ~[spring-beans-6.1.10.jar:6.1.10]
	at org.springframework.beans.factory.support.ConstructorResolver.autowireConstructor(ConstructorResolver.java:237) ~[spring-beans-6.1.10.jar:6.1.10]
	at org.springframework.beans.factory.support.AbstractAutowireCapableBeanFactory.autowireConstructor(AbstractAutowireCapableBeanFactory.java:1357) ~[spring-beans-6.1.10.jar:6.1.10]
	at org.springframework.beans.factory.support.AbstractAutowireCapableBeanFactory.createBeanInstance(AbstractAutowireCapableBeanFactory.java:1194) ~[spring-beans-6.1.10.jar:6.1.10]
	at org.springframework.beans.factory.support.AbstractAutowireCapableBeanFactory.doCreateBean(AbstractAutowireCapableBeanFactory.java:562) ~[spring-beans-6.1.10.jar:6.1.10]
	at org.springframework.beans.factory.support.AbstractAutowireCapableBeanFactory.createBean(AbstractAutowireCapableBeanFactory.java:522) ~[spring-beans-6.1.10.jar:6.1.10]
	at org.springframework.beans.factory.support.AbstractBeanFactory.lambda$doGetBean$0(AbstractBeanFactory.java:337) ~[spring-beans-6.1.10.jar:6.1.10]
	at org.springframework.beans.factory.support.DefaultSingletonBeanRegistry.getSingleton(DefaultSingletonBeanRegistry.java:234) ~[spring-beans-6.1.10.jar:6.1.10]
	at org.springframework.beans.factory.support.AbstractBeanFactory.doGetBean(AbstractBeanFactory.java:335) ~[spring-beans-6.1.10.jar:6.1.10]
	at org.springframework.beans.factory.support.AbstractBeanFactory.getBean(AbstractBeanFactory.java:200) ~[spring-beans-6.1.10.jar:6.1.10]
	at org.springframework.beans.factory.support.DefaultListableBeanFactory.preInstantiateSingletons(DefaultListableBeanFactory.java:975) ~[spring-beans-6.1.10.jar:6.1.10]
	at org.springframework.context.support.AbstractApplicationContext.finishBeanFactoryInitialization(AbstractApplicationContext.java:962) ~[spring-context-6.1.10.jar:6.1.10]
	at org.springframework.context.support.AbstractApplicationContext.refresh(AbstractApplicationContext.java:624) ~[spring-context-6.1.10.jar:6.1.10]
	at org.springframework.boot.web.servlet.context.ServletWebServerApplicationContext.refresh(ServletWebServerApplicationContext.java:146) ~[spring-boot-3.3.1.jar:3.3.1]
	at org.springframework.boot.SpringApplication.refresh(SpringApplication.java:754) ~[spring-boot-3.3.1.jar:3.3.1]
	at org.springframework.boot.SpringApplication.refreshContext(SpringApplication.java:456) ~[spring-boot-3.3.1.jar:3.3.1]
	at org.springframework.boot.SpringApplication.run(SpringApplication.java:335) ~[spring-boot-3.3.1.jar:3.3.1]
	at org.springframework.boot.SpringApplication.run(SpringApplication.java:1363) ~[spring-boot-3.3.1.jar:3.3.1]
	at org.springframework.boot.SpringApplication.run(SpringApplication.java:1352) ~[spring-boot-3.3.1.jar:3.3.1]
	at com.example.Springboot_Basics.SpringbootBasicsApplication.main(SpringbootBasicsApplication.java:10) ~[classes/:na]
Caused by: org.springframework.beans.factory.UnsatisfiedDependencyException: Error creating bean with name 'personService' defined in file [C:\Users\ACER\IdeaProjects\Springboot_Basics\target\classes\com\example\Springboot_Basics\JdbcConnectivity\MySqlConnector\service\PersonService.class]: Unsatisfied dependency expressed through constructor parameter 0: No qualifying bean of type 'com.example.Springboot_Basics.JdbcConnectivity.IPersonRepo' available: expected at least 1 bean which qualifies as autowire candidate. Dependency annotations: {@org.springframework.beans.factory.annotation.Qualifier("personRepository")}
	at org.springframework.beans.factory.support.ConstructorResolver.createArgumentArray(ConstructorResolver.java:795) ~[spring-beans-6.1.10.jar:6.1.10]
	at org.springframework.beans.factory.support.ConstructorResolver.autowireConstructor(ConstructorResolver.java:237) ~[spring-beans-6.1.10.jar:6.1.10]
	at org.springframework.beans.factory.support.AbstractAutowireCapableBeanFactory.autowireConstructor(AbstractAutowireCapableBeanFactory.java:1357) ~[spring-beans-6.1.10.jar:6.1.10]
	at org.springframework.beans.factory.support.AbstractAutowireCapableBeanFactory.createBeanInstance(AbstractAutowireCapableBeanFactory.java:1194) ~[spring-beans-6.1.10.jar:6.1.10]
	at org.springframework.beans.factory.support.AbstractAutowireCapableBeanFactory.doCreateBean(AbstractAutowireCapableBeanFactory.java:562) ~[spring-beans-6.1.10.jar:6.1.10]
	at org.springframework.beans.factory.support.AbstractAutowireCapableBeanFactory.createBean(AbstractAutowireCapableBeanFactory.java:522) ~[spring-beans-6.1.10.jar:6.1.10]
	at org.springframework.beans.factory.support.AbstractBeanFactory.lambda$doGetBean$0(AbstractBeanFactory.java:337) ~[spring-beans-6.1.10.jar:6.1.10]
	at org.springframework.beans.factory.support.DefaultSingletonBeanRegistry.getSingleton(DefaultSingletonBeanRegistry.java:234) ~[spring-beans-6.1.10.jar:6.1.10]
	at org.springframework.beans.factory.support.AbstractBeanFactory.doGetBean(AbstractBeanFactory.java:335) ~[spring-beans-6.1.10.jar:6.1.10]
	at org.springframework.beans.factory.support.AbstractBeanFactory.getBean(AbstractBeanFactory.java:200) ~[spring-beans-6.1.10.jar:6.1.10]
	at org.springframework.beans.factory.config.DependencyDescriptor.resolveCandidate(DependencyDescriptor.java:254) ~[spring-beans-6.1.10.jar:6.1.10]
	at org.springframework.beans.factory.support.DefaultListableBeanFactory.doResolveDependency(DefaultListableBeanFactory.java:1443) ~[spring-beans-6.1.10.jar:6.1.10]
	at org.springframework.beans.factory.support.DefaultListableBeanFactory.resolveDependency(DefaultListableBeanFactory.java:1353) ~[spring-beans-6.1.10.jar:6.1.10]
	at org.springframework.beans.factory.support.ConstructorResolver.resolveAutowiredArgument(ConstructorResolver.java:904) ~[spring-beans-6.1.10.jar:6.1.10]
	at org.springframework.beans.factory.support.ConstructorResolver.createArgumentArray(ConstructorResolver.java:782) ~[spring-beans-6.1.10.jar:6.1.10]
	... 19 common frames omitted
Caused by: org.springframework.beans.factory.NoSuchBeanDefinitionException: No qualifying bean of type 'com.example.Springboot_Basics.JdbcConnectivity.IPersonRepo' available: expected at least 1 bean which qualifies as autowire candidate. Dependency annotations: {@org.springframework.beans.factory.annotation.Qualifier("personRepository")}
	at org.springframework.beans.factory.support.DefaultListableBeanFactory.raiseNoMatchingBeanFound(DefaultListableBeanFactory.java:1880) ~[spring-beans-6.1.10.jar:6.1.10]
	at org.springframework.beans.factory.support.DefaultListableBeanFactory.doResolveDependency(DefaultListableBeanFactory.java:1406) ~[spring-beans-6.1.10.jar:6.1.10]
	at org.springframework.beans.factory.support.DefaultListableBeanFactory.resolveDependency(DefaultListableBeanFactory.java:1353) ~[spring-beans-6.1.10.jar:6.1.10]
	at org.springframework.beans.factory.support.ConstructorResolver.resolveAutowiredArgument(ConstructorResolver.java:904) ~[spring-beans-6.1.10.jar:6.1.10]
	at org.springframework.beans.factory.support.ConstructorResolver.createArgumentArray(ConstructorResolver.java:782) ~[spring-beans-6.1.10.jar:6.1.10]
	... 33 common frames omitted

2024-07-09T15:58:44.142+05:30  INFO 6108 --- [Springboot_Basics] [main] c.e.S.SpringbootBasicsApplication        : Starting SpringbootBasicsApplication using Java 18.0.1.1 with PID 6108 (C:\Users\ACER\IdeaProjects\Springboot_Basics\target\classes started by ACER in C:\Users\ACER\IdeaProjects\Springboot_Basics)
2024-07-09T15:58:44.145+05:30  INFO 6108 --- [Springboot_Basics] [main] c.e.S.SpringbootBasicsApplication        : No active profile set, falling back to 1 default profile: "default"
2024-07-09T15:58:44.692+05:30  WARN 6108 --- [Springboot_Basics] [main] ConfigServletWebServerApplicationContext : Exception encountered during context initialization - cancelling refresh attempt: org.springframework.beans.factory.support.BeanDefinitionOverrideException: Invalid bean definition with name 'dbBean' defined in class path resource [com/example/Springboot_Basics/JdbcConnectivity/MySqlConnector/DbBean.class]: Cannot register bean definition [Root bean: class [null]; scope=; abstract=false; lazyInit=null; autowireMode=3; dependencyCheck=0; autowireCandidate=true; primary=false; factoryBeanName=dbBean; factoryMethodName=connectToDB; initMethodNames=null; destroyMethodNames=[(inferred)]; defined in class path resource [com/example/Springboot_Basics/JdbcConnectivity/MySqlConnector/DbBean.class]] for bean 'dbBean' since there is already [Generic bean: class [com.example.Springboot_Basics.JdbcConnectivity.MySqlConnector.DbBean]; scope=singleton; abstract=false; lazyInit=null; autowireMode=0; dependencyCheck=0; autowireCandidate=true; primary=false; factoryBeanName=null; factoryMethodName=null; initMethodNames=null; destroyMethodNames=null; defined in file [C:\Users\ACER\IdeaProjects\Springboot_Basics\target\classes\com\example\Springboot_Basics\JdbcConnectivity\MySqlConnector\DbBean.class]] bound.
2024-07-09T15:58:44.702+05:30  INFO 6108 --- [Springboot_Basics] [main] .s.b.a.l.ConditionEvaluationReportLogger : 

Error starting ApplicationContext. To display the condition evaluation report re-run your application with 'debug' enabled.
2024-07-09T15:58:44.730+05:30 ERROR 6108 --- [Springboot_Basics] [main] o.s.b.d.LoggingFailureAnalysisReporter   : 

***************************
APPLICATION FAILED TO START
***************************

Description:

The bean 'dbBean', defined in class path resource [com/example/Springboot_Basics/JdbcConnectivity/MySqlConnector/DbBean.class], could not be registered. A bean with that name has already been defined in file [C:\Users\ACER\IdeaProjects\Springboot_Basics\target\classes\com\example\Springboot_Basics\JdbcConnectivity\MySqlConnector\DbBean.class] and overriding is disabled.

Action:

Consider renaming one of the beans or enabling overriding by setting spring.main.allow-bean-definition-overriding=true

2024-07-09T15:58:55.876+05:30  INFO 17956 --- [Springboot_Basics] [main] c.e.S.SpringbootBasicsApplication        : Starting SpringbootBasicsApplication using Java 18.0.1.1 with PID 17956 (C:\Users\ACER\IdeaProjects\Springboot_Basics\target\classes started by ACER in C:\Users\ACER\IdeaProjects\Springboot_Basics)
2024-07-09T15:58:55.879+05:30  INFO 17956 --- [Springboot_Basics] [main] c.e.S.SpringbootBasicsApplication        : No active profile set, falling back to 1 default profile: "default"
2024-07-09T15:58:57.175+05:30  INFO 17956 --- [Springboot_Basics] [main] o.s.b.w.embedded.tomcat.TomcatWebServer  : Tomcat initialized with port 8080 (http)
2024-07-09T15:58:57.188+05:30  INFO 17956 --- [Springboot_Basics] [main] o.apache.catalina.core.StandardService   : Starting service [Tomcat]
2024-07-09T15:58:57.188+05:30  INFO 17956 --- [Springboot_Basics] [main] o.apache.catalina.core.StandardEngine    : Starting Servlet engine: [Apache Tomcat/10.1.25]
2024-07-09T15:58:57.245+05:30  INFO 17956 --- [Springboot_Basics] [main] o.a.c.c.C.[Tomcat].[localhost].[/]       : Initializing Spring embedded WebApplicationContext
2024-07-09T15:58:57.245+05:30  INFO 17956 --- [Springboot_Basics] [main] w.s.c.ServletWebServerApplicationContext : Root WebApplicationContext: initialization completed in 1304 ms
2024-07-09T15:58:57.326+05:30  WARN 17956 --- [Springboot_Basics] [main] ConfigServletWebServerApplicationContext : Exception encountered during context initialization - cancelling refresh attempt: org.springframework.beans.factory.UnsatisfiedDependencyException: Error creating bean with name 'personController' defined in file [C:\Users\ACER\IdeaProjects\Springboot_Basics\target\classes\com\example\Springboot_Basics\JdbcConnectivity\MySqlConnector\controller\PersonController.class]: Unsatisfied dependency expressed through constructor parameter 0: Error creating bean with name 'personService' defined in file [C:\Users\ACER\IdeaProjects\Springboot_Basics\target\classes\com\example\Springboot_Basics\JdbcConnectivity\MySqlConnector\service\PersonService.class]: Unsatisfied dependency expressed through constructor parameter 0: No qualifying bean of type 'com.example.Springboot_Basics.JdbcConnectivity.IPersonRepo' available: expected at least 1 bean which qualifies as autowire candidate. Dependency annotations: {@org.springframework.beans.factory.annotation.Qualifier("personRepository")}
2024-07-09T15:58:57.330+05:30  INFO 17956 --- [Springboot_Basics] [main] o.apache.catalina.core.StandardService   : Stopping service [Tomcat]
2024-07-09T15:58:57.349+05:30  INFO 17956 --- [Springboot_Basics] [main] .s.b.a.l.ConditionEvaluationReportLogger : 

Error starting ApplicationContext. To display the condition evaluation report re-run your application with 'debug' enabled.
2024-07-09T15:58:57.380+05:30 ERROR 17956 --- [Springboot_Basics] [main] o.s.boot.SpringApplication               : Application run failed

org.springframework.beans.factory.UnsatisfiedDependencyException: Error creating bean with name 'personController' defined in file [C:\Users\ACER\IdeaProjects\Springboot_Basics\target\classes\com\example\Springboot_Basics\JdbcConnectivity\MySqlConnector\controller\PersonController.class]: Unsatisfied dependency expressed through constructor parameter 0: Error creating bean with name 'personService' defined in file [C:\Users\ACER\IdeaProjects\Springboot_Basics\target\classes\com\example\Springboot_Basics\JdbcConnectivity\MySqlConnector\service\PersonService.class]: Unsatisfied dependency expressed through constructor parameter 0: No qualifying bean of type 'com.example.Springboot_Basics.JdbcConnectivity.IPersonRepo' available: expected at least 1 bean which qualifies as autowire candidate. Dependency annotations: {@org.springframework.beans.factory.annotation.Qualifier("personRepository")}
	at org.springframework.beans.factory.support.ConstructorResolver.createArgumentArray(ConstructorResolver.java:795) ~[spring-beans-6.1.10.jar:6.1.10]
	at org.springframework.beans.factory.support.ConstructorResolver.autowireConstructor(ConstructorResolver.java:237) ~[spring-beans-6.1.10.jar:6.1.10]
	at org.springframework.beans.factory.support.AbstractAutowireCapableBeanFactory.autowireConstructor(AbstractAutowireCapableBeanFactory.java:1357) ~[spring-beans-6.1.10.jar:6.1.10]
	at org.springframework.beans.factory.support.AbstractAutowireCapableBeanFactory.createBeanInstance(AbstractAutowireCapableBeanFactory.java:1194) ~[spring-beans-6.1.10.jar:6.1.10]
	at org.springframework.beans.factory.support.AbstractAutowireCapableBeanFactory.doCreateBean(AbstractAutowireCapableBeanFactory.java:562) ~[spring-beans-6.1.10.jar:6.1.10]
	at org.springframework.beans.factory.support.AbstractAutowireCapableBeanFactory.createBean(AbstractAutowireCapableBeanFactory.java:522) ~[spring-beans-6.1.10.jar:6.1.10]
	at org.springframework.beans.factory.support.AbstractBeanFactory.lambda$doGetBean$0(AbstractBeanFactory.java:337) ~[spring-beans-6.1.10.jar:6.1.10]
	at org.springframework.beans.factory.support.DefaultSingletonBeanRegistry.getSingleton(DefaultSingletonBeanRegistry.java:234) ~[spring-beans-6.1.10.jar:6.1.10]
	at org.springframework.beans.factory.support.AbstractBeanFactory.doGetBean(AbstractBeanFactory.java:335) ~[spring-beans-6.1.10.jar:6.1.10]
	at org.springframework.beans.factory.support.AbstractBeanFactory.getBean(AbstractBeanFactory.java:200) ~[spring-beans-6.1.10.jar:6.1.10]
	at org.springframework.beans.factory.support.DefaultListableBeanFactory.preInstantiateSingletons(DefaultListableBeanFactory.java:975) ~[spring-beans-6.1.10.jar:6.1.10]
	at org.springframework.context.support.AbstractApplicationContext.finishBeanFactoryInitialization(AbstractApplicationContext.java:962) ~[spring-context-6.1.10.jar:6.1.10]
	at org.springframework.context.support.AbstractApplicationContext.refresh(AbstractApplicationContext.java:624) ~[spring-context-6.1.10.jar:6.1.10]
	at org.springframework.boot.web.servlet.context.ServletWebServerApplicationContext.refresh(ServletWebServerApplicationContext.java:146) ~[spring-boot-3.3.1.jar:3.3.1]
	at org.springframework.boot.SpringApplication.refresh(SpringApplication.java:754) ~[spring-boot-3.3.1.jar:3.3.1]
	at org.springframework.boot.SpringApplication.refreshContext(SpringApplication.java:456) ~[spring-boot-3.3.1.jar:3.3.1]
	at org.springframework.boot.SpringApplication.run(SpringApplication.java:335) ~[spring-boot-3.3.1.jar:3.3.1]
	at org.springframework.boot.SpringApplication.run(SpringApplication.java:1363) ~[spring-boot-3.3.1.jar:3.3.1]
	at org.springframework.boot.SpringApplication.run(SpringApplication.java:1352) ~[spring-boot-3.3.1.jar:3.3.1]
	at com.example.Springboot_Basics.SpringbootBasicsApplication.main(SpringbootBasicsApplication.java:10) ~[classes/:na]
Caused by: org.springframework.beans.factory.UnsatisfiedDependencyException: Error creating bean with name 'personService' defined in file [C:\Users\ACER\IdeaProjects\Springboot_Basics\target\classes\com\example\Springboot_Basics\JdbcConnectivity\MySqlConnector\service\PersonService.class]: Unsatisfied dependency expressed through constructor parameter 0: No qualifying bean of type 'com.example.Springboot_Basics.JdbcConnectivity.IPersonRepo' available: expected at least 1 bean which qualifies as autowire candidate. Dependency annotations: {@org.springframework.beans.factory.annotation.Qualifier("personRepository")}
	at org.springframework.beans.factory.support.ConstructorResolver.createArgumentArray(ConstructorResolver.java:795) ~[spring-beans-6.1.10.jar:6.1.10]
	at org.springframework.beans.factory.support.ConstructorResolver.autowireConstructor(ConstructorResolver.java:237) ~[spring-beans-6.1.10.jar:6.1.10]
	at org.springframework.beans.factory.support.AbstractAutowireCapableBeanFactory.autowireConstructor(AbstractAutowireCapableBeanFactory.java:1357) ~[spring-beans-6.1.10.jar:6.1.10]
	at org.springframework.beans.factory.support.AbstractAutowireCapableBeanFactory.createBeanInstance(AbstractAutowireCapableBeanFactory.java:1194) ~[spring-beans-6.1.10.jar:6.1.10]
	at org.springframework.beans.factory.support.AbstractAutowireCapableBeanFactory.doCreateBean(AbstractAutowireCapableBeanFactory.java:562) ~[spring-beans-6.1.10.jar:6.1.10]
	at org.springframework.beans.factory.support.AbstractAutowireCapableBeanFactory.createBean(AbstractAutowireCapableBeanFactory.java:522) ~[spring-beans-6.1.10.jar:6.1.10]
	at org.springframework.beans.factory.support.AbstractBeanFactory.lambda$doGetBean$0(AbstractBeanFactory.java:337) ~[spring-beans-6.1.10.jar:6.1.10]
	at org.springframework.beans.factory.support.DefaultSingletonBeanRegistry.getSingleton(DefaultSingletonBeanRegistry.java:234) ~[spring-beans-6.1.10.jar:6.1.10]
	at org.springframework.beans.factory.support.AbstractBeanFactory.doGetBean(AbstractBeanFactory.java:335) ~[spring-beans-6.1.10.jar:6.1.10]
	at org.springframework.beans.factory.support.AbstractBeanFactory.getBean(AbstractBeanFactory.java:200) ~[spring-beans-6.1.10.jar:6.1.10]
	at org.springframework.beans.factory.config.DependencyDescriptor.resolveCandidate(DependencyDescriptor.java:254) ~[spring-beans-6.1.10.jar:6.1.10]
	at org.springframework.beans.factory.support.DefaultListableBeanFactory.doResolveDependency(DefaultListableBeanFactory.java:1443) ~[spring-beans-6.1.10.jar:6.1.10]
	at org.springframework.beans.factory.support.DefaultListableBeanFactory.resolveDependency(DefaultListableBeanFactory.java:1353) ~[spring-beans-6.1.10.jar:6.1.10]
	at org.springframework.beans.factory.support.ConstructorResolver.resolveAutowiredArgument(ConstructorResolver.java:904) ~[spring-beans-6.1.10.jar:6.1.10]
	at org.springframework.beans.factory.support.ConstructorResolver.createArgumentArray(ConstructorResolver.java:782) ~[spring-beans-6.1.10.jar:6.1.10]
	... 19 common frames omitted
Caused by: org.springframework.beans.factory.NoSuchBeanDefinitionException: No qualifying bean of type 'com.example.Springboot_Basics.JdbcConnectivity.IPersonRepo' available: expected at least 1 bean which qualifies as autowire candidate. Dependency annotations: {@org.springframework.beans.factory.annotation.Qualifier("personRepository")}
	at org.springframework.beans.factory.support.DefaultListableBeanFactory.raiseNoMatchingBeanFound(DefaultListableBeanFactory.java:1880) ~[spring-beans-6.1.10.jar:6.1.10]
	at org.springframework.beans.factory.support.DefaultListableBeanFactory.doResolveDependency(DefaultListableBeanFactory.java:1406) ~[spring-beans-6.1.10.jar:6.1.10]
	at org.springframework.beans.factory.support.DefaultListableBeanFactory.resolveDependency(DefaultListableBeanFactory.java:1353) ~[spring-beans-6.1.10.jar:6.1.10]
	at org.springframework.beans.factory.support.ConstructorResolver.resolveAutowiredArgument(ConstructorResolver.java:904) ~[spring-beans-6.1.10.jar:6.1.10]
	at org.springframework.beans.factory.support.ConstructorResolver.createArgumentArray(ConstructorResolver.java:782) ~[spring-beans-6.1.10.jar:6.1.10]
	... 33 common frames omitted

2024-07-09T15:59:28.379+05:30  INFO 21908 --- [Springboot_Basics] [main] c.e.S.SpringbootBasicsApplication        : Starting SpringbootBasicsApplication using Java 18.0.1.1 with PID 21908 (C:\Users\ACER\IdeaProjects\Springboot_Basics\target\classes started by ACER in C:\Users\ACER\IdeaProjects\Springboot_Basics)
2024-07-09T15:59:28.382+05:30  INFO 21908 --- [Springboot_Basics] [main] c.e.S.SpringbootBasicsApplication        : No active profile set, falling back to 1 default profile: "default"
2024-07-09T15:59:29.687+05:30  INFO 21908 --- [Springboot_Basics] [main] o.s.b.w.embedded.tomcat.TomcatWebServer  : Tomcat initialized with port 8080 (http)
2024-07-09T15:59:29.699+05:30  INFO 21908 --- [Springboot_Basics] [main] o.apache.catalina.core.StandardService   : Starting service [Tomcat]
2024-07-09T15:59:29.700+05:30  INFO 21908 --- [Springboot_Basics] [main] o.apache.catalina.core.StandardEngine    : Starting Servlet engine: [Apache Tomcat/10.1.25]
2024-07-09T15:59:29.767+05:30  INFO 21908 --- [Springboot_Basics] [main] o.a.c.c.C.[Tomcat].[localhost].[/]       : Initializing Spring embedded WebApplicationContext
2024-07-09T15:59:29.768+05:30  INFO 21908 --- [Springboot_Basics] [main] w.s.c.ServletWebServerApplicationContext : Root WebApplicationContext: initialization completed in 1325 ms
2024-07-09T15:59:29.831+05:30  WARN 21908 --- [Springboot_Basics] [main] ConfigServletWebServerApplicationContext : Exception encountered during context initialization - cancelling refresh attempt: org.springframework.beans.factory.UnsatisfiedDependencyException: Error creating bean with name 'personController' defined in file [C:\Users\ACER\IdeaProjects\Springboot_Basics\target\classes\com\example\Springboot_Basics\JdbcConnectivity\MySqlConnector\controller\PersonController.class]: Unsatisfied dependency expressed through constructor parameter 0: Error creating bean with name 'personService' defined in file [C:\Users\ACER\IdeaProjects\Springboot_Basics\target\classes\com\example\Springboot_Basics\JdbcConnectivity\MySqlConnector\service\PersonService.class]: Unsatisfied dependency expressed through constructor parameter 0: No qualifying bean of type 'com.example.Springboot_Basics.JdbcConnectivity.IPersonRepo' available: expected at least 1 bean which qualifies as autowire candidate. Dependency annotations: {@org.springframework.beans.factory.annotation.Qualifier("personRepository")}
2024-07-09T15:59:29.835+05:30  INFO 21908 --- [Springboot_Basics] [main] o.apache.catalina.core.StandardService   : Stopping service [Tomcat]
2024-07-09T15:59:29.855+05:30  INFO 21908 --- [Springboot_Basics] [main] .s.b.a.l.ConditionEvaluationReportLogger : 

Error starting ApplicationContext. To display the condition evaluation report re-run your application with 'debug' enabled.
2024-07-09T15:59:29.883+05:30 ERROR 21908 --- [Springboot_Basics] [main] o.s.boot.SpringApplication               : Application run failed

org.springframework.beans.factory.UnsatisfiedDependencyException: Error creating bean with name 'personController' defined in file [C:\Users\ACER\IdeaProjects\Springboot_Basics\target\classes\com\example\Springboot_Basics\JdbcConnectivity\MySqlConnector\controller\PersonController.class]: Unsatisfied dependency expressed through constructor parameter 0: Error creating bean with name 'personService' defined in file [C:\Users\ACER\IdeaProjects\Springboot_Basics\target\classes\com\example\Springboot_Basics\JdbcConnectivity\MySqlConnector\service\PersonService.class]: Unsatisfied dependency expressed through constructor parameter 0: No qualifying bean of type 'com.example.Springboot_Basics.JdbcConnectivity.IPersonRepo' available: expected at least 1 bean which qualifies as autowire candidate. Dependency annotations: {@org.springframework.beans.factory.annotation.Qualifier("personRepository")}
	at org.springframework.beans.factory.support.ConstructorResolver.createArgumentArray(ConstructorResolver.java:795) ~[spring-beans-6.1.10.jar:6.1.10]
	at org.springframework.beans.factory.support.ConstructorResolver.autowireConstructor(ConstructorResolver.java:237) ~[spring-beans-6.1.10.jar:6.1.10]
	at org.springframework.beans.factory.support.AbstractAutowireCapableBeanFactory.autowireConstructor(AbstractAutowireCapableBeanFactory.java:1357) ~[spring-beans-6.1.10.jar:6.1.10]
	at org.springframework.beans.factory.support.AbstractAutowireCapableBeanFactory.createBeanInstance(AbstractAutowireCapableBeanFactory.java:1194) ~[spring-beans-6.1.10.jar:6.1.10]
	at org.springframework.beans.factory.support.AbstractAutowireCapableBeanFactory.doCreateBean(AbstractAutowireCapableBeanFactory.java:562) ~[spring-beans-6.1.10.jar:6.1.10]
	at org.springframework.beans.factory.support.AbstractAutowireCapableBeanFactory.createBean(AbstractAutowireCapableBeanFactory.java:522) ~[spring-beans-6.1.10.jar:6.1.10]
	at org.springframework.beans.factory.support.AbstractBeanFactory.lambda$doGetBean$0(AbstractBeanFactory.java:337) ~[spring-beans-6.1.10.jar:6.1.10]
	at org.springframework.beans.factory.support.DefaultSingletonBeanRegistry.getSingleton(DefaultSingletonBeanRegistry.java:234) ~[spring-beans-6.1.10.jar:6.1.10]
	at org.springframework.beans.factory.support.AbstractBeanFactory.doGetBean(AbstractBeanFactory.java:335) ~[spring-beans-6.1.10.jar:6.1.10]
	at org.springframework.beans.factory.support.AbstractBeanFactory.getBean(AbstractBeanFactory.java:200) ~[spring-beans-6.1.10.jar:6.1.10]
	at org.springframework.beans.factory.support.DefaultListableBeanFactory.preInstantiateSingletons(DefaultListableBeanFactory.java:975) ~[spring-beans-6.1.10.jar:6.1.10]
	at org.springframework.context.support.AbstractApplicationContext.finishBeanFactoryInitialization(AbstractApplicationContext.java:962) ~[spring-context-6.1.10.jar:6.1.10]
	at org.springframework.context.support.AbstractApplicationContext.refresh(AbstractApplicationContext.java:624) ~[spring-context-6.1.10.jar:6.1.10]
	at org.springframework.boot.web.servlet.context.ServletWebServerApplicationContext.refresh(ServletWebServerApplicationContext.java:146) ~[spring-boot-3.3.1.jar:3.3.1]
	at org.springframework.boot.SpringApplication.refresh(SpringApplication.java:754) ~[spring-boot-3.3.1.jar:3.3.1]
	at org.springframework.boot.SpringApplication.refreshContext(SpringApplication.java:456) ~[spring-boot-3.3.1.jar:3.3.1]
	at org.springframework.boot.SpringApplication.run(SpringApplication.java:335) ~[spring-boot-3.3.1.jar:3.3.1]
	at org.springframework.boot.SpringApplication.run(SpringApplication.java:1363) ~[spring-boot-3.3.1.jar:3.3.1]
	at org.springframework.boot.SpringApplication.run(SpringApplication.java:1352) ~[spring-boot-3.3.1.jar:3.3.1]
	at com.example.Springboot_Basics.SpringbootBasicsApplication.main(SpringbootBasicsApplication.java:10) ~[classes/:na]
Caused by: org.springframework.beans.factory.UnsatisfiedDependencyException: Error creating bean with name 'personService' defined in file [C:\Users\ACER\IdeaProjects\Springboot_Basics\target\classes\com\example\Springboot_Basics\JdbcConnectivity\MySqlConnector\service\PersonService.class]: Unsatisfied dependency expressed through constructor parameter 0: No qualifying bean of type 'com.example.Springboot_Basics.JdbcConnectivity.IPersonRepo' available: expected at least 1 bean which qualifies as autowire candidate. Dependency annotations: {@org.springframework.beans.factory.annotation.Qualifier("personRepository")}
	at org.springframework.beans.factory.support.ConstructorResolver.createArgumentArray(ConstructorResolver.java:795) ~[spring-beans-6.1.10.jar:6.1.10]
	at org.springframework.beans.factory.support.ConstructorResolver.autowireConstructor(ConstructorResolver.java:237) ~[spring-beans-6.1.10.jar:6.1.10]
	at org.springframework.beans.factory.support.AbstractAutowireCapableBeanFactory.autowireConstructor(AbstractAutowireCapableBeanFactory.java:1357) ~[spring-beans-6.1.10.jar:6.1.10]
	at org.springframework.beans.factory.support.AbstractAutowireCapableBeanFactory.createBeanInstance(AbstractAutowireCapableBeanFactory.java:1194) ~[spring-beans-6.1.10.jar:6.1.10]
	at org.springframework.beans.factory.support.AbstractAutowireCapableBeanFactory.doCreateBean(AbstractAutowireCapableBeanFactory.java:562) ~[spring-beans-6.1.10.jar:6.1.10]
	at org.springframework.beans.factory.support.AbstractAutowireCapableBeanFactory.createBean(AbstractAutowireCapableBeanFactory.java:522) ~[spring-beans-6.1.10.jar:6.1.10]
	at org.springframework.beans.factory.support.AbstractBeanFactory.lambda$doGetBean$0(AbstractBeanFactory.java:337) ~[spring-beans-6.1.10.jar:6.1.10]
	at org.springframework.beans.factory.support.DefaultSingletonBeanRegistry.getSingleton(DefaultSingletonBeanRegistry.java:234) ~[spring-beans-6.1.10.jar:6.1.10]
	at org.springframework.beans.factory.support.AbstractBeanFactory.doGetBean(AbstractBeanFactory.java:335) ~[spring-beans-6.1.10.jar:6.1.10]
	at org.springframework.beans.factory.support.AbstractBeanFactory.getBean(AbstractBeanFactory.java:200) ~[spring-beans-6.1.10.jar:6.1.10]
	at org.springframework.beans.factory.config.DependencyDescriptor.resolveCandidate(DependencyDescriptor.java:254) ~[spring-beans-6.1.10.jar:6.1.10]
	at org.springframework.beans.factory.support.DefaultListableBeanFactory.doResolveDependency(DefaultListableBeanFactory.java:1443) ~[spring-beans-6.1.10.jar:6.1.10]
	at org.springframework.beans.factory.support.DefaultListableBeanFactory.resolveDependency(DefaultListableBeanFactory.java:1353) ~[spring-beans-6.1.10.jar:6.1.10]
	at org.springframework.beans.factory.support.ConstructorResolver.resolveAutowiredArgument(ConstructorResolver.java:904) ~[spring-beans-6.1.10.jar:6.1.10]
	at org.springframework.beans.factory.support.ConstructorResolver.createArgumentArray(ConstructorResolver.java:782) ~[spring-beans-6.1.10.jar:6.1.10]
	... 19 common frames omitted
Caused by: org.springframework.beans.factory.NoSuchBeanDefinitionException: No qualifying bean of type 'com.example.Springboot_Basics.JdbcConnectivity.IPersonRepo' available: expected at least 1 bean which qualifies as autowire candidate. Dependency annotations: {@org.springframework.beans.factory.annotation.Qualifier("personRepository")}
	at org.springframework.beans.factory.support.DefaultListableBeanFactory.raiseNoMatchingBeanFound(DefaultListableBeanFactory.java:1880) ~[spring-beans-6.1.10.jar:6.1.10]
	at org.springframework.beans.factory.support.DefaultListableBeanFactory.doResolveDependency(DefaultListableBeanFactory.java:1406) ~[spring-beans-6.1.10.jar:6.1.10]
	at org.springframework.beans.factory.support.DefaultListableBeanFactory.resolveDependency(DefaultListableBeanFactory.java:1353) ~[spring-beans-6.1.10.jar:6.1.10]
	at org.springframework.beans.factory.support.ConstructorResolver.resolveAutowiredArgument(ConstructorResolver.java:904) ~[spring-beans-6.1.10.jar:6.1.10]
	at org.springframework.beans.factory.support.ConstructorResolver.createArgumentArray(ConstructorResolver.java:782) ~[spring-beans-6.1.10.jar:6.1.10]
	... 33 common frames omitted

2024-07-09T16:01:28.589+05:30  INFO 22904 --- [Springboot_Basics] [main] c.e.S.SpringbootBasicsApplication        : Starting SpringbootBasicsApplication using Java 18.0.1.1 with PID 22904 (C:\Users\ACER\IdeaProjects\Springboot_Basics\target\classes started by ACER in C:\Users\ACER\IdeaProjects\Springboot_Basics)
2024-07-09T16:01:28.592+05:30  INFO 22904 --- [Springboot_Basics] [main] c.e.S.SpringbootBasicsApplication        : No active profile set, falling back to 1 default profile: "default"
2024-07-09T16:01:29.845+05:30  INFO 22904 --- [Springboot_Basics] [main] o.s.b.w.embedded.tomcat.TomcatWebServer  : Tomcat initialized with port 8080 (http)
2024-07-09T16:01:29.855+05:30  INFO 22904 --- [Springboot_Basics] [main] o.apache.catalina.core.StandardService   : Starting service [Tomcat]
2024-07-09T16:01:29.856+05:30  INFO 22904 --- [Springboot_Basics] [main] o.apache.catalina.core.StandardEngine    : Starting Servlet engine: [Apache Tomcat/10.1.25]
2024-07-09T16:01:29.898+05:30  INFO 22904 --- [Springboot_Basics] [main] o.a.c.c.C.[Tomcat].[localhost].[/]       : Initializing Spring embedded WebApplicationContext
2024-07-09T16:01:29.899+05:30  INFO 22904 --- [Springboot_Basics] [main] w.s.c.ServletWebServerApplicationContext : Root WebApplicationContext: initialization completed in 1242 ms
2024-07-09T16:01:29.969+05:30  WARN 22904 --- [Springboot_Basics] [main] ConfigServletWebServerApplicationContext : Exception encountered during context initialization - cancelling refresh attempt: org.springframework.beans.factory.UnsatisfiedDependencyException: Error creating bean with name 'personController' defined in file [C:\Users\ACER\IdeaProjects\Springboot_Basics\target\classes\com\example\Springboot_Basics\JdbcConnectivity\MySqlConnector\controller\PersonController.class]: Unsatisfied dependency expressed through constructor parameter 0: Error creating bean with name 'personService' defined in file [C:\Users\ACER\IdeaProjects\Springboot_Basics\target\classes\com\example\Springboot_Basics\JdbcConnectivity\MySqlConnector\service\PersonService.class]: Unsatisfied dependency expressed through constructor parameter 0: No qualifying bean of type 'com.example.Springboot_Basics.JdbcConnectivity.IPersonRepo' available: expected at least 1 bean which qualifies as autowire candidate. Dependency annotations: {@org.springframework.beans.factory.annotation.Qualifier("personRepository")}
2024-07-09T16:01:29.972+05:30  INFO 22904 --- [Springboot_Basics] [main] o.apache.catalina.core.StandardService   : Stopping service [Tomcat]
2024-07-09T16:01:29.989+05:30  INFO 22904 --- [Springboot_Basics] [main] .s.b.a.l.ConditionEvaluationReportLogger : 

Error starting ApplicationContext. To display the condition evaluation report re-run your application with 'debug' enabled.
2024-07-09T16:01:30.015+05:30 ERROR 22904 --- [Springboot_Basics] [main] o.s.boot.SpringApplication               : Application run failed

org.springframework.beans.factory.UnsatisfiedDependencyException: Error creating bean with name 'personController' defined in file [C:\Users\ACER\IdeaProjects\Springboot_Basics\target\classes\com\example\Springboot_Basics\JdbcConnectivity\MySqlConnector\controller\PersonController.class]: Unsatisfied dependency expressed through constructor parameter 0: Error creating bean with name 'personService' defined in file [C:\Users\ACER\IdeaProjects\Springboot_Basics\target\classes\com\example\Springboot_Basics\JdbcConnectivity\MySqlConnector\service\PersonService.class]: Unsatisfied dependency expressed through constructor parameter 0: No qualifying bean of type 'com.example.Springboot_Basics.JdbcConnectivity.IPersonRepo' available: expected at least 1 bean which qualifies as autowire candidate. Dependency annotations: {@org.springframework.beans.factory.annotation.Qualifier("personRepository")}
	at org.springframework.beans.factory.support.ConstructorResolver.createArgumentArray(ConstructorResolver.java:795) ~[spring-beans-6.1.10.jar:6.1.10]
	at org.springframework.beans.factory.support.ConstructorResolver.autowireConstructor(ConstructorResolver.java:237) ~[spring-beans-6.1.10.jar:6.1.10]
	at org.springframework.beans.factory.support.AbstractAutowireCapableBeanFactory.autowireConstructor(AbstractAutowireCapableBeanFactory.java:1357) ~[spring-beans-6.1.10.jar:6.1.10]
	at org.springframework.beans.factory.support.AbstractAutowireCapableBeanFactory.createBeanInstance(AbstractAutowireCapableBeanFactory.java:1194) ~[spring-beans-6.1.10.jar:6.1.10]
	at org.springframework.beans.factory.support.AbstractAutowireCapableBeanFactory.doCreateBean(AbstractAutowireCapableBeanFactory.java:562) ~[spring-beans-6.1.10.jar:6.1.10]
	at org.springframework.beans.factory.support.AbstractAutowireCapableBeanFactory.createBean(AbstractAutowireCapableBeanFactory.java:522) ~[spring-beans-6.1.10.jar:6.1.10]
	at org.springframework.beans.factory.support.AbstractBeanFactory.lambda$doGetBean$0(AbstractBeanFactory.java:337) ~[spring-beans-6.1.10.jar:6.1.10]
	at org.springframework.beans.factory.support.DefaultSingletonBeanRegistry.getSingleton(DefaultSingletonBeanRegistry.java:234) ~[spring-beans-6.1.10.jar:6.1.10]
	at org.springframework.beans.factory.support.AbstractBeanFactory.doGetBean(AbstractBeanFactory.java:335) ~[spring-beans-6.1.10.jar:6.1.10]
	at org.springframework.beans.factory.support.AbstractBeanFactory.getBean(AbstractBeanFactory.java:200) ~[spring-beans-6.1.10.jar:6.1.10]
	at org.springframework.beans.factory.support.DefaultListableBeanFactory.preInstantiateSingletons(DefaultListableBeanFactory.java:975) ~[spring-beans-6.1.10.jar:6.1.10]
	at org.springframework.context.support.AbstractApplicationContext.finishBeanFactoryInitialization(AbstractApplicationContext.java:962) ~[spring-context-6.1.10.jar:6.1.10]
	at org.springframework.context.support.AbstractApplicationContext.refresh(AbstractApplicationContext.java:624) ~[spring-context-6.1.10.jar:6.1.10]
	at org.springframework.boot.web.servlet.context.ServletWebServerApplicationContext.refresh(ServletWebServerApplicationContext.java:146) ~[spring-boot-3.3.1.jar:3.3.1]
	at org.springframework.boot.SpringApplication.refresh(SpringApplication.java:754) ~[spring-boot-3.3.1.jar:3.3.1]
	at org.springframework.boot.SpringApplication.refreshContext(SpringApplication.java:456) ~[spring-boot-3.3.1.jar:3.3.1]
	at org.springframework.boot.SpringApplication.run(SpringApplication.java:335) ~[spring-boot-3.3.1.jar:3.3.1]
	at org.springframework.boot.SpringApplication.run(SpringApplication.java:1363) ~[spring-boot-3.3.1.jar:3.3.1]
	at org.springframework.boot.SpringApplication.run(SpringApplication.java:1352) ~[spring-boot-3.3.1.jar:3.3.1]
	at com.example.Springboot_Basics.SpringbootBasicsApplication.main(SpringbootBasicsApplication.java:10) ~[classes/:na]
Caused by: org.springframework.beans.factory.UnsatisfiedDependencyException: Error creating bean with name 'personService' defined in file [C:\Users\ACER\IdeaProjects\Springboot_Basics\target\classes\com\example\Springboot_Basics\JdbcConnectivity\MySqlConnector\service\PersonService.class]: Unsatisfied dependency expressed through constructor parameter 0: No qualifying bean of type 'com.example.Springboot_Basics.JdbcConnectivity.IPersonRepo' available: expected at least 1 bean which qualifies as autowire candidate. Dependency annotations: {@org.springframework.beans.factory.annotation.Qualifier("personRepository")}
	at org.springframework.beans.factory.support.ConstructorResolver.createArgumentArray(ConstructorResolver.java:795) ~[spring-beans-6.1.10.jar:6.1.10]
	at org.springframework.beans.factory.support.ConstructorResolver.autowireConstructor(ConstructorResolver.java:237) ~[spring-beans-6.1.10.jar:6.1.10]
	at org.springframework.beans.factory.support.AbstractAutowireCapableBeanFactory.autowireConstructor(AbstractAutowireCapableBeanFactory.java:1357) ~[spring-beans-6.1.10.jar:6.1.10]
	at org.springframework.beans.factory.support.AbstractAutowireCapableBeanFactory.createBeanInstance(AbstractAutowireCapableBeanFactory.java:1194) ~[spring-beans-6.1.10.jar:6.1.10]
	at org.springframework.beans.factory.support.AbstractAutowireCapableBeanFactory.doCreateBean(AbstractAutowireCapableBeanFactory.java:562) ~[spring-beans-6.1.10.jar:6.1.10]
	at org.springframework.beans.factory.support.AbstractAutowireCapableBeanFactory.createBean(AbstractAutowireCapableBeanFactory.java:522) ~[spring-beans-6.1.10.jar:6.1.10]
	at org.springframework.beans.factory.support.AbstractBeanFactory.lambda$doGetBean$0(AbstractBeanFactory.java:337) ~[spring-beans-6.1.10.jar:6.1.10]
	at org.springframework.beans.factory.support.DefaultSingletonBeanRegistry.getSingleton(DefaultSingletonBeanRegistry.java:234) ~[spring-beans-6.1.10.jar:6.1.10]
	at org.springframework.beans.factory.support.AbstractBeanFactory.doGetBean(AbstractBeanFactory.java:335) ~[spring-beans-6.1.10.jar:6.1.10]
	at org.springframework.beans.factory.support.AbstractBeanFactory.getBean(AbstractBeanFactory.java:200) ~[spring-beans-6.1.10.jar:6.1.10]
	at org.springframework.beans.factory.config.DependencyDescriptor.resolveCandidate(DependencyDescriptor.java:254) ~[spring-beans-6.1.10.jar:6.1.10]
	at org.springframework.beans.factory.support.DefaultListableBeanFactory.doResolveDependency(DefaultListableBeanFactory.java:1443) ~[spring-beans-6.1.10.jar:6.1.10]
	at org.springframework.beans.factory.support.DefaultListableBeanFactory.resolveDependency(DefaultListableBeanFactory.java:1353) ~[spring-beans-6.1.10.jar:6.1.10]
	at org.springframework.beans.factory.support.ConstructorResolver.resolveAutowiredArgument(ConstructorResolver.java:904) ~[spring-beans-6.1.10.jar:6.1.10]
	at org.springframework.beans.factory.support.ConstructorResolver.createArgumentArray(ConstructorResolver.java:782) ~[spring-beans-6.1.10.jar:6.1.10]
	... 19 common frames omitted
Caused by: org.springframework.beans.factory.NoSuchBeanDefinitionException: No qualifying bean of type 'com.example.Springboot_Basics.JdbcConnectivity.IPersonRepo' available: expected at least 1 bean which qualifies as autowire candidate. Dependency annotations: {@org.springframework.beans.factory.annotation.Qualifier("personRepository")}
	at org.springframework.beans.factory.support.DefaultListableBeanFactory.raiseNoMatchingBeanFound(DefaultListableBeanFactory.java:1880) ~[spring-beans-6.1.10.jar:6.1.10]
	at org.springframework.beans.factory.support.DefaultListableBeanFactory.doResolveDependency(DefaultListableBeanFactory.java:1406) ~[spring-beans-6.1.10.jar:6.1.10]
	at org.springframework.beans.factory.support.DefaultListableBeanFactory.resolveDependency(DefaultListableBeanFactory.java:1353) ~[spring-beans-6.1.10.jar:6.1.10]
	at org.springframework.beans.factory.support.ConstructorResolver.resolveAutowiredArgument(ConstructorResolver.java:904) ~[spring-beans-6.1.10.jar:6.1.10]
	at org.springframework.beans.factory.support.ConstructorResolver.createArgumentArray(ConstructorResolver.java:782) ~[spring-beans-6.1.10.jar:6.1.10]
	... 33 common frames omitted

2024-07-09T16:02:57.458+05:30  INFO 20960 --- [Springboot_Basics] [main] c.e.S.SpringbootBasicsApplication        : Starting SpringbootBasicsApplication using Java 18.0.1.1 with PID 20960 (C:\Users\ACER\IdeaProjects\Springboot_Basics\target\classes started by ACER in C:\Users\ACER\IdeaProjects\Springboot_Basics)
2024-07-09T16:02:57.461+05:30  INFO 20960 --- [Springboot_Basics] [main] c.e.S.SpringbootBasicsApplication        : No active profile set, falling back to 1 default profile: "default"
2024-07-09T16:02:58.031+05:30  WARN 20960 --- [Springboot_Basics] [main] ConfigServletWebServerApplicationContext : Exception encountered during context initialization - cancelling refresh attempt: org.springframework.beans.factory.support.BeanDefinitionOverrideException: Invalid bean definition with name 'dbBean' defined in class path resource [com/example/Springboot_Basics/JdbcConnectivity/MySqlConnector/DbBean.class]: Cannot register bean definition [Root bean: class [null]; scope=; abstract=false; lazyInit=null; autowireMode=3; dependencyCheck=0; autowireCandidate=true; primary=false; factoryBeanName=dbBean; factoryMethodName=connectToDB; initMethodNames=null; destroyMethodNames=[(inferred)]; defined in class path resource [com/example/Springboot_Basics/JdbcConnectivity/MySqlConnector/DbBean.class]] for bean 'dbBean' since there is already [Generic bean: class [com.example.Springboot_Basics.JdbcConnectivity.MySqlConnector.DbBean]; scope=singleton; abstract=false; lazyInit=null; autowireMode=0; dependencyCheck=0; autowireCandidate=true; primary=false; factoryBeanName=null; factoryMethodName=null; initMethodNames=null; destroyMethodNames=null; defined in file [C:\Users\ACER\IdeaProjects\Springboot_Basics\target\classes\com\example\Springboot_Basics\JdbcConnectivity\MySqlConnector\DbBean.class]] bound.
2024-07-09T16:02:58.039+05:30  INFO 20960 --- [Springboot_Basics] [main] .s.b.a.l.ConditionEvaluationReportLogger : 

Error starting ApplicationContext. To display the condition evaluation report re-run your application with 'debug' enabled.
2024-07-09T16:02:58.054+05:30 ERROR 20960 --- [Springboot_Basics] [main] o.s.b.d.LoggingFailureAnalysisReporter   : 

***************************
APPLICATION FAILED TO START
***************************

Description:

The bean 'dbBean', defined in class path resource [com/example/Springboot_Basics/JdbcConnectivity/MySqlConnector/DbBean.class], could not be registered. A bean with that name has already been defined in file [C:\Users\ACER\IdeaProjects\Springboot_Basics\target\classes\com\example\Springboot_Basics\JdbcConnectivity\MySqlConnector\DbBean.class] and overriding is disabled.

Action:

Consider renaming one of the beans or enabling overriding by setting spring.main.allow-bean-definition-overriding=true

2024-07-09T16:03:10.434+05:30  INFO 13804 --- [Springboot_Basics] [main] c.e.S.SpringbootBasicsApplication        : Starting SpringbootBasicsApplication using Java 18.0.1.1 with PID 13804 (C:\Users\ACER\IdeaProjects\Springboot_Basics\target\classes started by ACER in C:\Users\ACER\IdeaProjects\Springboot_Basics)
2024-07-09T16:03:10.438+05:30  INFO 13804 --- [Springboot_Basics] [main] c.e.S.SpringbootBasicsApplication        : No active profile set, falling back to 1 default profile: "default"
2024-07-09T16:03:11.745+05:30  INFO 13804 --- [Springboot_Basics] [main] o.s.b.w.embedded.tomcat.TomcatWebServer  : Tomcat initialized with port 8080 (http)
2024-07-09T16:03:11.759+05:30  INFO 13804 --- [Springboot_Basics] [main] o.apache.catalina.core.StandardService   : Starting service [Tomcat]
2024-07-09T16:03:11.759+05:30  INFO 13804 --- [Springboot_Basics] [main] o.apache.catalina.core.StandardEngine    : Starting Servlet engine: [Apache Tomcat/10.1.25]
2024-07-09T16:03:11.821+05:30  INFO 13804 --- [Springboot_Basics] [main] o.a.c.c.C.[Tomcat].[localhost].[/]       : Initializing Spring embedded WebApplicationContext
2024-07-09T16:03:11.822+05:30  INFO 13804 --- [Springboot_Basics] [main] w.s.c.ServletWebServerApplicationContext : Root WebApplicationContext: initialization completed in 1316 ms
2024-07-09T16:03:11.881+05:30  WARN 13804 --- [Springboot_Basics] [main] ConfigServletWebServerApplicationContext : Exception encountered during context initialization - cancelling refresh attempt: org.springframework.beans.factory.UnsatisfiedDependencyException: Error creating bean with name 'personController' defined in file [C:\Users\ACER\IdeaProjects\Springboot_Basics\target\classes\com\example\Springboot_Basics\JdbcConnectivity\MySqlConnector\controller\PersonController.class]: Unsatisfied dependency expressed through constructor parameter 0: Error creating bean with name 'personService' defined in file [C:\Users\ACER\IdeaProjects\Springboot_Basics\target\classes\com\example\Springboot_Basics\JdbcConnectivity\MySqlConnector\service\PersonService.class]: Unsatisfied dependency expressed through constructor parameter 0: No qualifying bean of type 'com.example.Springboot_Basics.JdbcConnectivity.IPersonRepo' available: expected at least 1 bean which qualifies as autowire candidate. Dependency annotations: {@org.springframework.beans.factory.annotation.Qualifier("personRepository")}
2024-07-09T16:03:11.884+05:30  INFO 13804 --- [Springboot_Basics] [main] o.apache.catalina.core.StandardService   : Stopping service [Tomcat]
2024-07-09T16:03:11.906+05:30  INFO 13804 --- [Springboot_Basics] [main] .s.b.a.l.ConditionEvaluationReportLogger : 

Error starting ApplicationContext. To display the condition evaluation report re-run your application with 'debug' enabled.
2024-07-09T16:03:11.933+05:30 ERROR 13804 --- [Springboot_Basics] [main] o.s.b.d.LoggingFailureAnalysisReporter   : 

***************************
APPLICATION FAILED TO START
***************************

Description:

Parameter 0 of constructor in com.example.Springboot_Basics.JdbcConnectivity.MySqlConnector.service.PersonService required a bean of type 'com.example.Springboot_Basics.JdbcConnectivity.IPersonRepo' that could not be found.

The injection point has the following annotations:
	- @org.springframework.beans.factory.annotation.Qualifier("personService")


Action:

Consider defining a bean of type 'com.example.Springboot_Basics.JdbcConnectivity.IPersonRepo' in your configuration.

2024-07-09T16:05:40.958+05:30  INFO 9580 --- [Springboot_Basics] [main] c.e.S.SpringbootBasicsApplication        : Starting SpringbootBasicsApplication using Java 18.0.1.1 with PID 9580 (C:\Users\ACER\IdeaProjects\Springboot_Basics\target\classes started by ACER in C:\Users\ACER\IdeaProjects\Springboot_Basics)
2024-07-09T16:05:40.961+05:30  INFO 9580 --- [Springboot_Basics] [main] c.e.S.SpringbootBasicsApplication        : No active profile set, falling back to 1 default profile: "default"
2024-07-09T16:05:42.266+05:30  INFO 9580 --- [Springboot_Basics] [main] o.s.b.w.embedded.tomcat.TomcatWebServer  : Tomcat initialized with port 8080 (http)
2024-07-09T16:05:42.276+05:30  INFO 9580 --- [Springboot_Basics] [main] o.apache.catalina.core.StandardService   : Starting service [Tomcat]
2024-07-09T16:05:42.277+05:30  INFO 9580 --- [Springboot_Basics] [main] o.apache.catalina.core.StandardEngine    : Starting Servlet engine: [Apache Tomcat/10.1.25]
2024-07-09T16:05:42.323+05:30  INFO 9580 --- [Springboot_Basics] [main] o.a.c.c.C.[Tomcat].[localhost].[/]       : Initializing Spring embedded WebApplicationContext
2024-07-09T16:05:42.323+05:30  INFO 9580 --- [Springboot_Basics] [main] w.s.c.ServletWebServerApplicationContext : Root WebApplicationContext: initialization completed in 1299 ms
2024-07-09T16:05:42.380+05:30  WARN 9580 --- [Springboot_Basics] [main] ConfigServletWebServerApplicationContext : Exception encountered during context initialization - cancelling refresh attempt: org.springframework.beans.factory.UnsatisfiedDependencyException: Error creating bean with name 'personController' defined in file [C:\Users\ACER\IdeaProjects\Springboot_Basics\target\classes\com\example\Springboot_Basics\JdbcConnectivity\MySqlConnector\controller\PersonController.class]: Unsatisfied dependency expressed through constructor parameter 0: Error creating bean with name 'personService' defined in file [C:\Users\ACER\IdeaProjects\Springboot_Basics\target\classes\com\example\Springboot_Basics\JdbcConnectivity\MySqlConnector\service\PersonService.class]: Unsatisfied dependency expressed through constructor parameter 0: No qualifying bean of type 'com.example.Springboot_Basics.JdbcConnectivity.IPersonRepo' available: expected at least 1 bean which qualifies as autowire candidate. Dependency annotations: {@org.springframework.beans.factory.annotation.Qualifier("personRepository")}
2024-07-09T16:05:42.384+05:30  INFO 9580 --- [Springboot_Basics] [main] o.apache.catalina.core.StandardService   : Stopping service [Tomcat]
2024-07-09T16:05:42.402+05:30  INFO 9580 --- [Springboot_Basics] [main] .s.b.a.l.ConditionEvaluationReportLogger : 

Error starting ApplicationContext. To display the condition evaluation report re-run your application with 'debug' enabled.
2024-07-09T16:05:42.423+05:30 ERROR 9580 --- [Springboot_Basics] [main] o.s.b.d.LoggingFailureAnalysisReporter   : 

***************************
APPLICATION FAILED TO START
***************************

Description:

Parameter 0 of constructor in com.example.Springboot_Basics.JdbcConnectivity.MySqlConnector.service.PersonService required a bean of type 'com.example.Springboot_Basics.JdbcConnectivity.IPersonRepo' that could not be found.

The injection point has the following annotations:
	- @org.springframework.beans.factory.annotation.Qualifier("personService")


Action:

Consider defining a bean of type 'com.example.Springboot_Basics.JdbcConnectivity.IPersonRepo' in your configuration.

2024-07-09T16:10:51.782+05:30  INFO 21164 --- [Springboot_Basics] [main] c.e.S.SpringbootBasicsApplication        : Starting SpringbootBasicsApplication using Java 18.0.1.1 with PID 21164 (C:\Users\ACER\IdeaProjects\Springboot_Basics\target\classes started by ACER in C:\Users\ACER\IdeaProjects\Springboot_Basics)
2024-07-09T16:10:51.785+05:30  INFO 21164 --- [Springboot_Basics] [main] c.e.S.SpringbootBasicsApplication        : No active profile set, falling back to 1 default profile: "default"
2024-07-09T16:10:52.813+05:30  INFO 21164 --- [Springboot_Basics] [main] o.s.b.w.embedded.tomcat.TomcatWebServer  : Tomcat initialized with port 8080 (http)
2024-07-09T16:10:52.824+05:30  INFO 21164 --- [Springboot_Basics] [main] o.apache.catalina.core.StandardService   : Starting service [Tomcat]
2024-07-09T16:10:52.824+05:30  INFO 21164 --- [Springboot_Basics] [main] o.apache.catalina.core.StandardEngine    : Starting Servlet engine: [Apache Tomcat/10.1.25]
2024-07-09T16:10:52.877+05:30  INFO 21164 --- [Springboot_Basics] [main] o.a.c.c.C.[Tomcat].[localhost].[/]       : Initializing Spring embedded WebApplicationContext
2024-07-09T16:10:52.877+05:30  INFO 21164 --- [Springboot_Basics] [main] w.s.c.ServletWebServerApplicationContext : Root WebApplicationContext: initialization completed in 1045 ms
2024-07-09T16:10:52.934+05:30  WARN 21164 --- [Springboot_Basics] [main] ConfigServletWebServerApplicationContext : Exception encountered during context initialization - cancelling refresh attempt: org.springframework.beans.factory.UnsatisfiedDependencyException: Error creating bean with name 'personController' defined in file [C:\Users\ACER\IdeaProjects\Springboot_Basics\target\classes\com\example\Springboot_Basics\JdbcConnectivity\MySqlConnector\controller\PersonController.class]: Unsatisfied dependency expressed through constructor parameter 0: Error creating bean with name 'personService' defined in file [C:\Users\ACER\IdeaProjects\Springboot_Basics\target\classes\com\example\Springboot_Basics\JdbcConnectivity\MySqlConnector\service\PersonService.class]: Unsatisfied dependency expressed through constructor parameter 0: No qualifying bean of type 'com.example.Springboot_Basics.JdbcConnectivity.IPersonRepo' available: expected at least 1 bean which qualifies as autowire candidate. Dependency annotations: {@org.springframework.beans.factory.annotation.Qualifier("personRepository")}
2024-07-09T16:10:52.937+05:30  INFO 21164 --- [Springboot_Basics] [main] o.apache.catalina.core.StandardService   : Stopping service [Tomcat]
2024-07-09T16:10:52.950+05:30  INFO 21164 --- [Springboot_Basics] [main] .s.b.a.l.ConditionEvaluationReportLogger : 

Error starting ApplicationContext. To display the condition evaluation report re-run your application with 'debug' enabled.
2024-07-09T16:10:52.971+05:30 ERROR 21164 --- [Springboot_Basics] [main] o.s.b.d.LoggingFailureAnalysisReporter   : 

***************************
APPLICATION FAILED TO START
***************************

Description:

Parameter 0 of constructor in com.example.Springboot_Basics.JdbcConnectivity.MySqlConnector.service.PersonService required a bean of type 'com.example.Springboot_Basics.JdbcConnectivity.IPersonRepo' that could not be found.

The injection point has the following annotations:
	- @org.springframework.beans.factory.annotation.Qualifier("personService")


Action:

Consider defining a bean of type 'com.example.Springboot_Basics.JdbcConnectivity.IPersonRepo' in your configuration.

2024-07-09T16:11:10.266+05:30  INFO 21440 --- [Springboot_Basics] [main] c.e.S.SpringbootBasicsApplication        : Starting SpringbootBasicsApplication using Java 18.0.1.1 with PID 21440 (C:\Users\ACER\IdeaProjects\Springboot_Basics\target\classes started by ACER in C:\Users\ACER\IdeaProjects\Springboot_Basics)
2024-07-09T16:11:10.269+05:30  INFO 21440 --- [Springboot_Basics] [main] c.e.S.SpringbootBasicsApplication        : No active profile set, falling back to 1 default profile: "default"
2024-07-09T16:11:11.305+05:30  INFO 21440 --- [Springboot_Basics] [main] o.s.b.w.embedded.tomcat.TomcatWebServer  : Tomcat initialized with port 8080 (http)
2024-07-09T16:11:11.316+05:30  INFO 21440 --- [Springboot_Basics] [main] o.apache.catalina.core.StandardService   : Starting service [Tomcat]
2024-07-09T16:11:11.316+05:30  INFO 21440 --- [Springboot_Basics] [main] o.apache.catalina.core.StandardEngine    : Starting Servlet engine: [Apache Tomcat/10.1.25]
2024-07-09T16:11:11.372+05:30  INFO 21440 --- [Springboot_Basics] [main] o.a.c.c.C.[Tomcat].[localhost].[/]       : Initializing Spring embedded WebApplicationContext
2024-07-09T16:11:11.373+05:30  INFO 21440 --- [Springboot_Basics] [main] w.s.c.ServletWebServerApplicationContext : Root WebApplicationContext: initialization completed in 1059 ms
2024-07-09T16:11:11.434+05:30  WARN 21440 --- [Springboot_Basics] [main] ConfigServletWebServerApplicationContext : Exception encountered during context initialization - cancelling refresh attempt: org.springframework.beans.factory.UnsatisfiedDependencyException: Error creating bean with name 'personController' defined in file [C:\Users\ACER\IdeaProjects\Springboot_Basics\target\classes\com\example\Springboot_Basics\JdbcConnectivity\MySqlConnector\controller\PersonController.class]: Unsatisfied dependency expressed through constructor parameter 0: Error creating bean with name 'personService' defined in file [C:\Users\ACER\IdeaProjects\Springboot_Basics\target\classes\com\example\Springboot_Basics\JdbcConnectivity\MySqlConnector\service\PersonService.class]: Unsatisfied dependency expressed through constructor parameter 0: No qualifying bean of type 'com.example.Springboot_Basics.JdbcConnectivity.IPersonRepo' available: expected at least 1 bean which qualifies as autowire candidate. Dependency annotations: {@org.springframework.beans.factory.annotation.Qualifier("personRepository")}
2024-07-09T16:11:11.437+05:30  INFO 21440 --- [Springboot_Basics] [main] o.apache.catalina.core.StandardService   : Stopping service [Tomcat]
2024-07-09T16:11:11.451+05:30  INFO 21440 --- [Springboot_Basics] [main] .s.b.a.l.ConditionEvaluationReportLogger : 

Error starting ApplicationContext. To display the condition evaluation report re-run your application with 'debug' enabled.
2024-07-09T16:11:11.477+05:30 ERROR 21440 --- [Springboot_Basics] [main] o.s.b.d.LoggingFailureAnalysisReporter   : 

***************************
APPLICATION FAILED TO START
***************************

Description:

Parameter 0 of constructor in com.example.Springboot_Basics.JdbcConnectivity.MySqlConnector.service.PersonService required a bean of type 'com.example.Springboot_Basics.JdbcConnectivity.IPersonRepo' that could not be found.

The injection point has the following annotations:
	- @org.springframework.beans.factory.annotation.Qualifier("personService")


Action:

Consider defining a bean of type 'com.example.Springboot_Basics.JdbcConnectivity.IPersonRepo' in your configuration.

2024-07-09T16:12:15.081+05:30  INFO 14452 --- [Springboot_Basics] [main] c.e.S.SpringbootBasicsApplication        : Starting SpringbootBasicsApplication using Java 18.0.1.1 with PID 14452 (C:\Users\ACER\IdeaProjects\Springboot_Basics\target\classes started by ACER in C:\Users\ACER\IdeaProjects\Springboot_Basics)
2024-07-09T16:12:15.084+05:30  INFO 14452 --- [Springboot_Basics] [main] c.e.S.SpringbootBasicsApplication        : No active profile set, falling back to 1 default profile: "default"
2024-07-09T16:12:16.144+05:30  INFO 14452 --- [Springboot_Basics] [main] o.s.b.w.embedded.tomcat.TomcatWebServer  : Tomcat initialized with port 8080 (http)
2024-07-09T16:12:16.154+05:30  INFO 14452 --- [Springboot_Basics] [main] o.apache.catalina.core.StandardService   : Starting service [Tomcat]
2024-07-09T16:12:16.154+05:30  INFO 14452 --- [Springboot_Basics] [main] o.apache.catalina.core.StandardEngine    : Starting Servlet engine: [Apache Tomcat/10.1.25]
2024-07-09T16:12:16.207+05:30  INFO 14452 --- [Springboot_Basics] [main] o.a.c.c.C.[Tomcat].[localhost].[/]       : Initializing Spring embedded WebApplicationContext
2024-07-09T16:12:16.207+05:30  INFO 14452 --- [Springboot_Basics] [main] w.s.c.ServletWebServerApplicationContext : Root WebApplicationContext: initialization completed in 1080 ms
2024-07-09T16:12:16.278+05:30  WARN 14452 --- [Springboot_Basics] [main] ConfigServletWebServerApplicationContext : Exception encountered during context initialization - cancelling refresh attempt: org.springframework.beans.factory.UnsatisfiedDependencyException: Error creating bean with name 'personController' defined in file [C:\Users\ACER\IdeaProjects\Springboot_Basics\target\classes\com\example\Springboot_Basics\JdbcConnectivity\MySqlConnector\controller\PersonController.class]: Unsatisfied dependency expressed through constructor parameter 0: Error creating bean with name 'personService' defined in file [C:\Users\ACER\IdeaProjects\Springboot_Basics\target\classes\com\example\Springboot_Basics\JdbcConnectivity\MySqlConnector\service\PersonService.class]: Unsatisfied dependency expressed through constructor parameter 0: No qualifying bean of type 'com.example.Springboot_Basics.JdbcConnectivity.IPersonRepo' available: expected at least 1 bean which qualifies as autowire candidate. Dependency annotations: {@org.springframework.beans.factory.annotation.Qualifier("personRepository")}
2024-07-09T16:12:16.282+05:30  INFO 14452 --- [Springboot_Basics] [main] o.apache.catalina.core.StandardService   : Stopping service [Tomcat]
2024-07-09T16:12:16.299+05:30  INFO 14452 --- [Springboot_Basics] [main] .s.b.a.l.ConditionEvaluationReportLogger : 

Error starting ApplicationContext. To display the condition evaluation report re-run your application with 'debug' enabled.
2024-07-09T16:12:16.317+05:30 ERROR 14452 --- [Springboot_Basics] [main] o.s.b.d.LoggingFailureAnalysisReporter   : 

***************************
APPLICATION FAILED TO START
***************************

Description:

Parameter 0 of constructor in com.example.Springboot_Basics.JdbcConnectivity.MySqlConnector.service.PersonService required a bean of type 'com.example.Springboot_Basics.JdbcConnectivity.IPersonRepo' that could not be found.

The injection point has the following annotations:
	- @org.springframework.beans.factory.annotation.Qualifier("personService")


Action:

Consider defining a bean of type 'com.example.Springboot_Basics.JdbcConnectivity.IPersonRepo' in your configuration.

2024-07-09T16:16:50.267+05:30  INFO 21052 --- [Springboot_Basics] [main] c.e.S.SpringbootBasicsApplication        : Starting SpringbootBasicsApplication using Java 18.0.1.1 with PID 21052 (C:\Users\ACER\IdeaProjects\Springboot_Basics\target\classes started by ACER in C:\Users\ACER\IdeaProjects\Springboot_Basics)
2024-07-09T16:16:50.276+05:30  INFO 21052 --- [Springboot_Basics] [main] c.e.S.SpringbootBasicsApplication        : No active profile set, falling back to 1 default profile: "default"
2024-07-09T16:16:51.649+05:30  INFO 21052 --- [Springboot_Basics] [main] o.s.b.w.embedded.tomcat.TomcatWebServer  : Tomcat initialized with port 8080 (http)
2024-07-09T16:16:51.661+05:30  INFO 21052 --- [Springboot_Basics] [main] o.apache.catalina.core.StandardService   : Starting service [Tomcat]
2024-07-09T16:16:51.661+05:30  INFO 21052 --- [Springboot_Basics] [main] o.apache.catalina.core.StandardEngine    : Starting Servlet engine: [Apache Tomcat/10.1.25]
2024-07-09T16:16:51.733+05:30  INFO 21052 --- [Springboot_Basics] [main] o.a.c.c.C.[Tomcat].[localhost].[/]       : Initializing Spring embedded WebApplicationContext
2024-07-09T16:16:51.733+05:30  INFO 21052 --- [Springboot_Basics] [main] w.s.c.ServletWebServerApplicationContext : Root WebApplicationContext: initialization completed in 1374 ms
2024-07-09T16:16:51.809+05:30  WARN 21052 --- [Springboot_Basics] [main] ConfigServletWebServerApplicationContext : Exception encountered during context initialization - cancelling refresh attempt: org.springframework.beans.factory.UnsatisfiedDependencyException: Error creating bean with name 'personController' defined in file [C:\Users\ACER\IdeaProjects\Springboot_Basics\target\classes\com\example\Springboot_Basics\JdbcConnectivity\MySqlConnector\controller\PersonController.class]: Unsatisfied dependency expressed through constructor parameter 0: Error creating bean with name 'personService' defined in file [C:\Users\ACER\IdeaProjects\Springboot_Basics\target\classes\com\example\Springboot_Basics\JdbcConnectivity\MySqlConnector\service\PersonService.class]: Unsatisfied dependency expressed through constructor parameter 0: No qualifying bean of type 'com.example.Springboot_Basics.JdbcConnectivity.IPersonRepo' available: expected at least 1 bean which qualifies as autowire candidate. Dependency annotations: {@org.springframework.beans.factory.annotation.Qualifier("personRepository")}
2024-07-09T16:16:51.815+05:30  INFO 21052 --- [Springboot_Basics] [main] o.apache.catalina.core.StandardService   : Stopping service [Tomcat]
2024-07-09T16:16:51.837+05:30  INFO 21052 --- [Springboot_Basics] [main] .s.b.a.l.ConditionEvaluationReportLogger : 

Error starting ApplicationContext. To display the condition evaluation report re-run your application with 'debug' enabled.
2024-07-09T16:16:51.875+05:30 ERROR 21052 --- [Springboot_Basics] [main] o.s.b.d.LoggingFailureAnalysisReporter   : 

***************************
APPLICATION FAILED TO START
***************************

Description:

Parameter 0 of constructor in com.example.Springboot_Basics.JdbcConnectivity.MySqlConnector.service.PersonService required a bean of type 'com.example.Springboot_Basics.JdbcConnectivity.IPersonRepo' that could not be found.

The injection point has the following annotations:
	- @org.springframework.beans.factory.annotation.Qualifier("personService")


Action:

Consider defining a bean of type 'com.example.Springboot_Basics.JdbcConnectivity.IPersonRepo' in your configuration.

2024-07-09T16:17:28.506+05:30  INFO 22556 --- [Springboot_Basics] [main] c.e.S.SpringbootBasicsApplication        : Starting SpringbootBasicsApplication using Java 18.0.1.1 with PID 22556 (C:\Users\ACER\IdeaProjects\Springboot_Basics\target\classes started by ACER in C:\Users\ACER\IdeaProjects\Springboot_Basics)
2024-07-09T16:17:28.509+05:30  INFO 22556 --- [Springboot_Basics] [main] c.e.S.SpringbootBasicsApplication        : No active profile set, falling back to 1 default profile: "default"
2024-07-09T16:17:29.777+05:30  INFO 22556 --- [Springboot_Basics] [main] o.s.b.w.embedded.tomcat.TomcatWebServer  : Tomcat initialized with port 8080 (http)
2024-07-09T16:17:29.787+05:30  INFO 22556 --- [Springboot_Basics] [main] o.apache.catalina.core.StandardService   : Starting service [Tomcat]
2024-07-09T16:17:29.787+05:30  INFO 22556 --- [Springboot_Basics] [main] o.apache.catalina.core.StandardEngine    : Starting Servlet engine: [Apache Tomcat/10.1.25]
2024-07-09T16:17:29.847+05:30  INFO 22556 --- [Springboot_Basics] [main] o.a.c.c.C.[Tomcat].[localhost].[/]       : Initializing Spring embedded WebApplicationContext
2024-07-09T16:17:29.848+05:30  INFO 22556 --- [Springboot_Basics] [main] w.s.c.ServletWebServerApplicationContext : Root WebApplicationContext: initialization completed in 1272 ms
2024-07-09T16:17:29.921+05:30  WARN 22556 --- [Springboot_Basics] [main] ConfigServletWebServerApplicationContext : Exception encountered during context initialization - cancelling refresh attempt: org.springframework.beans.factory.UnsatisfiedDependencyException: Error creating bean with name 'personController' defined in file [C:\Users\ACER\IdeaProjects\Springboot_Basics\target\classes\com\example\Springboot_Basics\JdbcConnectivity\MySqlConnector\controller\PersonController.class]: Unsatisfied dependency expressed through constructor parameter 0: Error creating bean with name 'personService' defined in file [C:\Users\ACER\IdeaProjects\Springboot_Basics\target\classes\com\example\Springboot_Basics\JdbcConnectivity\MySqlConnector\service\PersonService.class]: Unsatisfied dependency expressed through constructor parameter 0: No qualifying bean of type 'com.example.Springboot_Basics.JdbcConnectivity.IPersonRepo' available: expected at least 1 bean which qualifies as autowire candidate. Dependency annotations: {}
2024-07-09T16:17:29.924+05:30  INFO 22556 --- [Springboot_Basics] [main] o.apache.catalina.core.StandardService   : Stopping service [Tomcat]
2024-07-09T16:17:29.943+05:30  INFO 22556 --- [Springboot_Basics] [main] .s.b.a.l.ConditionEvaluationReportLogger : 

Error starting ApplicationContext. To display the condition evaluation report re-run your application with 'debug' enabled.
2024-07-09T16:17:29.964+05:30 ERROR 22556 --- [Springboot_Basics] [main] o.s.b.d.LoggingFailureAnalysisReporter   : 

***************************
APPLICATION FAILED TO START
***************************

Description:

Parameter 0 of constructor in com.example.Springboot_Basics.JdbcConnectivity.MySqlConnector.service.PersonService required a bean of type 'com.example.Springboot_Basics.JdbcConnectivity.IPersonRepo' that could not be found.

The injection point has the following annotations:
	- @org.springframework.beans.factory.annotation.Qualifier("personService")


Action:

Consider defining a bean of type 'com.example.Springboot_Basics.JdbcConnectivity.IPersonRepo' in your configuration.

2024-07-09T16:18:01.356+05:30  INFO 6752 --- [Springboot_Basics] [main] c.e.S.SpringbootBasicsApplication        : Starting SpringbootBasicsApplication using Java 18.0.1.1 with PID 6752 (C:\Users\ACER\IdeaProjects\Springboot_Basics\target\classes started by ACER in C:\Users\ACER\IdeaProjects\Springboot_Basics)
2024-07-09T16:18:01.360+05:30  INFO 6752 --- [Springboot_Basics] [main] c.e.S.SpringbootBasicsApplication        : No active profile set, falling back to 1 default profile: "default"
2024-07-09T16:18:02.663+05:30  INFO 6752 --- [Springboot_Basics] [main] o.s.b.w.embedded.tomcat.TomcatWebServer  : Tomcat initialized with port 8080 (http)
2024-07-09T16:18:02.672+05:30  INFO 6752 --- [Springboot_Basics] [main] o.apache.catalina.core.StandardService   : Starting service [Tomcat]
2024-07-09T16:18:02.672+05:30  INFO 6752 --- [Springboot_Basics] [main] o.apache.catalina.core.StandardEngine    : Starting Servlet engine: [Apache Tomcat/10.1.25]
2024-07-09T16:18:02.737+05:30  INFO 6752 --- [Springboot_Basics] [main] o.a.c.c.C.[Tomcat].[localhost].[/]       : Initializing Spring embedded WebApplicationContext
2024-07-09T16:18:02.737+05:30  INFO 6752 --- [Springboot_Basics] [main] w.s.c.ServletWebServerApplicationContext : Root WebApplicationContext: initialization completed in 1313 ms
2024-07-09T16:18:03.666+05:30  WARN 6752 --- [Springboot_Basics] [main] ConfigServletWebServerApplicationContext : Exception encountered during context initialization - cancelling refresh attempt: org.springframework.beans.factory.BeanCreationException: Error creating bean with name 'dataSource' defined in class path resource [org/springframework/boot/autoconfigure/jdbc/DataSourceConfiguration$Hikari.class]: Failed to instantiate [com.zaxxer.hikari.HikariDataSource]: Factory method 'dataSource' threw exception with message: Failed to determine a suitable driver class
2024-07-09T16:18:03.672+05:30  INFO 6752 --- [Springboot_Basics] [main] o.apache.catalina.core.StandardService   : Stopping service [Tomcat]
2024-07-09T16:18:03.687+05:30  INFO 6752 --- [Springboot_Basics] [main] .s.b.a.l.ConditionEvaluationReportLogger : 

Error starting ApplicationContext. To display the condition evaluation report re-run your application with 'debug' enabled.
2024-07-09T16:18:03.709+05:30 ERROR 6752 --- [Springboot_Basics] [main] o.s.b.d.LoggingFailureAnalysisReporter   : 

***************************
APPLICATION FAILED TO START
***************************

Description:

Failed to configure a DataSource: 'url' attribute is not specified and no embedded datasource could be configured.

Reason: Failed to determine a suitable driver class


Action:

Consider the following:
	If you want an embedded database (H2, HSQL or Derby), please put it on the classpath.
	If you have database settings to be loaded from a particular profile you may need to activate it (no profiles are currently active).

2024-07-09T16:19:11.560+05:30  INFO 13348 --- [Springboot_Basics] [main] c.e.S.SpringbootBasicsApplication        : Starting SpringbootBasicsApplication using Java 18.0.1.1 with PID 13348 (C:\Users\ACER\IdeaProjects\Springboot_Basics\target\classes started by ACER in C:\Users\ACER\IdeaProjects\Springboot_Basics)
2024-07-09T16:19:11.563+05:30  INFO 13348 --- [Springboot_Basics] [main] c.e.S.SpringbootBasicsApplication        : No active profile set, falling back to 1 default profile: "default"
2024-07-09T16:19:12.762+05:30  INFO 13348 --- [Springboot_Basics] [main] o.s.b.w.embedded.tomcat.TomcatWebServer  : Tomcat initialized with port 8080 (http)
2024-07-09T16:19:12.771+05:30  INFO 13348 --- [Springboot_Basics] [main] o.apache.catalina.core.StandardService   : Starting service [Tomcat]
2024-07-09T16:19:12.771+05:30  INFO 13348 --- [Springboot_Basics] [main] o.apache.catalina.core.StandardEngine    : Starting Servlet engine: [Apache Tomcat/10.1.25]
2024-07-09T16:19:12.827+05:30  INFO 13348 --- [Springboot_Basics] [main] o.a.c.c.C.[Tomcat].[localhost].[/]       : Initializing Spring embedded WebApplicationContext
2024-07-09T16:19:12.827+05:30  INFO 13348 --- [Springboot_Basics] [main] w.s.c.ServletWebServerApplicationContext : Root WebApplicationContext: initialization completed in 1206 ms
2024-07-09T16:19:13.633+05:30  WARN 13348 --- [Springboot_Basics] [main] ConfigServletWebServerApplicationContext : Exception encountered during context initialization - cancelling refresh attempt: org.springframework.beans.factory.BeanCreationException: Error creating bean with name 'dataSource' defined in class path resource [org/springframework/boot/autoconfigure/jdbc/DataSourceConfiguration$Hikari.class]: Failed to instantiate [com.zaxxer.hikari.HikariDataSource]: Factory method 'dataSource' threw exception with message: Failed to determine a suitable driver class
2024-07-09T16:19:13.639+05:30  INFO 13348 --- [Springboot_Basics] [main] o.apache.catalina.core.StandardService   : Stopping service [Tomcat]
2024-07-09T16:19:13.654+05:30  INFO 13348 --- [Springboot_Basics] [main] .s.b.a.l.ConditionEvaluationReportLogger : 

Error starting ApplicationContext. To display the condition evaluation report re-run your application with 'debug' enabled.
2024-07-09T16:19:13.679+05:30 ERROR 13348 --- [Springboot_Basics] [main] o.s.b.d.LoggingFailureAnalysisReporter   : 

***************************
APPLICATION FAILED TO START
***************************

Description:

Failed to configure a DataSource: 'url' attribute is not specified and no embedded datasource could be configured.

Reason: Failed to determine a suitable driver class


Action:

Consider the following:
	If you want an embedded database (H2, HSQL or Derby), please put it on the classpath.
	If you have database settings to be loaded from a particular profile you may need to activate it (no profiles are currently active).

2024-07-09T16:19:25.610+05:30  INFO 17748 --- [Springboot_Basics] [main] c.e.S.SpringbootBasicsApplication        : Starting SpringbootBasicsApplication using Java 18.0.1.1 with PID 17748 (C:\Users\ACER\IdeaProjects\Springboot_Basics\target\classes started by ACER in C:\Users\ACER\IdeaProjects\Springboot_Basics)
2024-07-09T16:19:25.613+05:30  INFO 17748 --- [Springboot_Basics] [main] c.e.S.SpringbootBasicsApplication        : No active profile set, falling back to 1 default profile: "default"
2024-07-09T16:19:26.882+05:30  INFO 17748 --- [Springboot_Basics] [main] o.s.b.w.embedded.tomcat.TomcatWebServer  : Tomcat initialized with port 8080 (http)
2024-07-09T16:19:26.891+05:30  INFO 17748 --- [Springboot_Basics] [main] o.apache.catalina.core.StandardService   : Starting service [Tomcat]
2024-07-09T16:19:26.891+05:30  INFO 17748 --- [Springboot_Basics] [main] o.apache.catalina.core.StandardEngine    : Starting Servlet engine: [Apache Tomcat/10.1.25]
2024-07-09T16:19:26.950+05:30  INFO 17748 --- [Springboot_Basics] [main] o.a.c.c.C.[Tomcat].[localhost].[/]       : Initializing Spring embedded WebApplicationContext
2024-07-09T16:19:26.950+05:30  INFO 17748 --- [Springboot_Basics] [main] w.s.c.ServletWebServerApplicationContext : Root WebApplicationContext: initialization completed in 1279 ms
2024-07-09T16:19:27.905+05:30  INFO 17748 --- [Springboot_Basics] [main] o.s.b.w.embedded.tomcat.TomcatWebServer  : Tomcat started on port 8080 (http) with context path '/'
2024-07-09T16:19:27.917+05:30  INFO 17748 --- [Springboot_Basics] [main] c.e.S.SpringbootBasicsApplication        : Started SpringbootBasicsApplication in 2.798 seconds (process running for 3.207)
2024-07-09T16:19:35.431+05:30  INFO 17748 --- [Springboot_Basics] [http-nio-8080-exec-2] o.a.c.c.C.[Tomcat].[localhost].[/]       : Initializing Spring DispatcherServlet 'dispatcherServlet'
2024-07-09T16:19:35.431+05:30  INFO 17748 --- [Springboot_Basics] [http-nio-8080-exec-2] o.s.web.servlet.DispatcherServlet        : Initializing Servlet 'dispatcherServlet'
2024-07-09T16:19:35.432+05:30  INFO 17748 --- [Springboot_Basics] [http-nio-8080-exec-2] o.s.web.servlet.DispatcherServlet        : Completed initialization in 1 ms
2024-07-09T16:19:35.468+05:30  INFO 17748 --- [Springboot_Basics] [http-nio-8080-exec-2] c.e.S.J.M.repository.PersonRepository    : Fetching persons from MySQl Connector
2024-07-09T16:19:59.179+05:30  INFO 21980 --- [Springboot_Basics] [main] c.e.S.SpringbootBasicsApplication        : Starting SpringbootBasicsApplication using Java 18.0.1.1 with PID 21980 (C:\Users\ACER\IdeaProjects\Springboot_Basics\target\classes started by ACER in C:\Users\ACER\IdeaProjects\Springboot_Basics)
2024-07-09T16:19:59.183+05:30  INFO 21980 --- [Springboot_Basics] [main] c.e.S.SpringbootBasicsApplication        : No active profile set, falling back to 1 default profile: "default"
2024-07-09T16:20:00.488+05:30  INFO 21980 --- [Springboot_Basics] [main] o.s.b.w.embedded.tomcat.TomcatWebServer  : Tomcat initialized with port 8080 (http)
2024-07-09T16:20:00.499+05:30  INFO 21980 --- [Springboot_Basics] [main] o.apache.catalina.core.StandardService   : Starting service [Tomcat]
2024-07-09T16:20:00.500+05:30  INFO 21980 --- [Springboot_Basics] [main] o.apache.catalina.core.StandardEngine    : Starting Servlet engine: [Apache Tomcat/10.1.25]
2024-07-09T16:20:00.555+05:30  INFO 21980 --- [Springboot_Basics] [main] o.a.c.c.C.[Tomcat].[localhost].[/]       : Initializing Spring embedded WebApplicationContext
2024-07-09T16:20:00.555+05:30  INFO 21980 --- [Springboot_Basics] [main] w.s.c.ServletWebServerApplicationContext : Root WebApplicationContext: initialization completed in 1299 ms
2024-07-09T16:20:01.374+05:30  WARN 21980 --- [Springboot_Basics] [main] ConfigServletWebServerApplicationContext : Exception encountered during context initialization - cancelling refresh attempt: org.springframework.beans.factory.BeanCreationException: Error creating bean with name 'dataSource' defined in class path resource [org/springframework/boot/autoconfigure/jdbc/DataSourceConfiguration$Hikari.class]: Failed to instantiate [com.zaxxer.hikari.HikariDataSource]: Factory method 'dataSource' threw exception with message: Failed to determine a suitable driver class
2024-07-09T16:20:01.379+05:30  INFO 21980 --- [Springboot_Basics] [main] o.apache.catalina.core.StandardService   : Stopping service [Tomcat]
2024-07-09T16:20:01.391+05:30  INFO 21980 --- [Springboot_Basics] [main] .s.b.a.l.ConditionEvaluationReportLogger : 

Error starting ApplicationContext. To display the condition evaluation report re-run your application with 'debug' enabled.
2024-07-09T16:20:01.415+05:30 ERROR 21980 --- [Springboot_Basics] [main] o.s.b.d.LoggingFailureAnalysisReporter   : 

***************************
APPLICATION FAILED TO START
***************************

Description:

Failed to configure a DataSource: 'url' attribute is not specified and no embedded datasource could be configured.

Reason: Failed to determine a suitable driver class


Action:

Consider the following:
	If you want an embedded database (H2, HSQL or Derby), please put it on the classpath.
	If you have database settings to be loaded from a particular profile you may need to activate it (no profiles are currently active).

2024-07-09T16:20:31.574+05:30  INFO 14380 --- [Springboot_Basics] [main] c.e.S.SpringbootBasicsApplication        : Starting SpringbootBasicsApplication using Java 18.0.1.1 with PID 14380 (C:\Users\ACER\IdeaProjects\Springboot_Basics\target\classes started by ACER in C:\Users\ACER\IdeaProjects\Springboot_Basics)
2024-07-09T16:20:31.577+05:30  INFO 14380 --- [Springboot_Basics] [main] c.e.S.SpringbootBasicsApplication        : No active profile set, falling back to 1 default profile: "default"
2024-07-09T16:20:32.918+05:30  INFO 14380 --- [Springboot_Basics] [main] o.s.b.w.embedded.tomcat.TomcatWebServer  : Tomcat initialized with port 8080 (http)
2024-07-09T16:20:32.931+05:30  INFO 14380 --- [Springboot_Basics] [main] o.apache.catalina.core.StandardService   : Starting service [Tomcat]
2024-07-09T16:20:32.931+05:30  INFO 14380 --- [Springboot_Basics] [main] o.apache.catalina.core.StandardEngine    : Starting Servlet engine: [Apache Tomcat/10.1.25]
2024-07-09T16:20:33.003+05:30  INFO 14380 --- [Springboot_Basics] [main] o.a.c.c.C.[Tomcat].[localhost].[/]       : Initializing Spring embedded WebApplicationContext
2024-07-09T16:20:33.004+05:30  INFO 14380 --- [Springboot_Basics] [main] w.s.c.ServletWebServerApplicationContext : Root WebApplicationContext: initialization completed in 1364 ms
2024-07-09T16:20:33.852+05:30  WARN 14380 --- [Springboot_Basics] [main] ConfigServletWebServerApplicationContext : Exception encountered during context initialization - cancelling refresh attempt: org.springframework.beans.factory.BeanCreationException: Error creating bean with name 'dataSource' defined in class path resource [org/springframework/boot/autoconfigure/jdbc/DataSourceConfiguration$Hikari.class]: Failed to instantiate [com.zaxxer.hikari.HikariDataSource]: Factory method 'dataSource' threw exception with message: Failed to determine a suitable driver class
2024-07-09T16:20:33.858+05:30  INFO 14380 --- [Springboot_Basics] [main] o.apache.catalina.core.StandardService   : Stopping service [Tomcat]
2024-07-09T16:20:33.872+05:30  INFO 14380 --- [Springboot_Basics] [main] .s.b.a.l.ConditionEvaluationReportLogger : 

Error starting ApplicationContext. To display the condition evaluation report re-run your application with 'debug' enabled.
2024-07-09T16:20:33.895+05:30 ERROR 14380 --- [Springboot_Basics] [main] o.s.b.d.LoggingFailureAnalysisReporter   : 

***************************
APPLICATION FAILED TO START
***************************

Description:

Failed to configure a DataSource: 'url' attribute is not specified and no embedded datasource could be configured.

Reason: Failed to determine a suitable driver class


Action:

Consider the following:
	If you want an embedded database (H2, HSQL or Derby), please put it on the classpath.
	If you have database settings to be loaded from a particular profile you may need to activate it (no profiles are currently active).

2024-07-09T16:21:24.770+05:30  INFO 11396 --- [Springboot_Basics] [main] c.e.S.SpringbootBasicsApplication        : Starting SpringbootBasicsApplication using Java 18.0.1.1 with PID 11396 (C:\Users\ACER\IdeaProjects\Springboot_Basics\target\classes started by ACER in C:\Users\ACER\IdeaProjects\Springboot_Basics)
2024-07-09T16:21:24.773+05:30  INFO 11396 --- [Springboot_Basics] [main] c.e.S.SpringbootBasicsApplication        : No active profile set, falling back to 1 default profile: "default"
2024-07-09T16:21:26.047+05:30  INFO 11396 --- [Springboot_Basics] [main] o.s.b.w.embedded.tomcat.TomcatWebServer  : Tomcat initialized with port 8080 (http)
2024-07-09T16:21:26.061+05:30  INFO 11396 --- [Springboot_Basics] [main] o.apache.catalina.core.StandardService   : Starting service [Tomcat]
2024-07-09T16:21:26.061+05:30  INFO 11396 --- [Springboot_Basics] [main] o.apache.catalina.core.StandardEngine    : Starting Servlet engine: [Apache Tomcat/10.1.25]
2024-07-09T16:21:26.127+05:30  INFO 11396 --- [Springboot_Basics] [main] o.a.c.c.C.[Tomcat].[localhost].[/]       : Initializing Spring embedded WebApplicationContext
2024-07-09T16:21:26.127+05:30  INFO 11396 --- [Springboot_Basics] [main] w.s.c.ServletWebServerApplicationContext : Root WebApplicationContext: initialization completed in 1292 ms
2024-07-09T16:21:26.987+05:30  WARN 11396 --- [Springboot_Basics] [main] ConfigServletWebServerApplicationContext : Exception encountered during context initialization - cancelling refresh attempt: org.springframework.beans.factory.BeanCreationException: Error creating bean with name 'dataSource' defined in class path resource [org/springframework/boot/autoconfigure/jdbc/DataSourceConfiguration$Hikari.class]: Failed to instantiate [com.zaxxer.hikari.HikariDataSource]: Factory method 'dataSource' threw exception with message: Failed to determine a suitable driver class
2024-07-09T16:21:26.993+05:30  INFO 11396 --- [Springboot_Basics] [main] o.apache.catalina.core.StandardService   : Stopping service [Tomcat]
2024-07-09T16:21:27.009+05:30  INFO 11396 --- [Springboot_Basics] [main] .s.b.a.l.ConditionEvaluationReportLogger : 

Error starting ApplicationContext. To display the condition evaluation report re-run your application with 'debug' enabled.
2024-07-09T16:21:27.029+05:30 ERROR 11396 --- [Springboot_Basics] [main] o.s.b.d.LoggingFailureAnalysisReporter   : 

***************************
APPLICATION FAILED TO START
***************************

Description:

Failed to configure a DataSource: 'url' attribute is not specified and no embedded datasource could be configured.

Reason: Failed to determine a suitable driver class


Action:

Consider the following:
	If you want an embedded database (H2, HSQL or Derby), please put it on the classpath.
	If you have database settings to be loaded from a particular profile you may need to activate it (no profiles are currently active).

2024-07-09T16:21:52.307+05:30  INFO 17164 --- [Springboot_Basics] [main] c.e.S.SpringbootBasicsApplication        : Starting SpringbootBasicsApplication using Java 18.0.1.1 with PID 17164 (C:\Users\ACER\IdeaProjects\Springboot_Basics\target\classes started by ACER in C:\Users\ACER\IdeaProjects\Springboot_Basics)
2024-07-09T16:21:52.310+05:30  INFO 17164 --- [Springboot_Basics] [main] c.e.S.SpringbootBasicsApplication        : No active profile set, falling back to 1 default profile: "default"
2024-07-09T16:21:53.594+05:30  INFO 17164 --- [Springboot_Basics] [main] o.s.b.w.embedded.tomcat.TomcatWebServer  : Tomcat initialized with port 8080 (http)
2024-07-09T16:21:53.604+05:30  INFO 17164 --- [Springboot_Basics] [main] o.apache.catalina.core.StandardService   : Starting service [Tomcat]
2024-07-09T16:21:53.605+05:30  INFO 17164 --- [Springboot_Basics] [main] o.apache.catalina.core.StandardEngine    : Starting Servlet engine: [Apache Tomcat/10.1.25]
2024-07-09T16:21:53.669+05:30  INFO 17164 --- [Springboot_Basics] [main] o.a.c.c.C.[Tomcat].[localhost].[/]       : Initializing Spring embedded WebApplicationContext
2024-07-09T16:21:53.669+05:30  INFO 17164 --- [Springboot_Basics] [main] w.s.c.ServletWebServerApplicationContext : Root WebApplicationContext: initialization completed in 1295 ms
2024-07-09T16:21:54.531+05:30  WARN 17164 --- [Springboot_Basics] [main] ConfigServletWebServerApplicationContext : Exception encountered during context initialization - cancelling refresh attempt: org.springframework.beans.factory.BeanCreationException: Error creating bean with name 'dataSource' defined in class path resource [org/springframework/boot/autoconfigure/jdbc/DataSourceConfiguration$Hikari.class]: Failed to instantiate [com.zaxxer.hikari.HikariDataSource]: Factory method 'dataSource' threw exception with message: Failed to determine a suitable driver class
2024-07-09T16:21:54.536+05:30  INFO 17164 --- [Springboot_Basics] [main] o.apache.catalina.core.StandardService   : Stopping service [Tomcat]
2024-07-09T16:21:54.550+05:30  INFO 17164 --- [Springboot_Basics] [main] .s.b.a.l.ConditionEvaluationReportLogger : 

Error starting ApplicationContext. To display the condition evaluation report re-run your application with 'debug' enabled.
2024-07-09T16:21:54.569+05:30 ERROR 17164 --- [Springboot_Basics] [main] o.s.b.d.LoggingFailureAnalysisReporter   : 

***************************
APPLICATION FAILED TO START
***************************

Description:

Failed to configure a DataSource: 'url' attribute is not specified and no embedded datasource could be configured.

Reason: Failed to determine a suitable driver class


Action:

Consider the following:
	If you want an embedded database (H2, HSQL or Derby), please put it on the classpath.
	If you have database settings to be loaded from a particular profile you may need to activate it (no profiles are currently active).

2024-07-09T16:23:54.842+05:30  INFO 20236 --- [Springboot_Basics] [main] c.e.S.SpringbootBasicsApplication        : Starting SpringbootBasicsApplication using Java 18.0.1.1 with PID 20236 (C:\Users\ACER\IdeaProjects\Springboot_Basics\target\classes started by ACER in C:\Users\ACER\IdeaProjects\Springboot_Basics)
2024-07-09T16:23:54.845+05:30  INFO 20236 --- [Springboot_Basics] [main] c.e.S.SpringbootBasicsApplication        : No active profile set, falling back to 1 default profile: "default"
2024-07-09T16:23:56.136+05:30  INFO 20236 --- [Springboot_Basics] [main] o.s.b.w.embedded.tomcat.TomcatWebServer  : Tomcat initialized with port 8080 (http)
2024-07-09T16:23:56.146+05:30  INFO 20236 --- [Springboot_Basics] [main] o.apache.catalina.core.StandardService   : Starting service [Tomcat]
2024-07-09T16:23:56.146+05:30  INFO 20236 --- [Springboot_Basics] [main] o.apache.catalina.core.StandardEngine    : Starting Servlet engine: [Apache Tomcat/10.1.25]
2024-07-09T16:23:56.209+05:30  INFO 20236 --- [Springboot_Basics] [main] o.a.c.c.C.[Tomcat].[localhost].[/]       : Initializing Spring embedded WebApplicationContext
2024-07-09T16:23:56.209+05:30  INFO 20236 --- [Springboot_Basics] [main] w.s.c.ServletWebServerApplicationContext : Root WebApplicationContext: initialization completed in 1308 ms
2024-07-09T16:23:57.091+05:30  WARN 20236 --- [Springboot_Basics] [main] ConfigServletWebServerApplicationContext : Exception encountered during context initialization - cancelling refresh attempt: org.springframework.beans.factory.BeanCreationException: Error creating bean with name 'dataSource' defined in class path resource [org/springframework/boot/autoconfigure/jdbc/DataSourceConfiguration$Hikari.class]: Failed to instantiate [com.zaxxer.hikari.HikariDataSource]: Factory method 'dataSource' threw exception with message: Failed to determine a suitable driver class
2024-07-09T16:23:57.097+05:30  INFO 20236 --- [Springboot_Basics] [main] o.apache.catalina.core.StandardService   : Stopping service [Tomcat]
2024-07-09T16:23:57.112+05:30  INFO 20236 --- [Springboot_Basics] [main] .s.b.a.l.ConditionEvaluationReportLogger : 

Error starting ApplicationContext. To display the condition evaluation report re-run your application with 'debug' enabled.
2024-07-09T16:23:57.134+05:30 ERROR 20236 --- [Springboot_Basics] [main] o.s.b.d.LoggingFailureAnalysisReporter   : 

***************************
APPLICATION FAILED TO START
***************************

Description:

Failed to configure a DataSource: 'url' attribute is not specified and no embedded datasource could be configured.

Reason: Failed to determine a suitable driver class


Action:

Consider the following:
	If you want an embedded database (H2, HSQL or Derby), please put it on the classpath.
	If you have database settings to be loaded from a particular profile you may need to activate it (no profiles are currently active).

2024-07-09T16:25:20.987+05:30  INFO 17392 --- [Springboot_Basics] [main] c.e.S.SpringbootBasicsApplication        : Starting SpringbootBasicsApplication using Java 18.0.1.1 with PID 17392 (C:\Users\ACER\IdeaProjects\Springboot_Basics\target\classes started by ACER in C:\Users\ACER\IdeaProjects\Springboot_Basics)
2024-07-09T16:25:20.991+05:30  INFO 17392 --- [Springboot_Basics] [main] c.e.S.SpringbootBasicsApplication        : No active profile set, falling back to 1 default profile: "default"
2024-07-09T16:25:22.275+05:30  INFO 17392 --- [Springboot_Basics] [main] o.s.b.w.embedded.tomcat.TomcatWebServer  : Tomcat initialized with port 8080 (http)
2024-07-09T16:25:22.284+05:30  INFO 17392 --- [Springboot_Basics] [main] o.apache.catalina.core.StandardService   : Starting service [Tomcat]
2024-07-09T16:25:22.285+05:30  INFO 17392 --- [Springboot_Basics] [main] o.apache.catalina.core.StandardEngine    : Starting Servlet engine: [Apache Tomcat/10.1.25]
2024-07-09T16:25:22.343+05:30  INFO 17392 --- [Springboot_Basics] [main] o.a.c.c.C.[Tomcat].[localhost].[/]       : Initializing Spring embedded WebApplicationContext
2024-07-09T16:25:22.344+05:30  INFO 17392 --- [Springboot_Basics] [main] w.s.c.ServletWebServerApplicationContext : Root WebApplicationContext: initialization completed in 1295 ms
2024-07-09T16:25:23.174+05:30  WARN 17392 --- [Springboot_Basics] [main] ConfigServletWebServerApplicationContext : Exception encountered during context initialization - cancelling refresh attempt: org.springframework.beans.factory.BeanCreationException: Error creating bean with name 'dataSource' defined in class path resource [org/springframework/boot/autoconfigure/jdbc/DataSourceConfiguration$Hikari.class]: Failed to instantiate [com.zaxxer.hikari.HikariDataSource]: Factory method 'dataSource' threw exception with message: Failed to determine a suitable driver class
2024-07-09T16:25:23.179+05:30  INFO 17392 --- [Springboot_Basics] [main] o.apache.catalina.core.StandardService   : Stopping service [Tomcat]
2024-07-09T16:25:23.194+05:30  INFO 17392 --- [Springboot_Basics] [main] .s.b.a.l.ConditionEvaluationReportLogger : 

Error starting ApplicationContext. To display the condition evaluation report re-run your application with 'debug' enabled.
2024-07-09T16:25:23.214+05:30 ERROR 17392 --- [Springboot_Basics] [main] o.s.b.d.LoggingFailureAnalysisReporter   : 

***************************
APPLICATION FAILED TO START
***************************

Description:

Failed to configure a DataSource: 'url' attribute is not specified and no embedded datasource could be configured.

Reason: Failed to determine a suitable driver class


Action:

Consider the following:
	If you want an embedded database (H2, HSQL or Derby), please put it on the classpath.
	If you have database settings to be loaded from a particular profile you may need to activate it (no profiles are currently active).

2024-07-09T16:25:34.311+05:30  INFO 12180 --- [Springboot_Basics] [main] c.e.S.SpringbootBasicsApplication        : Starting SpringbootBasicsApplication using Java 18.0.1.1 with PID 12180 (C:\Users\ACER\IdeaProjects\Springboot_Basics\target\classes started by ACER in C:\Users\ACER\IdeaProjects\Springboot_Basics)
2024-07-09T16:25:34.313+05:30  INFO 12180 --- [Springboot_Basics] [main] c.e.S.SpringbootBasicsApplication        : No active profile set, falling back to 1 default profile: "default"
2024-07-09T16:25:35.760+05:30  INFO 12180 --- [Springboot_Basics] [main] o.s.b.w.embedded.tomcat.TomcatWebServer  : Tomcat initialized with port 8080 (http)
2024-07-09T16:25:35.780+05:30  INFO 12180 --- [Springboot_Basics] [main] o.apache.catalina.core.StandardService   : Starting service [Tomcat]
2024-07-09T16:25:35.780+05:30  INFO 12180 --- [Springboot_Basics] [main] o.apache.catalina.core.StandardEngine    : Starting Servlet engine: [Apache Tomcat/10.1.25]
2024-07-09T16:25:35.850+05:30  INFO 12180 --- [Springboot_Basics] [main] o.a.c.c.C.[Tomcat].[localhost].[/]       : Initializing Spring embedded WebApplicationContext
2024-07-09T16:25:35.851+05:30  INFO 12180 --- [Springboot_Basics] [main] w.s.c.ServletWebServerApplicationContext : Root WebApplicationContext: initialization completed in 1472 ms
2024-07-09T16:25:36.831+05:30  WARN 12180 --- [Springboot_Basics] [main] ConfigServletWebServerApplicationContext : Exception encountered during context initialization - cancelling refresh attempt: org.springframework.beans.factory.BeanCreationException: Error creating bean with name 'dataSource' defined in class path resource [org/springframework/boot/autoconfigure/jdbc/DataSourceConfiguration$Hikari.class]: Failed to instantiate [com.zaxxer.hikari.HikariDataSource]: Factory method 'dataSource' threw exception with message: Failed to determine a suitable driver class
2024-07-09T16:25:36.838+05:30  INFO 12180 --- [Springboot_Basics] [main] o.apache.catalina.core.StandardService   : Stopping service [Tomcat]
2024-07-09T16:25:36.859+05:30  INFO 12180 --- [Springboot_Basics] [main] .s.b.a.l.ConditionEvaluationReportLogger : 

Error starting ApplicationContext. To display the condition evaluation report re-run your application with 'debug' enabled.
2024-07-09T16:25:36.907+05:30 ERROR 12180 --- [Springboot_Basics] [main] o.s.b.d.LoggingFailureAnalysisReporter   : 

***************************
APPLICATION FAILED TO START
***************************

Description:

Failed to configure a DataSource: 'url' attribute is not specified and no embedded datasource could be configured.

Reason: Failed to determine a suitable driver class


Action:

Consider the following:
	If you want an embedded database (H2, HSQL or Derby), please put it on the classpath.
	If you have database settings to be loaded from a particular profile you may need to activate it (no profiles are currently active).

2024-07-09T16:26:52.725+05:30  INFO 3380 --- [Springboot_Basics] [main] c.e.S.SpringbootBasicsApplication        : Starting SpringbootBasicsApplication using Java 18.0.1.1 with PID 3380 (C:\Users\ACER\IdeaProjects\Springboot_Basics\target\classes started by ACER in C:\Users\ACER\IdeaProjects\Springboot_Basics)
2024-07-09T16:26:52.728+05:30  INFO 3380 --- [Springboot_Basics] [main] c.e.S.SpringbootBasicsApplication        : No active profile set, falling back to 1 default profile: "default"
2024-07-09T16:26:54.015+05:30  INFO 3380 --- [Springboot_Basics] [main] o.s.b.w.embedded.tomcat.TomcatWebServer  : Tomcat initialized with port 8080 (http)
2024-07-09T16:26:54.025+05:30  INFO 3380 --- [Springboot_Basics] [main] o.apache.catalina.core.StandardService   : Starting service [Tomcat]
2024-07-09T16:26:54.025+05:30  INFO 3380 --- [Springboot_Basics] [main] o.apache.catalina.core.StandardEngine    : Starting Servlet engine: [Apache Tomcat/10.1.25]
2024-07-09T16:26:54.083+05:30  INFO 3380 --- [Springboot_Basics] [main] o.a.c.c.C.[Tomcat].[localhost].[/]       : Initializing Spring embedded WebApplicationContext
2024-07-09T16:26:54.083+05:30  INFO 3380 --- [Springboot_Basics] [main] w.s.c.ServletWebServerApplicationContext : Root WebApplicationContext: initialization completed in 1296 ms
2024-07-09T16:26:54.966+05:30  WARN 3380 --- [Springboot_Basics] [main] ConfigServletWebServerApplicationContext : Exception encountered during context initialization - cancelling refresh attempt: org.springframework.beans.factory.BeanCreationException: Error creating bean with name 'dataSource' defined in class path resource [org/springframework/boot/autoconfigure/jdbc/DataSourceConfiguration$Hikari.class]: Failed to instantiate [com.zaxxer.hikari.HikariDataSource]: Factory method 'dataSource' threw exception with message: Failed to determine a suitable driver class
2024-07-09T16:26:54.971+05:30  INFO 3380 --- [Springboot_Basics] [main] o.apache.catalina.core.StandardService   : Stopping service [Tomcat]
2024-07-09T16:26:54.990+05:30  INFO 3380 --- [Springboot_Basics] [main] .s.b.a.l.ConditionEvaluationReportLogger : 

Error starting ApplicationContext. To display the condition evaluation report re-run your application with 'debug' enabled.
2024-07-09T16:26:55.019+05:30 ERROR 3380 --- [Springboot_Basics] [main] o.s.b.d.LoggingFailureAnalysisReporter   : 

***************************
APPLICATION FAILED TO START
***************************

Description:

Failed to configure a DataSource: 'url' attribute is not specified and no embedded datasource could be configured.

Reason: Failed to determine a suitable driver class


Action:

Consider the following:
	If you want an embedded database (H2, HSQL or Derby), please put it on the classpath.
	If you have database settings to be loaded from a particular profile you may need to activate it (no profiles are currently active).

2024-07-09T16:28:12.561+05:30  INFO 9864 --- [Springboot_Basics] [main] c.e.S.SpringbootBasicsApplication        : Starting SpringbootBasicsApplication using Java 18.0.1.1 with PID 9864 (C:\Users\ACER\IdeaProjects\Springboot_Basics\target\classes started by ACER in C:\Users\ACER\IdeaProjects\Springboot_Basics)
2024-07-09T16:28:12.564+05:30  INFO 9864 --- [Springboot_Basics] [main] c.e.S.SpringbootBasicsApplication        : No active profile set, falling back to 1 default profile: "default"
2024-07-09T16:28:13.752+05:30  INFO 9864 --- [Springboot_Basics] [main] o.s.b.w.embedded.tomcat.TomcatWebServer  : Tomcat initialized with port 8080 (http)
2024-07-09T16:28:13.764+05:30  INFO 9864 --- [Springboot_Basics] [main] o.apache.catalina.core.StandardService   : Starting service [Tomcat]
2024-07-09T16:28:13.765+05:30  INFO 9864 --- [Springboot_Basics] [main] o.apache.catalina.core.StandardEngine    : Starting Servlet engine: [Apache Tomcat/10.1.25]
2024-07-09T16:28:13.817+05:30  INFO 9864 --- [Springboot_Basics] [main] o.a.c.c.C.[Tomcat].[localhost].[/]       : Initializing Spring embedded WebApplicationContext
2024-07-09T16:28:13.817+05:30  INFO 9864 --- [Springboot_Basics] [main] w.s.c.ServletWebServerApplicationContext : Root WebApplicationContext: initialization completed in 1189 ms
2024-07-09T16:28:14.564+05:30  INFO 9864 --- [Springboot_Basics] [main] o.s.b.w.embedded.tomcat.TomcatWebServer  : Tomcat started on port 8080 (http) with context path '/'
2024-07-09T16:28:14.582+05:30  INFO 9864 --- [Springboot_Basics] [main] c.e.S.SpringbootBasicsApplication        : Started SpringbootBasicsApplication in 2.561 seconds (process running for 2.966)
2024-07-09T16:28:22.458+05:30  INFO 9864 --- [Springboot_Basics] [http-nio-8080-exec-1] o.a.c.c.C.[Tomcat].[localhost].[/]       : Initializing Spring DispatcherServlet 'dispatcherServlet'
2024-07-09T16:28:22.458+05:30  INFO 9864 --- [Springboot_Basics] [http-nio-8080-exec-1] o.s.web.servlet.DispatcherServlet        : Initializing Servlet 'dispatcherServlet'
2024-07-09T16:28:22.459+05:30  INFO 9864 --- [Springboot_Basics] [http-nio-8080-exec-1] o.s.web.servlet.DispatcherServlet        : Completed initialization in 1 ms
2024-07-09T16:28:22.488+05:30  INFO 9864 --- [Springboot_Basics] [http-nio-8080-exec-1] c.e.S.J.M.repository.PersonRepository    : Fetching persons from MySQl Connector
2024-07-09T16:28:42.822+05:30  INFO 9864 --- [Springboot_Basics] [http-nio-8080-exec-6] c.e.S.J.M.repository.PersonRepository    : Fetching persons from MySQl Connector
2024-07-09T16:33:07.806+05:30  INFO 10792 --- [Springboot_Basics] [main] c.e.S.SpringbootBasicsApplication        : Starting SpringbootBasicsApplication using Java 18.0.1.1 with PID 10792 (C:\Users\ACER\IdeaProjects\Springboot_Basics\target\classes started by ACER in C:\Users\ACER\IdeaProjects\Springboot_Basics)
2024-07-09T16:33:07.808+05:30  INFO 10792 --- [Springboot_Basics] [main] c.e.S.SpringbootBasicsApplication        : No active profile set, falling back to 1 default profile: "default"
2024-07-09T16:33:08.710+05:30  INFO 10792 --- [Springboot_Basics] [main] o.s.b.w.embedded.tomcat.TomcatWebServer  : Tomcat initialized with port 8080 (http)
2024-07-09T16:33:08.721+05:30  INFO 10792 --- [Springboot_Basics] [main] o.apache.catalina.core.StandardService   : Starting service [Tomcat]
2024-07-09T16:33:08.721+05:30  INFO 10792 --- [Springboot_Basics] [main] o.apache.catalina.core.StandardEngine    : Starting Servlet engine: [Apache Tomcat/10.1.25]
2024-07-09T16:33:08.765+05:30  INFO 10792 --- [Springboot_Basics] [main] o.a.c.c.C.[Tomcat].[localhost].[/]       : Initializing Spring embedded WebApplicationContext
2024-07-09T16:33:08.766+05:30  INFO 10792 --- [Springboot_Basics] [main] w.s.c.ServletWebServerApplicationContext : Root WebApplicationContext: initialization completed in 909 ms
2024-07-09T16:33:09.435+05:30  INFO 10792 --- [Springboot_Basics] [main] o.s.b.w.embedded.tomcat.TomcatWebServer  : Tomcat started on port 8080 (http) with context path '/'
2024-07-09T16:33:09.443+05:30  INFO 10792 --- [Springboot_Basics] [main] c.e.S.SpringbootBasicsApplication        : Started SpringbootBasicsApplication in 2.034 seconds (process running for 2.334)
2024-07-09T16:33:16.620+05:30  INFO 10792 --- [Springboot_Basics] [http-nio-8080-exec-2] o.a.c.c.C.[Tomcat].[localhost].[/]       : Initializing Spring DispatcherServlet 'dispatcherServlet'
2024-07-09T16:33:16.620+05:30  INFO 10792 --- [Springboot_Basics] [http-nio-8080-exec-2] o.s.web.servlet.DispatcherServlet        : Initializing Servlet 'dispatcherServlet'
2024-07-09T16:33:16.621+05:30  INFO 10792 --- [Springboot_Basics] [http-nio-8080-exec-2] o.s.web.servlet.DispatcherServlet        : Completed initialization in 1 ms
2024-07-09T16:33:16.645+05:30  INFO 10792 --- [Springboot_Basics] [http-nio-8080-exec-2] c.e.S.J.M.repository.PersonRepository    : Fetching persons from MySQl Connector
2024-07-09T16:33:46.984+05:30  INFO 3296 --- [Springboot_Basics] [main] c.e.S.SpringbootBasicsApplication        : Starting SpringbootBasicsApplication using Java 18.0.1.1 with PID 3296 (C:\Users\ACER\IdeaProjects\Springboot_Basics\target\classes started by ACER in C:\Users\ACER\IdeaProjects\Springboot_Basics)
2024-07-09T16:33:46.986+05:30  INFO 3296 --- [Springboot_Basics] [main] c.e.S.SpringbootBasicsApplication        : No active profile set, falling back to 1 default profile: "default"
2024-07-09T16:33:47.387+05:30  WARN 3296 --- [Springboot_Basics] [main] ConfigServletWebServerApplicationContext : Exception encountered during context initialization - cancelling refresh attempt: org.springframework.beans.factory.support.BeanDefinitionOverrideException: Invalid bean definition with name 'dbBean' defined in class path resource [com/example/Springboot_Basics/JdbcConnectivity/MySqlConnector/DbBean.class]: Cannot register bean definition [Root bean: class [null]; scope=; abstract=false; lazyInit=null; autowireMode=3; dependencyCheck=0; autowireCandidate=true; primary=false; factoryBeanName=dbBean; factoryMethodName=connectToDB; initMethodNames=null; destroyMethodNames=[(inferred)]; defined in class path resource [com/example/Springboot_Basics/JdbcConnectivity/MySqlConnector/DbBean.class]] for bean 'dbBean' since there is already [Generic bean: class [com.example.Springboot_Basics.JdbcConnectivity.MySqlConnector.DbBean]; scope=singleton; abstract=false; lazyInit=null; autowireMode=0; dependencyCheck=0; autowireCandidate=true; primary=false; factoryBeanName=null; factoryMethodName=null; initMethodNames=null; destroyMethodNames=null; defined in file [C:\Users\ACER\IdeaProjects\Springboot_Basics\target\classes\com\example\Springboot_Basics\JdbcConnectivity\MySqlConnector\DbBean.class]] bound.
2024-07-09T16:33:47.397+05:30  INFO 3296 --- [Springboot_Basics] [main] .s.b.a.l.ConditionEvaluationReportLogger : 

Error starting ApplicationContext. To display the condition evaluation report re-run your application with 'debug' enabled.
2024-07-09T16:33:47.418+05:30 ERROR 3296 --- [Springboot_Basics] [main] o.s.b.d.LoggingFailureAnalysisReporter   : 

***************************
APPLICATION FAILED TO START
***************************

Description:

The bean 'dbBean', defined in class path resource [com/example/Springboot_Basics/JdbcConnectivity/MySqlConnector/DbBean.class], could not be registered. A bean with that name has already been defined in file [C:\Users\ACER\IdeaProjects\Springboot_Basics\target\classes\com\example\Springboot_Basics\JdbcConnectivity\MySqlConnector\DbBean.class] and overriding is disabled.

Action:

Consider renaming one of the beans or enabling overriding by setting spring.main.allow-bean-definition-overriding=true

2024-07-09T16:35:24.030+05:30  INFO 20864 --- [Springboot_Basics] [main] c.e.S.SpringbootBasicsApplication        : Starting SpringbootBasicsApplication using Java 18.0.1.1 with PID 20864 (C:\Users\ACER\IdeaProjects\Springboot_Basics\target\classes started by ACER in C:\Users\ACER\IdeaProjects\Springboot_Basics)
2024-07-09T16:35:24.034+05:30  INFO 20864 --- [Springboot_Basics] [main] c.e.S.SpringbootBasicsApplication        : No active profile set, falling back to 1 default profile: "default"
2024-07-09T16:35:25.193+05:30  INFO 20864 --- [Springboot_Basics] [main] o.s.b.w.embedded.tomcat.TomcatWebServer  : Tomcat initialized with port 8080 (http)
2024-07-09T16:35:25.203+05:30  INFO 20864 --- [Springboot_Basics] [main] o.apache.catalina.core.StandardService   : Starting service [Tomcat]
2024-07-09T16:35:25.203+05:30  INFO 20864 --- [Springboot_Basics] [main] o.apache.catalina.core.StandardEngine    : Starting Servlet engine: [Apache Tomcat/10.1.25]
2024-07-09T16:35:25.253+05:30  INFO 20864 --- [Springboot_Basics] [main] o.a.c.c.C.[Tomcat].[localhost].[/]       : Initializing Spring embedded WebApplicationContext
2024-07-09T16:35:25.253+05:30  INFO 20864 --- [Springboot_Basics] [main] w.s.c.ServletWebServerApplicationContext : Root WebApplicationContext: initialization completed in 1148 ms
2024-07-09T16:35:26.004+05:30  INFO 20864 --- [Springboot_Basics] [main] o.s.b.w.embedded.tomcat.TomcatWebServer  : Tomcat started on port 8080 (http) with context path '/'
2024-07-09T16:35:26.016+05:30  INFO 20864 --- [Springboot_Basics] [main] c.e.S.SpringbootBasicsApplication        : Started SpringbootBasicsApplication in 2.538 seconds (process running for 2.938)
2024-07-09T16:36:28.906+05:30  INFO 11548 --- [Springboot_Basics] [main] c.e.S.SpringbootBasicsApplication        : Starting SpringbootBasicsApplication using Java 18.0.1.1 with PID 11548 (C:\Users\ACER\IdeaProjects\Springboot_Basics\target\classes started by ACER in C:\Users\ACER\IdeaProjects\Springboot_Basics)
2024-07-09T16:36:28.910+05:30  INFO 11548 --- [Springboot_Basics] [main] c.e.S.SpringbootBasicsApplication        : No active profile set, falling back to 1 default profile: "default"
2024-07-09T16:36:30.063+05:30  INFO 11548 --- [Springboot_Basics] [main] o.s.b.w.embedded.tomcat.TomcatWebServer  : Tomcat initialized with port 8080 (http)
2024-07-09T16:36:30.074+05:30  INFO 11548 --- [Springboot_Basics] [main] o.apache.catalina.core.StandardService   : Starting service [Tomcat]
2024-07-09T16:36:30.074+05:30  INFO 11548 --- [Springboot_Basics] [main] o.apache.catalina.core.StandardEngine    : Starting Servlet engine: [Apache Tomcat/10.1.25]
2024-07-09T16:36:30.123+05:30  INFO 11548 --- [Springboot_Basics] [main] o.a.c.c.C.[Tomcat].[localhost].[/]       : Initializing Spring embedded WebApplicationContext
2024-07-09T16:36:30.124+05:30  INFO 11548 --- [Springboot_Basics] [main] w.s.c.ServletWebServerApplicationContext : Root WebApplicationContext: initialization completed in 1148 ms
2024-07-09T16:36:30.865+05:30  INFO 11548 --- [Springboot_Basics] [main] o.s.b.w.embedded.tomcat.TomcatWebServer  : Tomcat started on port 8080 (http) with context path '/'
2024-07-09T16:36:30.873+05:30  INFO 11548 --- [Springboot_Basics] [main] c.e.S.SpringbootBasicsApplication        : Started SpringbootBasicsApplication in 2.475 seconds (process running for 2.909)
2024-07-09T16:51:57.667+05:30  INFO 23704 --- [Springboot_Basics] [main] c.e.S.SpringbootBasicsApplication        : Starting SpringbootBasicsApplication using Java 18.0.1.1 with PID 23704 (C:\Users\ACER\IdeaProjects\Springboot_Basics\target\classes started by ACER in C:\Users\ACER\IdeaProjects\Springboot_Basics)
2024-07-09T16:51:57.671+05:30  INFO 23704 --- [Springboot_Basics] [main] c.e.S.SpringbootBasicsApplication        : No active profile set, falling back to 1 default profile: "default"
2024-07-09T16:51:58.726+05:30  INFO 23704 --- [Springboot_Basics] [main] o.s.b.w.embedded.tomcat.TomcatWebServer  : Tomcat initialized with port 8080 (http)
2024-07-09T16:51:58.736+05:30  INFO 23704 --- [Springboot_Basics] [main] o.apache.catalina.core.StandardService   : Starting service [Tomcat]
2024-07-09T16:51:58.736+05:30  INFO 23704 --- [Springboot_Basics] [main] o.apache.catalina.core.StandardEngine    : Starting Servlet engine: [Apache Tomcat/10.1.25]
2024-07-09T16:51:58.782+05:30  INFO 23704 --- [Springboot_Basics] [main] o.a.c.c.C.[Tomcat].[localhost].[/]       : Initializing Spring embedded WebApplicationContext
2024-07-09T16:51:58.782+05:30  INFO 23704 --- [Springboot_Basics] [main] w.s.c.ServletWebServerApplicationContext : Root WebApplicationContext: initialization completed in 1060 ms
2024-07-09T16:51:58.849+05:30  INFO 23704 --- [Springboot_Basics] [main] c.e.S.J.MySqlConnector.DbBean            : sqlConnectionBean invoked
2024-07-09T16:51:59.144+05:30  INFO 23704 --- [Springboot_Basics] [main] c.e.S.J.SpringJdbc.DbBeanSpringJdbc      : springJdbcConnectionBean invoked
2024-07-09T16:51:59.537+05:30  INFO 23704 --- [Springboot_Basics] [main] o.s.b.w.embedded.tomcat.TomcatWebServer  : Tomcat started on port 8080 (http) with context path '/'
2024-07-09T16:51:59.544+05:30  INFO 23704 --- [Springboot_Basics] [main] c.e.S.SpringbootBasicsApplication        : Started SpringbootBasicsApplication in 2.293 seconds (process running for 2.589)
2024-07-09T16:54:05.857+05:30  INFO 23704 --- [Springboot_Basics] [http-nio-8080-exec-1] o.a.c.c.C.[Tomcat].[localhost].[/]       : Initializing Spring DispatcherServlet 'dispatcherServlet'
2024-07-09T16:54:05.858+05:30  INFO 23704 --- [Springboot_Basics] [http-nio-8080-exec-1] o.s.web.servlet.DispatcherServlet        : Initializing Servlet 'dispatcherServlet'
2024-07-09T16:54:05.861+05:30  INFO 23704 --- [Springboot_Basics] [http-nio-8080-exec-1] o.s.web.servlet.DispatcherServlet        : Completed initialization in 2 ms
2024-07-09T16:54:11.350+05:30  INFO 23704 --- [Springboot_Basics] [http-nio-8080-exec-3] c.e.S.J.S.r.PersonRepositorySpringJdbc   : springJdbcConnection Result Set for get person invoked
2024-07-09T16:54:11.358+05:30  INFO 23704 --- [Springboot_Basics] [http-nio-8080-exec-3] com.zaxxer.hikari.HikariDataSource       : HikariPool-1 - Starting...
2024-07-09T16:54:11.401+05:30  INFO 23704 --- [Springboot_Basics] [http-nio-8080-exec-3] com.zaxxer.hikari.pool.HikariPool        : HikariPool-1 - Added connection com.mysql.cj.jdbc.ConnectionImpl@35798cdc
2024-07-09T16:54:11.404+05:30  INFO 23704 --- [Springboot_Basics] [http-nio-8080-exec-3] com.zaxxer.hikari.HikariDataSource       : HikariPool-1 - Start completed.
2024-07-09T16:54:11.422+05:30  INFO 23704 --- [Springboot_Basics] [http-nio-8080-exec-3] c.e.S.J.S.r.PersonRepositorySpringJdbc   : row  num: 0
2024-07-09T16:54:11.423+05:30  INFO 23704 --- [Springboot_Basics] [http-nio-8080-exec-3] c.e.S.J.S.r.PersonRepositorySpringJdbc   : row  num: 1
2024-07-09T16:54:11.424+05:30  INFO 23704 --- [Springboot_Basics] [http-nio-8080-exec-3] c.e.S.J.S.r.PersonRepositorySpringJdbc   : row  num: 2
2024-07-09T16:55:33.743+05:30  INFO 23704 --- [Springboot_Basics] [http-nio-8080-exec-6] c.e.S.J.M.controller.PersonController    : sqlConnection get person invoked
2024-07-09T16:55:33.743+05:30  INFO 23704 --- [Springboot_Basics] [http-nio-8080-exec-6] c.e.S.J.M.repository.PersonRepository    : sqlConnection Result Set for get person invoked
2024-07-09T16:55:44.648+05:30  INFO 23704 --- [Springboot_Basics] [SpringApplicationShutdownHook] com.zaxxer.hikari.HikariDataSource       : HikariPool-1 - Shutdown initiated...
2024-07-09T16:55:44.654+05:30  INFO 23704 --- [Springboot_Basics] [SpringApplicationShutdownHook] com.zaxxer.hikari.HikariDataSource       : HikariPool-1 - Shutdown completed.
2024-07-09T17:26:23.469+05:30  INFO 15152 --- [Springboot_Basics] [main] c.e.S.SpringbootBasicsApplication        : Starting SpringbootBasicsApplication using Java 18.0.1.1 with PID 15152 (C:\Users\ACER\IdeaProjects\Springboot_Basics\target\classes started by ACER in C:\Users\ACER\IdeaProjects\Springboot_Basics)
2024-07-09T17:26:23.474+05:30  INFO 15152 --- [Springboot_Basics] [main] c.e.S.SpringbootBasicsApplication        : No active profile set, falling back to 1 default profile: "default"
2024-07-09T17:26:24.836+05:30  INFO 15152 --- [Springboot_Basics] [main] o.s.b.w.embedded.tomcat.TomcatWebServer  : Tomcat initialized with port 8080 (http)
2024-07-09T17:26:24.850+05:30  INFO 15152 --- [Springboot_Basics] [main] o.apache.catalina.core.StandardService   : Starting service [Tomcat]
2024-07-09T17:26:24.850+05:30  INFO 15152 --- [Springboot_Basics] [main] o.apache.catalina.core.StandardEngine    : Starting Servlet engine: [Apache Tomcat/10.1.25]
2024-07-09T17:26:24.916+05:30  INFO 15152 --- [Springboot_Basics] [main] o.a.c.c.C.[Tomcat].[localhost].[/]       : Initializing Spring embedded WebApplicationContext
2024-07-09T17:26:24.916+05:30  INFO 15152 --- [Springboot_Basics] [main] w.s.c.ServletWebServerApplicationContext : Root WebApplicationContext: initialization completed in 1369 ms
2024-07-09T17:26:24.987+05:30  INFO 15152 --- [Springboot_Basics] [main] c.e.S.J.MySqlConnector.DbBean            : sqlConnectionBean invoked
2024-07-09T17:26:25.418+05:30  INFO 15152 --- [Springboot_Basics] [main] c.e.S.J.SpringJdbc.DbBeanSpringJdbc      : springJdbcConnectionBean invoked
2024-07-09T17:26:25.952+05:30  INFO 15152 --- [Springboot_Basics] [main] o.s.b.w.embedded.tomcat.TomcatWebServer  : Tomcat started on port 8080 (http) with context path '/'
2024-07-09T17:26:25.964+05:30  INFO 15152 --- [Springboot_Basics] [main] c.e.S.SpringbootBasicsApplication        : Started SpringbootBasicsApplication in 3.06 seconds (process running for 3.53)
2024-07-09T17:26:36.033+05:30  INFO 15152 --- [Springboot_Basics] [http-nio-8080-exec-2] o.a.c.c.C.[Tomcat].[localhost].[/]       : Initializing Spring DispatcherServlet 'dispatcherServlet'
2024-07-09T17:26:36.033+05:30  INFO 15152 --- [Springboot_Basics] [http-nio-8080-exec-2] o.s.web.servlet.DispatcherServlet        : Initializing Servlet 'dispatcherServlet'
2024-07-09T17:26:36.034+05:30  INFO 15152 --- [Springboot_Basics] [http-nio-8080-exec-2] o.s.web.servlet.DispatcherServlet        : Completed initialization in 1 ms
2024-07-09T17:26:36.135+05:30  INFO 15152 --- [Springboot_Basics] [http-nio-8080-exec-2] c.e.S.J.S.r.PersonRepositorySpringJdbc   : springJdbcConnection statement to create person invoked
2024-07-09T17:26:36.143+05:30  INFO 15152 --- [Springboot_Basics] [http-nio-8080-exec-2] com.zaxxer.hikari.HikariDataSource       : HikariPool-1 - Starting...
2024-07-09T17:26:36.178+05:30  INFO 15152 --- [Springboot_Basics] [http-nio-8080-exec-2] com.zaxxer.hikari.pool.HikariPool        : HikariPool-1 - Added connection com.mysql.cj.jdbc.ConnectionImpl@1ea66883
2024-07-09T17:26:36.180+05:30  INFO 15152 --- [Springboot_Basics] [http-nio-8080-exec-2] com.zaxxer.hikari.HikariDataSource       : HikariPool-1 - Start completed.
2024-07-09T17:26:42.858+05:30  INFO 15152 --- [Springboot_Basics] [http-nio-8080-exec-3] c.e.S.J.S.r.PersonRepositorySpringJdbc   : springJdbcConnection Result Set for get person invoked
2024-07-09T17:26:46.494+05:30  INFO 15152 --- [Springboot_Basics] [http-nio-8080-exec-4] c.e.S.J.M.controller.PersonController    : sqlConnection get person invoked
2024-07-09T17:26:46.495+05:30  INFO 15152 --- [Springboot_Basics] [http-nio-8080-exec-4] c.e.S.J.M.repository.PersonRepository    : sqlConnection Result Set for get person invoked
2024-07-09T17:26:59.875+05:30  INFO 15152 --- [Springboot_Basics] [http-nio-8080-exec-5] c.e.S.J.M.controller.PersonController    : sqlConnection create person invoked
2024-07-09T17:26:59.875+05:30  INFO 15152 --- [Springboot_Basics] [http-nio-8080-exec-5] c.e.S.J.M.repository.PersonRepository    : sqlConnection Prepare Statement to create person invoked
2024-07-09T17:27:06.442+05:30  INFO 15152 --- [Springboot_Basics] [http-nio-8080-exec-6] c.e.S.J.S.r.PersonRepositorySpringJdbc   : springJdbcConnection Result Set for get person invoked
2024-07-09T17:27:10.556+05:30  INFO 15152 --- [Springboot_Basics] [http-nio-8080-exec-7] c.e.S.J.M.controller.PersonController    : sqlConnection get person invoked
2024-07-09T17:27:10.557+05:30  INFO 15152 --- [Springboot_Basics] [http-nio-8080-exec-7] c.e.S.J.M.repository.PersonRepository    : sqlConnection Result Set for get person invoked
2024-07-09T17:32:22.045+05:30  INFO 15152 --- [Springboot_Basics] [SpringApplicationShutdownHook] com.zaxxer.hikari.HikariDataSource       : HikariPool-1 - Shutdown initiated...
2024-07-09T17:32:22.052+05:30  INFO 15152 --- [Springboot_Basics] [SpringApplicationShutdownHook] com.zaxxer.hikari.HikariDataSource       : HikariPool-1 - Shutdown completed.
2024-07-09T17:51:21.472+05:30  INFO 1548 --- [Springboot_Basics] [main] c.e.S.SpringbootBasicsApplication        : Starting SpringbootBasicsApplication using Java 18.0.1.1 with PID 1548 (C:\Users\ACER\IdeaProjects\Springboot_Basics\target\classes started by ACER in C:\Users\ACER\IdeaProjects\Springboot_Basics)
2024-07-09T17:51:21.476+05:30  INFO 1548 --- [Springboot_Basics] [main] c.e.S.SpringbootBasicsApplication        : No active profile set, falling back to 1 default profile: "default"
2024-07-09T17:51:22.685+05:30  INFO 1548 --- [Springboot_Basics] [main] o.s.b.w.embedded.tomcat.TomcatWebServer  : Tomcat initialized with port 8080 (http)
2024-07-09T17:51:22.699+05:30  INFO 1548 --- [Springboot_Basics] [main] o.apache.catalina.core.StandardService   : Starting service [Tomcat]
2024-07-09T17:51:22.699+05:30  INFO 1548 --- [Springboot_Basics] [main] o.apache.catalina.core.StandardEngine    : Starting Servlet engine: [Apache Tomcat/10.1.25]
2024-07-09T17:51:22.752+05:30  INFO 1548 --- [Springboot_Basics] [main] o.a.c.c.C.[Tomcat].[localhost].[/]       : Initializing Spring embedded WebApplicationContext
2024-07-09T17:51:22.752+05:30  INFO 1548 --- [Springboot_Basics] [main] w.s.c.ServletWebServerApplicationContext : Root WebApplicationContext: initialization completed in 1216 ms
2024-07-09T17:51:23.657+05:30  INFO 1548 --- [Springboot_Basics] [main] o.s.b.w.embedded.tomcat.TomcatWebServer  : Tomcat started on port 8080 (http) with context path '/'
2024-07-09T17:51:23.667+05:30  INFO 1548 --- [Springboot_Basics] [main] c.e.S.SpringbootBasicsApplication        : Started SpringbootBasicsApplication in 2.697 seconds (process running for 3.176)
2024-07-09T17:51:51.840+05:30  INFO 1548 --- [Springboot_Basics] [http-nio-8080-exec-2] o.a.c.c.C.[Tomcat].[localhost].[/]       : Initializing Spring DispatcherServlet 'dispatcherServlet'
2024-07-09T17:51:51.841+05:30  INFO 1548 --- [Springboot_Basics] [http-nio-8080-exec-2] o.s.web.servlet.DispatcherServlet        : Initializing Servlet 'dispatcherServlet'
2024-07-09T17:51:51.843+05:30  INFO 1548 --- [Springboot_Basics] [http-nio-8080-exec-2] o.s.web.servlet.DispatcherServlet        : Completed initialization in 1 ms
2024-07-09T17:51:51.976+05:30  INFO 1548 --- [Springboot_Basics] [http-nio-8080-exec-2] c.e.S.J.S.r.PersonRepositorySpringJdbc   : springJdbcConnection statement to create person invoked
2024-07-09T17:51:51.981+05:30  INFO 1548 --- [Springboot_Basics] [http-nio-8080-exec-2] com.zaxxer.hikari.HikariDataSource       : HikariPool-1 - Starting...
2024-07-09T17:51:52.026+05:30  INFO 1548 --- [Springboot_Basics] [http-nio-8080-exec-2] com.zaxxer.hikari.pool.HikariPool        : HikariPool-1 - Added connection com.mysql.cj.jdbc.ConnectionImpl@724de59a
2024-07-09T17:51:52.030+05:30  INFO 1548 --- [Springboot_Basics] [http-nio-8080-exec-2] com.zaxxer.hikari.HikariDataSource       : HikariPool-1 - Start completed.
2024-07-09T17:51:56.286+05:30  INFO 1548 --- [Springboot_Basics] [http-nio-8080-exec-3] c.e.S.J.S.r.PersonRepositorySpringJdbc   : springJdbcConnection Result Set for get person invoked
2024-07-09T19:05:14.619+05:30  INFO 1548 --- [Springboot_Basics] [SpringApplicationShutdownHook] com.zaxxer.hikari.HikariDataSource       : HikariPool-1 - Shutdown initiated...
2024-07-09T19:05:14.669+05:30  INFO 1548 --- [Springboot_Basics] [SpringApplicationShutdownHook] com.zaxxer.hikari.HikariDataSource       : HikariPool-1 - Shutdown completed.
2024-07-09T19:09:51.134+05:30  INFO 4436 --- [Springboot_Basics] [main] c.e.S.SpringbootBasicsApplication        : Starting SpringbootBasicsApplication using Java 18.0.1.1 with PID 4436 (C:\Users\ACER\IdeaProjects\Springboot_Basics\target\classes started by ACER in C:\Users\ACER\IdeaProjects\Springboot_Basics)
2024-07-09T19:09:51.137+05:30  INFO 4436 --- [Springboot_Basics] [main] c.e.S.SpringbootBasicsApplication        : No active profile set, falling back to 1 default profile: "default"
2024-07-09T19:09:52.566+05:30  INFO 4436 --- [Springboot_Basics] [main] o.s.b.w.embedded.tomcat.TomcatWebServer  : Tomcat initialized with port 8080 (http)
2024-07-09T19:09:52.582+05:30  INFO 4436 --- [Springboot_Basics] [main] o.apache.catalina.core.StandardService   : Starting service [Tomcat]
2024-07-09T19:09:52.583+05:30  INFO 4436 --- [Springboot_Basics] [main] o.apache.catalina.core.StandardEngine    : Starting Servlet engine: [Apache Tomcat/10.1.25]
2024-07-09T19:09:52.668+05:30  INFO 4436 --- [Springboot_Basics] [main] o.a.c.c.C.[Tomcat].[localhost].[/]       : Initializing Spring embedded WebApplicationContext
2024-07-09T19:09:52.670+05:30  INFO 4436 --- [Springboot_Basics] [main] w.s.c.ServletWebServerApplicationContext : Root WebApplicationContext: initialization completed in 1467 ms
2024-07-09T19:09:53.717+05:30  INFO 4436 --- [Springboot_Basics] [main] o.s.b.w.embedded.tomcat.TomcatWebServer  : Tomcat started on port 8080 (http) with context path '/'
2024-07-09T19:09:53.726+05:30  INFO 4436 --- [Springboot_Basics] [main] c.e.S.SpringbootBasicsApplication        : Started SpringbootBasicsApplication in 3.124 seconds (process running for 3.66)
2024-07-09T19:10:16.259+05:30  INFO 4436 --- [Springboot_Basics] [http-nio-8080-exec-2] o.a.c.c.C.[Tomcat].[localhost].[/]       : Initializing Spring DispatcherServlet 'dispatcherServlet'
2024-07-09T19:10:16.260+05:30  INFO 4436 --- [Springboot_Basics] [http-nio-8080-exec-2] o.s.web.servlet.DispatcherServlet        : Initializing Servlet 'dispatcherServlet'
2024-07-09T19:10:16.264+05:30  INFO 4436 --- [Springboot_Basics] [http-nio-8080-exec-2] o.s.web.servlet.DispatcherServlet        : Completed initialization in 2 ms
2024-07-09T19:10:16.633+05:30  INFO 4436 --- [Springboot_Basics] [http-nio-8080-exec-2] c.e.S.J.S.r.PersonRepositorySpringJdbc   : springJdbcConnection statement to create person invoked
2024-07-09T19:10:16.651+05:30  INFO 4436 --- [Springboot_Basics] [http-nio-8080-exec-2] com.zaxxer.hikari.HikariDataSource       : HikariPool-1 - Starting...
2024-07-09T19:10:16.767+05:30  INFO 4436 --- [Springboot_Basics] [http-nio-8080-exec-2] com.zaxxer.hikari.pool.HikariPool        : HikariPool-1 - Added connection com.mysql.cj.jdbc.ConnectionImpl@2d78cd77
2024-07-09T19:10:16.775+05:30  INFO 4436 --- [Springboot_Basics] [http-nio-8080-exec-2] com.zaxxer.hikari.HikariDataSource       : HikariPool-1 - Start completed.
2024-07-09T19:10:16.917+05:30 ERROR 4436 --- [Springboot_Basics] [http-nio-8080-exec-2] o.a.c.c.C.[.[.[/].[dispatcherServlet]    : Servlet.service() for servlet [dispatcherServlet] in context with path [] threw exception [Request processing failed: org.springframework.jdbc.UncategorizedSQLException: PreparedStatementCallback; uncategorized SQLException for SQL [insert into person (id, name) values (?, ?)]; SQL state [HY000]; error code [1366]; Incorrect integer value: 'kp' for column 'id' at row 1] with root cause

java.sql.SQLException: Incorrect integer value: 'kp' for column 'id' at row 1
	at com.mysql.cj.jdbc.exceptions.SQLError.createSQLException(SQLError.java:129) ~[mysql-connector-java-8.0.30.jar:8.0.30]
	at com.mysql.cj.jdbc.exceptions.SQLExceptionsMapping.translateException(SQLExceptionsMapping.java:122) ~[mysql-connector-java-8.0.30.jar:8.0.30]
	at com.mysql.cj.jdbc.ClientPreparedStatement.executeInternal(ClientPreparedStatement.java:916) ~[mysql-connector-java-8.0.30.jar:8.0.30]
	at com.mysql.cj.jdbc.ClientPreparedStatement.executeUpdateInternal(ClientPreparedStatement.java:1061) ~[mysql-connector-java-8.0.30.jar:8.0.30]
	at com.mysql.cj.jdbc.ClientPreparedStatement.executeUpdateInternal(ClientPreparedStatement.java:1009) ~[mysql-connector-java-8.0.30.jar:8.0.30]
	at com.mysql.cj.jdbc.ClientPreparedStatement.executeLargeUpdate(ClientPreparedStatement.java:1320) ~[mysql-connector-java-8.0.30.jar:8.0.30]
	at com.mysql.cj.jdbc.ClientPreparedStatement.executeUpdate(ClientPreparedStatement.java:994) ~[mysql-connector-java-8.0.30.jar:8.0.30]
	at com.zaxxer.hikari.pool.ProxyPreparedStatement.executeUpdate(ProxyPreparedStatement.java:61) ~[HikariCP-5.1.0.jar:na]
	at com.zaxxer.hikari.pool.HikariProxyPreparedStatement.executeUpdate(HikariProxyPreparedStatement.java) ~[HikariCP-5.1.0.jar:na]
	at org.springframework.jdbc.core.JdbcTemplate.lambda$update$2(JdbcTemplate.java:975) ~[spring-jdbc-6.1.10.jar:6.1.10]
	at org.springframework.jdbc.core.JdbcTemplate.execute(JdbcTemplate.java:658) ~[spring-jdbc-6.1.10.jar:6.1.10]
	at org.springframework.jdbc.core.JdbcTemplate.update(JdbcTemplate.java:970) ~[spring-jdbc-6.1.10.jar:6.1.10]
	at org.springframework.jdbc.core.JdbcTemplate.update(JdbcTemplate.java:991) ~[spring-jdbc-6.1.10.jar:6.1.10]
	at org.springframework.jdbc.core.namedparam.NamedParameterJdbcTemplate.update(NamedParameterJdbcTemplate.java:337) ~[spring-jdbc-6.1.10.jar:6.1.10]
	at com.example.Springboot_Basics.JdbcConnectivity.SpringJdbc.repository.PersonRepositorySpringJdbc.createPerson(PersonRepositorySpringJdbc.java:51) ~[classes/:na]
	at java.base/jdk.internal.reflect.DirectMethodHandleAccessor.invoke(DirectMethodHandleAccessor.java:104) ~[na:na]
	at java.base/java.lang.reflect.Method.invoke(Method.java:577) ~[na:na]
	at org.springframework.aop.support.AopUtils.invokeJoinpointUsingReflection(AopUtils.java:354) ~[spring-aop-6.1.10.jar:6.1.10]
	at org.springframework.aop.framework.ReflectiveMethodInvocation.invokeJoinpoint(ReflectiveMethodInvocation.java:196) ~[spring-aop-6.1.10.jar:6.1.10]
	at org.springframework.aop.framework.ReflectiveMethodInvocation.proceed(ReflectiveMethodInvocation.java:163) ~[spring-aop-6.1.10.jar:6.1.10]
	at org.springframework.aop.framework.CglibAopProxy$CglibMethodInvocation.proceed(CglibAopProxy.java:768) ~[spring-aop-6.1.10.jar:6.1.10]
	at org.springframework.dao.support.PersistenceExceptionTranslationInterceptor.invoke(PersistenceExceptionTranslationInterceptor.java:138) ~[spring-tx-6.1.10.jar:6.1.10]
	at org.springframework.aop.framework.ReflectiveMethodInvocation.proceed(ReflectiveMethodInvocation.java:184) ~[spring-aop-6.1.10.jar:6.1.10]
	at org.springframework.aop.framework.CglibAopProxy$CglibMethodInvocation.proceed(CglibAopProxy.java:768) ~[spring-aop-6.1.10.jar:6.1.10]
	at org.springframework.aop.framework.CglibAopProxy$DynamicAdvisedInterceptor.intercept(CglibAopProxy.java:720) ~[spring-aop-6.1.10.jar:6.1.10]
	at com.example.Springboot_Basics.JdbcConnectivity.SpringJdbc.repository.PersonRepositorySpringJdbc$$SpringCGLIB$$0.createPerson(<generated>) ~[classes/:na]
	at com.example.Springboot_Basics.JdbcConnectivity.SpringJdbc.controller.PersonControllerSpringJdbc.createPerson(PersonControllerSpringJdbc.java:36) ~[classes/:na]
	at java.base/jdk.internal.reflect.DirectMethodHandleAccessor.invoke(DirectMethodHandleAccessor.java:104) ~[na:na]
	at java.base/java.lang.reflect.Method.invoke(Method.java:577) ~[na:na]
	at org.springframework.web.method.support.InvocableHandlerMethod.doInvoke(InvocableHandlerMethod.java:255) ~[spring-web-6.1.10.jar:6.1.10]
	at org.springframework.web.method.support.InvocableHandlerMethod.invokeForRequest(InvocableHandlerMethod.java:188) ~[spring-web-6.1.10.jar:6.1.10]
	at org.springframework.web.servlet.mvc.method.annotation.ServletInvocableHandlerMethod.invokeAndHandle(ServletInvocableHandlerMethod.java:118) ~[spring-webmvc-6.1.10.jar:6.1.10]
	at org.springframework.web.servlet.mvc.method.annotation.RequestMappingHandlerAdapter.invokeHandlerMethod(RequestMappingHandlerAdapter.java:926) ~[spring-webmvc-6.1.10.jar:6.1.10]
	at org.springframework.web.servlet.mvc.method.annotation.RequestMappingHandlerAdapter.handleInternal(RequestMappingHandlerAdapter.java:831) ~[spring-webmvc-6.1.10.jar:6.1.10]
	at org.springframework.web.servlet.mvc.method.AbstractHandlerMethodAdapter.handle(AbstractHandlerMethodAdapter.java:87) ~[spring-webmvc-6.1.10.jar:6.1.10]
	at org.springframework.web.servlet.DispatcherServlet.doDispatch(DispatcherServlet.java:1089) ~[spring-webmvc-6.1.10.jar:6.1.10]
	at org.springframework.web.servlet.DispatcherServlet.doService(DispatcherServlet.java:979) ~[spring-webmvc-6.1.10.jar:6.1.10]
	at org.springframework.web.servlet.FrameworkServlet.processRequest(FrameworkServlet.java:1014) ~[spring-webmvc-6.1.10.jar:6.1.10]
	at org.springframework.web.servlet.FrameworkServlet.doPost(FrameworkServlet.java:914) ~[spring-webmvc-6.1.10.jar:6.1.10]
	at jakarta.servlet.http.HttpServlet.service(HttpServlet.java:590) ~[tomcat-embed-core-10.1.25.jar:6.0]
	at org.springframework.web.servlet.FrameworkServlet.service(FrameworkServlet.java:885) ~[spring-webmvc-6.1.10.jar:6.1.10]
	at jakarta.servlet.http.HttpServlet.service(HttpServlet.java:658) ~[tomcat-embed-core-10.1.25.jar:6.0]
	at org.apache.catalina.core.ApplicationFilterChain.internalDoFilter(ApplicationFilterChain.java:195) ~[tomcat-embed-core-10.1.25.jar:10.1.25]
	at org.apache.catalina.core.ApplicationFilterChain.doFilter(ApplicationFilterChain.java:140) ~[tomcat-embed-core-10.1.25.jar:10.1.25]
	at org.apache.tomcat.websocket.server.WsFilter.doFilter(WsFilter.java:51) ~[tomcat-embed-websocket-10.1.25.jar:10.1.25]
	at org.apache.catalina.core.ApplicationFilterChain.internalDoFilter(ApplicationFilterChain.java:164) ~[tomcat-embed-core-10.1.25.jar:10.1.25]
	at org.apache.catalina.core.ApplicationFilterChain.doFilter(ApplicationFilterChain.java:140) ~[tomcat-embed-core-10.1.25.jar:10.1.25]
	at org.springframework.web.filter.RequestContextFilter.doFilterInternal(RequestContextFilter.java:100) ~[spring-web-6.1.10.jar:6.1.10]
	at org.springframework.web.filter.OncePerRequestFilter.doFilter(OncePerRequestFilter.java:116) ~[spring-web-6.1.10.jar:6.1.10]
	at org.apache.catalina.core.ApplicationFilterChain.internalDoFilter(ApplicationFilterChain.java:164) ~[tomcat-embed-core-10.1.25.jar:10.1.25]
	at org.apache.catalina.core.ApplicationFilterChain.doFilter(ApplicationFilterChain.java:140) ~[tomcat-embed-core-10.1.25.jar:10.1.25]
	at org.springframework.web.filter.FormContentFilter.doFilterInternal(FormContentFilter.java:93) ~[spring-web-6.1.10.jar:6.1.10]
	at org.springframework.web.filter.OncePerRequestFilter.doFilter(OncePerRequestFilter.java:116) ~[spring-web-6.1.10.jar:6.1.10]
	at org.apache.catalina.core.ApplicationFilterChain.internalDoFilter(ApplicationFilterChain.java:164) ~[tomcat-embed-core-10.1.25.jar:10.1.25]
	at org.apache.catalina.core.ApplicationFilterChain.doFilter(ApplicationFilterChain.java:140) ~[tomcat-embed-core-10.1.25.jar:10.1.25]
	at org.springframework.web.filter.CharacterEncodingFilter.doFilterInternal(CharacterEncodingFilter.java:201) ~[spring-web-6.1.10.jar:6.1.10]
	at org.springframework.web.filter.OncePerRequestFilter.doFilter(OncePerRequestFilter.java:116) ~[spring-web-6.1.10.jar:6.1.10]
	at org.apache.catalina.core.ApplicationFilterChain.internalDoFilter(ApplicationFilterChain.java:164) ~[tomcat-embed-core-10.1.25.jar:10.1.25]
	at org.apache.catalina.core.ApplicationFilterChain.doFilter(ApplicationFilterChain.java:140) ~[tomcat-embed-core-10.1.25.jar:10.1.25]
	at org.apache.catalina.core.StandardWrapperValve.invoke(StandardWrapperValve.java:167) ~[tomcat-embed-core-10.1.25.jar:10.1.25]
	at org.apache.catalina.core.StandardContextValve.invoke(StandardContextValve.java:90) ~[tomcat-embed-core-10.1.25.jar:10.1.25]
	at org.apache.catalina.authenticator.AuthenticatorBase.invoke(AuthenticatorBase.java:482) ~[tomcat-embed-core-10.1.25.jar:10.1.25]
	at org.apache.catalina.core.StandardHostValve.invoke(StandardHostValve.java:115) ~[tomcat-embed-core-10.1.25.jar:10.1.25]
	at org.apache.catalina.valves.ErrorReportValve.invoke(ErrorReportValve.java:93) ~[tomcat-embed-core-10.1.25.jar:10.1.25]
	at org.apache.catalina.core.StandardEngineValve.invoke(StandardEngineValve.java:74) ~[tomcat-embed-core-10.1.25.jar:10.1.25]
	at org.apache.catalina.connector.CoyoteAdapter.service(CoyoteAdapter.java:344) ~[tomcat-embed-core-10.1.25.jar:10.1.25]
	at org.apache.coyote.http11.Http11Processor.service(Http11Processor.java:389) ~[tomcat-embed-core-10.1.25.jar:10.1.25]
	at org.apache.coyote.AbstractProcessorLight.process(AbstractProcessorLight.java:63) ~[tomcat-embed-core-10.1.25.jar:10.1.25]
	at org.apache.coyote.AbstractProtocol$ConnectionHandler.process(AbstractProtocol.java:904) ~[tomcat-embed-core-10.1.25.jar:10.1.25]
	at org.apache.tomcat.util.net.NioEndpoint$SocketProcessor.doRun(NioEndpoint.java:1741) ~[tomcat-embed-core-10.1.25.jar:10.1.25]
	at org.apache.tomcat.util.net.SocketProcessorBase.run(SocketProcessorBase.java:52) ~[tomcat-embed-core-10.1.25.jar:10.1.25]
	at org.apache.tomcat.util.threads.ThreadPoolExecutor.runWorker(ThreadPoolExecutor.java:1190) ~[tomcat-embed-core-10.1.25.jar:10.1.25]
	at org.apache.tomcat.util.threads.ThreadPoolExecutor$Worker.run(ThreadPoolExecutor.java:659) ~[tomcat-embed-core-10.1.25.jar:10.1.25]
	at org.apache.tomcat.util.threads.TaskThread$WrappingRunnable.run(TaskThread.java:63) ~[tomcat-embed-core-10.1.25.jar:10.1.25]
	at java.base/java.lang.Thread.run(Thread.java:833) ~[na:na]

2024-07-09T19:11:57.058+05:30  INFO 4436 --- [Springboot_Basics] [SpringApplicationShutdownHook] com.zaxxer.hikari.HikariDataSource       : HikariPool-1 - Shutdown initiated...
2024-07-09T19:11:57.067+05:30  INFO 4436 --- [Springboot_Basics] [SpringApplicationShutdownHook] com.zaxxer.hikari.HikariDataSource       : HikariPool-1 - Shutdown completed.
2024-07-09T19:12:05.660+05:30  INFO 280 --- [Springboot_Basics] [main] c.e.S.SpringbootBasicsApplication        : Starting SpringbootBasicsApplication using Java 18.0.1.1 with PID 280 (C:\Users\ACER\IdeaProjects\Springboot_Basics\target\classes started by ACER in C:\Users\ACER\IdeaProjects\Springboot_Basics)
2024-07-09T19:12:05.663+05:30  INFO 280 --- [Springboot_Basics] [main] c.e.S.SpringbootBasicsApplication        : No active profile set, falling back to 1 default profile: "default"
2024-07-09T19:12:06.957+05:30  INFO 280 --- [Springboot_Basics] [main] o.s.b.w.embedded.tomcat.TomcatWebServer  : Tomcat initialized with port 8080 (http)
2024-07-09T19:12:06.970+05:30  INFO 280 --- [Springboot_Basics] [main] o.apache.catalina.core.StandardService   : Starting service [Tomcat]
2024-07-09T19:12:06.971+05:30  INFO 280 --- [Springboot_Basics] [main] o.apache.catalina.core.StandardEngine    : Starting Servlet engine: [Apache Tomcat/10.1.25]
2024-07-09T19:12:07.035+05:30  INFO 280 --- [Springboot_Basics] [main] o.a.c.c.C.[Tomcat].[localhost].[/]       : Initializing Spring embedded WebApplicationContext
2024-07-09T19:12:07.035+05:30  INFO 280 --- [Springboot_Basics] [main] w.s.c.ServletWebServerApplicationContext : Root WebApplicationContext: initialization completed in 1316 ms
2024-07-09T19:12:08.040+05:30  INFO 280 --- [Springboot_Basics] [main] o.s.b.w.embedded.tomcat.TomcatWebServer  : Tomcat started on port 8080 (http) with context path '/'
2024-07-09T19:12:08.050+05:30  INFO 280 --- [Springboot_Basics] [main] c.e.S.SpringbootBasicsApplication        : Started SpringbootBasicsApplication in 2.884 seconds (process running for 3.276)
2024-07-09T19:12:45.391+05:30  INFO 280 --- [Springboot_Basics] [http-nio-8080-exec-1] o.a.c.c.C.[Tomcat].[localhost].[/]       : Initializing Spring DispatcherServlet 'dispatcherServlet'
2024-07-09T19:12:45.394+05:30  INFO 280 --- [Springboot_Basics] [http-nio-8080-exec-1] o.s.web.servlet.DispatcherServlet        : Initializing Servlet 'dispatcherServlet'
2024-07-09T19:12:45.399+05:30  INFO 280 --- [Springboot_Basics] [http-nio-8080-exec-1] o.s.web.servlet.DispatcherServlet        : Completed initialization in 4 ms
2024-07-09T19:12:45.752+05:30  INFO 280 --- [Springboot_Basics] [http-nio-8080-exec-1] c.e.S.J.S.r.PersonRepositorySpringJdbc   : springJdbcConnection statement to create person invoked
2024-07-09T19:12:45.768+05:30  INFO 280 --- [Springboot_Basics] [http-nio-8080-exec-1] com.zaxxer.hikari.HikariDataSource       : HikariPool-1 - Starting...
2024-07-09T19:12:45.874+05:30  INFO 280 --- [Springboot_Basics] [http-nio-8080-exec-1] com.zaxxer.hikari.pool.HikariPool        : HikariPool-1 - Added connection com.mysql.cj.jdbc.ConnectionImpl@2a8688b8
2024-07-09T19:12:45.879+05:30  INFO 280 --- [Springboot_Basics] [http-nio-8080-exec-1] com.zaxxer.hikari.HikariDataSource       : HikariPool-1 - Start completed.
2024-07-09T19:12:55.656+05:30  INFO 280 --- [Springboot_Basics] [http-nio-8080-exec-4] c.e.S.J.S.r.PersonRepositorySpringJdbc   : springJdbcConnection Result Set for get person invoked
2024-07-09T19:15:57.492+05:30  INFO 280 --- [Springboot_Basics] [SpringApplicationShutdownHook] com.zaxxer.hikari.HikariDataSource       : HikariPool-1 - Shutdown initiated...
2024-07-09T19:15:57.500+05:30  INFO 280 --- [Springboot_Basics] [SpringApplicationShutdownHook] com.zaxxer.hikari.HikariDataSource       : HikariPool-1 - Shutdown completed.
